 HID

 Timestamp is 5d08d405 (Tue Jun 18 08:07:33 2019)

 Preferred load address is 0000000180000000

 Start         Length     Name                   Class
 0001:00000000 0000020bH .text                   CODE
 0001:00000210 00016070H .text$mn                CODE
 0001:00016280 00000012H .text$mn$00             CODE
 0001:000162a0 0000043aH .text$x                 CODE
 0002:00000000 00000298H .idata$5                DATA
 0002:00000298 00000010H .00cfg                  DATA
 0002:000002a8 00000008H .CRT$XCA                DATA
 0002:000002b0 00000008H .CRT$XCU                DATA
 0002:000002b8 00000008H .CRT$XCZ                DATA
 0002:000002c0 00000008H .CRT$XIA                DATA
 0002:000002c8 00000018H .CRT$XIC                DATA
 0002:000002e0 00000008H .CRT$XIZ                DATA
 0002:000002e8 00000008H .CRT$XPA                DATA
 0002:000002f0 00000010H .CRT$XPX                DATA
 0002:00000300 00000008H .CRT$XPXA               DATA
 0002:00000308 00000008H .CRT$XPZ                DATA
 0002:00000310 00000008H .CRT$XTA                DATA
 0002:00000318 00000008H .CRT$XTZ                DATA
 0002:00000320 00000000H .gfids$x                DATA
 0002:00000320 000088e4H .rdata                  DATA
 0002:00008c08 00000404H .rdata$r                DATA
 0002:00009010 00000010H .rdata$zETW0            DATA
 0002:00009020 00000077H .rdata$zETW1            DATA
 0002:00009097 0000002cH .rdata$zETW2            DATA
 0002:000090c3 00000001H .rdata$zETW9            DATA
 0002:000090c4 00000428H .rdata$zzzdbg           DATA
 0002:000094f0 00000008H .rtc$IAA                DATA
 0002:000094f8 00000008H .rtc$IZZ                DATA
 0002:00009500 00000008H .rtc$TAA                DATA
 0002:00009508 00000008H .rtc$TZZ                DATA
 0002:00009510 000013f0H .xdata                  DATA
 0002:0000a900 0000029cH .xdata$x                DATA
 0002:0000ab9c 00000020H .didat$2                DATA
 0002:0000abbc 00000020H .didat$3                DATA
 0002:0000abe0 000001d0H .didat$4                DATA
 0002:0000adb0 00000e78H .didat$6                DATA
 0002:0000bc28 000001d0H .didat$7                DATA
 0002:0000be00 0000004aH .edata                  DATA
 0002:0000be4c 0000003cH .idata$2                DATA
 0002:0000be88 00000014H .idata$3                DATA
 0002:0000bea0 00000298H .idata$4                DATA
 0002:0000c138 00000604H .idata$6                DATA
 0002:0000c73c 0000002cH .idata$7                DATA
 0003:00000000 000009d0H .data                   DATA
 0003:000009d0 00000168H .data$r                 DATA
 0003:00000b38 000001d0H .didat$5                DATA
 0003:00000d10 00001100H .bss                    DATA
 0004:00000000 000016a4H .pdata                  DATA
 0005:00000000 00000058H .rsrc$01                DATA
 0005:00000060 00000180H .rsrc$02                DATA

  Address         Publics by Value              Rva+Base               Lib:Object

 0000:00000000       __guard_fids_count         0000000000000000     <absolute>
 0000:00000000       ___safe_se_handler_count   0000000000000000     <absolute>
 0000:00000000       ___safe_se_handler_table   0000000000000000     <absolute>
 0000:00000000       __guard_fids_table         0000000000000000     <absolute>
 0000:00000100       __guard_flags              0000000000000100     <absolute>
 0000:00000000       __ImageBase                0000000180000000     <linker-defined>
 0001:00000000       yk_read_response_from_key  0000000180001000     libykpers-1.dll:d000020.o
 0001:00000008       yk_init                    0000000180001008     libykpers-1.dll:d000014.o
 0001:00000010       yk_release                 0000000180001010     libykpers-1.dll:d000021.o
 0001:00000018       yk_open_key_vid_pid        0000000180001018     libykpers-1.dll:d000017.o
 0001:00000020       yk_write_to_key            0000000180001020     libykpers-1.dll:d000032.o
 0001:00000028       yk_close_key               0000000180001028     libykpers-1.dll:d000006.o
 0001:00000030       ?TraceLoggingRegister@__vcrt_trace_logging_provider@@YAJPEBU_TlgProvider_t@1@PEBU_GUID@@P6AX1KE_K2PEAU_EVENT_FILTER_DESCRIPTOR@@PEAX@Z4@Z 0000000180001030 f i libvcruntime:telemetry.obj
 0001:000000ac       ?_TlgEnableCallback@__vcrt_trace_logging_provider@@YAXPEBU_GUID@@KE_K1PEAU_EVENT_FILTER_DESCRIPTOR@@PEAX@Z 00000001800010ac f i libvcruntime:telemetry.obj
 0001:00000170       ?_TlgWrite@__vcrt_trace_logging_provider@@YAJPEBU_TlgProvider_t@1@PEFBXPEBU_GUID@@2IPEAU_EVENT_DATA_DESCRIPTOR@@@Z 0000000180001170 f i libvcruntime:telemetry.obj
 0001:000002c0       ?New@?$Factory@VFunctionTemplate@v8@@@imp@Nan@@SA?AV?$Local@VFunctionTemplate@v8@@@v8@@P6AXAEBV?$FunctionCallbackInfo@VValue@v8@@@3@@ZV?$Local@VValue@v8@@@5@V?$Local@VSignature@v8@@@5@@Z 00000001800012c0 f i HID.obj
 0001:000004b0       ?ThrowError@Nan@@YAXPEBD@Z 00000001800014b0 f i HID.obj
 0001:00000540       ??0Utf8String@Nan@@QEAA@V?$Local@VValue@v8@@@v8@@@Z 0000000180001540 f i HID.obj
 0001:00000650       ?SetPrototypeMethod@Nan@@YAXV?$Local@VFunctionTemplate@v8@@@v8@@PEBDP6AXAEBV?$FunctionCallbackInfo@VValue@v8@@@1@@Z@Z 0000000180001650 f i HID.obj
 0001:00000740       ?Ref@ObjectWrap@Nan@@MEAAXXZ 0000000180001740 f i HID.obj
 0001:00000780       ?Unref@ObjectWrap@Nan@@MEAAXXZ 0000000180001780 f i HID.obj
 0001:00000830       ?WeakCallback@ObjectWrap@Nan@@CAXAEBV?$WeakCallbackInfo@VObjectWrap@Nan@@@v8@@@Z 0000000180001830 f i HID.obj
 0001:00000890       ??_GObjectWrap@Nan@@UEAAPEAXI@Z 0000000180001890 f i HID.obj
 0001:00000890       ??_EObjectWrap@Nan@@UEAAPEAXI@Z 0000000180001890 f i * CIL library *:* CIL module *
 0001:000008f0       ??1JSException@@UEAA@XZ    00000001800018f0 f i HID.obj
 0001:00000910       ?message@JSException@@UEBA?BV?$basic_string@DU?$char_traits@D@std@@V?$allocator@D@2@@std@@XZ 0000000180001910 f i HID.obj
 0001:00000950       ?asV8Exception@JSException@@UEBAXXZ 0000000180001950 f i HID.obj
 0001:00000a40       ??_GJSException@@UEAAPEAXI@Z 0000000180001a40 f i HID.obj
 0001:00000a40       ??_EJSException@@UEAAPEAXI@Z 0000000180001a40 f i * CIL library *:* CIL module *
 0001:00000a90       ??_GHID@@EEAAPEAXI@Z       0000000180001a90 f i HID.obj
 0001:00000a90       ??_EHID@@EEAAPEAXI@Z       0000000180001a90 f i * CIL library *:* CIL module *
 0001:00000b00       ??0HID@@AEAA@XZ            0000000180001b00 f   HID.obj
 0001:00000c90       ??0JSException@@QEAA@AEBV0@@Z 0000000180001c90 f i HID.obj
 0001:00000ce0       ?close@HID@@QEAAXXZ        0000000180001ce0 f   HID.obj
 0001:00000e20       ?recvAsync@HID@@CAXPEAUuv_work_s@@@Z 0000000180001e20 f   HID.obj
 0001:00001110       ?readResultsToJSCallbackArguments@HID@@AEAAXPEAUReceiveIOCB@1@QEAV?$Local@VValue@v8@@@v8@@@Z 0000000180002110 f   HID.obj
 0001:00001320       ?recvAsyncDone@HID@@CAXPEAUuv_work_s@@@Z 0000000180002320 f   HID.obj
 0001:00001550       ?read@HID@@CAXAEBV?$FunctionCallbackInfo@VValue@v8@@@Nan@@@Z 0000000180002550 f   HID.obj
 0001:00001790       ?New@HID@@CAXAEBV?$FunctionCallbackInfo@VValue@v8@@@Nan@@@Z 0000000180002790 f   HID.obj
 0001:00001a10       ?close@HID@@CAXAEBV?$FunctionCallbackInfo@VValue@v8@@@Nan@@@Z 0000000180002a10 f   HID.obj
 0001:00001a70       ?write@HID@@CAXAEBV?$FunctionCallbackInfo@VValue@v8@@@Nan@@@Z 0000000180002a70 f   HID.obj
 0001:00002270       _guard_check_icall_nop     0000000180003270 f   LIBCMT:guard_support.obj
 0001:00002270       __except_validate_context_record 0000000180003270 f   libvcruntime:jbcxrval.obj
 0001:00002280       ?Initialize@HID@@SAXV?$Local@VObject@v8@@@v8@@@Z 0000000180003280 f   HID.obj
 0001:00002560       ??1?$basic_string@DU?$char_traits@D@std@@V?$allocator@D@2@@std@@QEAA@XZ 0000000180003560 f i HID.obj
 0001:000025f0       ?_Tidy@?$vector@EV?$allocator@E@std@@@std@@IEAAXXZ 00000001800035f0 f i HID.obj
 0001:00002670       ?assign@?$basic_string@DU?$char_traits@D@std@@V?$allocator@D@2@@std@@QEAAAEAV12@PEBD_K@Z 0000000180003670 f i HID.obj
 0001:000027b0       ?assign@?$basic_string@DU?$char_traits@D@std@@V?$allocator@D@2@@std@@QEAAAEAV12@AEBV12@_K1@Z 00000001800037b0 f i HID.obj
 0001:000028a0       ?deallocate@?$_Wrap_alloc@V?$allocator@E@std@@@std@@QEAAXPEAE_K@Z 00000001800038a0 f i HID.obj
 0001:00002900       ?_Reallocate@?$vector@EV?$allocator@E@std@@@std@@IEAAX_K@Z 0000000180003900 f i HID.obj
 0001:00002a40       ?_Grow@?$basic_string@DU?$char_traits@D@std@@V?$allocator@D@2@@std@@QEAA_N_K_N@Z 0000000180003a40 f i HID.obj
 0001:00002ab0       ?erase@?$basic_string@DU?$char_traits@D@std@@V?$allocator@D@2@@std@@QEAAAEAV12@_K0@Z 0000000180003ab0 f i HID.obj
 0001:00002b60       ?allocate@?$_Wrap_alloc@V?$allocator@E@std@@@std@@QEAAPEAE_K@Z 0000000180003b60 f i HID.obj
 0001:00002bd0       ?_Copy@?$basic_string@DU?$char_traits@D@std@@V?$allocator@D@2@@std@@QEAAX_K0@Z 0000000180003bd0 f i HID.obj
 0001:00002d60       ??$Unwrap@VHID@@@ObjectWrap@Nan@@SAPEAVHID@@V?$Local@VObject@v8@@@v8@@@Z 0000000180003d60 f i HID.obj
 0001:00002e2c       __imp_load_uv_queue_work   0000000180003e2c f   node:node.exe
 0001:00002e38       __tailMerge_node_exe       0000000180003e38 f i node:node.exe
 0001:00002eb1       __imp_load_?Global@Context@v8@@QEAA?AV?$Local@VObject@v8@@@2@XZ 0000000180003eb1 f   node:node.exe
 0001:00002ebd       __imp_load_?Value@External@v8@@QEBAPEAXXZ 0000000180003ebd f   node:node.exe
 0001:00002ec9       __imp_load_?New@External@v8@@SA?AV?$Local@VExternal@v8@@@2@PEAVIsolate@2@PEAX@Z 0000000180003ec9 f   node:node.exe
 0001:00002ed5       __imp_load_?New@Integer@v8@@SA?AV?$Local@VInteger@v8@@@2@PEAVIsolate@2@H@Z 0000000180003ed5 f   node:node.exe
 0001:00002ee1       __imp_load_?New@Signature@v8@@SA?AV?$Local@VSignature@v8@@@2@PEAVIsolate@2@V?$Local@VFunctionTemplate@v8@@@2@@Z 0000000180003ee1 f   node:node.exe
 0001:00002eed       __imp_load_?ThrowException@Isolate@v8@@QEAA?AV?$Local@VValue@v8@@@2@V32@@Z 0000000180003eed f   node:node.exe
 0001:00002ef9       __imp_load_?GetCurrentContext@Isolate@v8@@QEAA?AV?$Local@VContext@v8@@@2@XZ 0000000180003ef9 f   node:node.exe
 0001:00002f05       __imp_load_?GetCurrent@Isolate@v8@@SAPEAV12@XZ 0000000180003f05 f   node:node.exe
 0001:00002f11       __imp_load_?CreateHandle@HandleScope@v8@@KAPEAPEAVObject@internal@2@PEAVIsolate@42@PEAV342@@Z 0000000180003f11 f   node:node.exe
 0001:00002f1d       __imp_load_?CreateHandle@HandleScope@v8@@CAPEAPEAVObject@internal@2@PEAVHeapObject@42@PEAV342@@Z 0000000180003f1d f   node:node.exe
 0001:00002f29       __imp_load_??1HandleScope@v8@@QEAA@XZ 0000000180003f29 f   node:node.exe
 0001:00002f35       __imp_load_??0HandleScope@v8@@QEAA@PEAVIsolate@1@@Z 0000000180003f35 f   node:node.exe
 0001:00002f41       __imp_load_?Set@Template@v8@@QEAAXV?$Local@VName@v8@@@2@V?$Local@VData@v8@@@2@W4PropertyAttribute@2@@Z 0000000180003f41 f   node:node.exe
 0001:00002f4d       __imp_load_?Error@Exception@v8@@SA?AV?$Local@VValue@v8@@@2@V?$Local@VString@v8@@@2@@Z 0000000180003f4d f   node:node.exe
 0001:00002f59       __imp_load_?Length@Array@v8@@QEBAIXZ 0000000180003f59 f   node:node.exe
 0001:00002f65       __imp_load_?SetClassName@FunctionTemplate@v8@@QEAAXV?$Local@VString@v8@@@2@@Z 0000000180003f65 f   node:node.exe
 0001:00002f71       __imp_load_?PrototypeTemplate@FunctionTemplate@v8@@QEAA?AV?$Local@VObjectTemplate@v8@@@2@XZ 0000000180003f71 f   node:node.exe
 0001:00002f7d       __imp_load_?InstanceTemplate@FunctionTemplate@v8@@QEAA?AV?$Local@VObjectTemplate@v8@@@2@XZ 0000000180003f7d f   node:node.exe
 0001:00002f89       __imp_load_?GetFunction@FunctionTemplate@v8@@QEAA?AV?$MaybeLocal@VFunction@v8@@@2@V?$Local@VContext@v8@@@2@@Z 0000000180003f89 f   node:node.exe
 0001:00002f95       __imp_load_?New@FunctionTemplate@v8@@SA?AV?$Local@VFunctionTemplate@v8@@@2@PEAVIsolate@2@P6AXAEBV?$FunctionCallbackInfo@VValue@v8@@@2@@ZV?$Local@VValue@v8@@@2@V?$Local@VSignature@v8@@@2@H@Z 0000000180003f95 f   node:node.exe
 0001:00002fa1       __imp_load_?ToLocalEmpty@V8@v8@@CAXXZ 0000000180003fa1 f   node:node.exe
 0001:00002fad       __imp_load_?ClearWeak@V8@v8@@CAPEAXPEAPEAVObject@internal@2@@Z 0000000180003fad f   node:node.exe
 0001:00002fb9       __imp_load_?MakeWeak@V8@v8@@CAXPEAPEAVObject@internal@2@PEAXP6AXAEBV?$WeakCallbackInfo@X@2@@ZW4WeakCallbackType@2@@Z 0000000180003fb9 f   node:node.exe
 0001:00002fc5       __imp_load_?DisposeGlobal@V8@v8@@CAXPEAPEAVObject@internal@2@@Z 0000000180003fc5 f   node:node.exe
 0001:00002fd1       __imp_load_?GlobalizeReference@V8@v8@@CAPEAPEAVObject@internal@2@PEAVIsolate@42@PEAPEAV342@@Z 0000000180003fd1 f   node:node.exe
 0001:00002fdd       __imp_load_?Uint32Value@Value@v8@@QEBA?AV?$Maybe@I@2@V?$Local@VContext@v8@@@2@@Z 0000000180003fdd f   node:node.exe
 0001:00002fe9       __imp_load_?ToInteger@Value@v8@@QEBA?AV?$MaybeLocal@VInteger@v8@@@2@V?$Local@VContext@v8@@@2@@Z 0000000180003fe9 f   node:node.exe
 0001:00002ff5       __imp_load_?IsNumber@Value@v8@@QEBA_NXZ 0000000180003ff5 f   node:node.exe
 0001:00003001       __imp_load_?IsFunction@Value@v8@@QEBA_NXZ 0000000180004001 f   node:node.exe
 0001:0000300d       __imp_load_?HasCaught@TryCatch@v8@@QEBA_NXZ 000000018000400d f   node:node.exe
 0001:00003019       __imp_load_??1TryCatch@v8@@QEAA@XZ 0000000180004019 f   node:node.exe
 0001:00003025       __imp_load_??0TryCatch@v8@@QEAA@PEAVIsolate@1@@Z 0000000180004025 f   node:node.exe
 0001:00003031       __imp_load_?Escape@EscapableHandleScope@v8@@AEAAPEAPEAVObject@internal@2@PEAPEAV342@@Z 0000000180004031 f   node:node.exe
 0001:0000303d       __imp_load_??0EscapableHandleScope@v8@@QEAA@PEAVIsolate@1@@Z 000000018000403d f   node:node.exe
 0001:00003049       __imp_load_?NewFromUtf8@String@v8@@SA?AV?$MaybeLocal@VString@v8@@@2@PEAVIsolate@2@PEBDW4NewStringType@2@H@Z 0000000180004049 f   node:node.exe
 0001:00003055       __imp_load_?WriteUtf8@String@v8@@QEBAHPEADHPEAHH@Z 0000000180004055 f   node:node.exe
 0001:00003061       __imp_load_?Length@String@v8@@QEBAHXZ 0000000180004061 f   node:node.exe
 0001:0000306d       __imp_load_?SlowGetAlignedPointerFromInternalField@Object@v8@@AEAAPEAXH@Z 000000018000406d f   node:node.exe
 0001:00003079       __imp_load_?SlowGetInternalField@Object@v8@@AEAA?AV?$Local@VValue@v8@@@2@H@Z 0000000180004079 f   node:node.exe
 0001:00003085       __imp_load_?New@Object@v8@@SA?AV?$Local@VObject@v8@@@2@PEAVIsolate@2@@Z 0000000180004085 f   node:node.exe
 0001:00003091       __imp_load_?SetAlignedPointerInInternalField@Object@v8@@QEAAXHPEAX@Z 0000000180004091 f   node:node.exe
 0001:0000309d       __imp_load_?SetInternalField@Object@v8@@QEAAXHV?$Local@VValue@v8@@@2@@Z 000000018000409d f   node:node.exe
 0001:000030a9       __imp_load_?InternalFieldCount@Object@v8@@QEAAHXZ 00000001800040a9 f   node:node.exe
 0001:000030b5       __imp_load_?Get@Object@v8@@QEAA?AV?$MaybeLocal@VValue@v8@@@2@V?$Local@VContext@v8@@@2@I@Z 00000001800040b5 f   node:node.exe
 0001:000030c1       __imp_load_?Set@Object@v8@@QEAA?AV?$Maybe@_N@2@V?$Local@VContext@v8@@@2@V?$Local@VValue@v8@@@2@1@Z 00000001800040c1 f   node:node.exe
 0001:000030cd       __imp_load_?SetInternalFieldCount@ObjectTemplate@v8@@QEAAXH@Z 00000001800040cd f   node:node.exe
 0001:000030d9       __imp_load_?NewInstance@ObjectTemplate@v8@@QEAA?AV?$MaybeLocal@VObject@v8@@@2@V?$Local@VContext@v8@@@2@@Z 00000001800040d9 f   node:node.exe
 0001:000030e5       __imp_load_?New@ObjectTemplate@v8@@SA?AV?$Local@VObjectTemplate@v8@@@2@PEAVIsolate@2@V?$Local@VFunctionTemplate@v8@@@2@@Z 00000001800040e5 f   node:node.exe
 0001:000030f1       __imp_load_?AtExit@node@@YAXP6AXPEAX@Z0@Z 00000001800040f1 f   node:node.exe
 0001:000030fd       __imp_load_?FatalException@node@@YAXPEAVIsolate@v8@@AEBVTryCatch@3@@Z 00000001800040fd f   node:node.exe
 0001:00003109       __imp_load_node_module_register 0000000180004109 f   node:node.exe
 0001:00003115       __imp_load_?New@Buffer@node@@YA?AV?$MaybeLocal@VObject@v8@@@v8@@PEAVIsolate@4@_K@Z 0000000180004115 f   node:node.exe
 0001:00003121       __imp_load_?Data@Buffer@node@@YAPEADV?$Local@VObject@v8@@@v8@@@Z 0000000180004121 f   node:node.exe
 0001:0000312d       __imp_load_?MakeCallback@node@@YA?AV?$Local@VValue@v8@@@v8@@PEAVIsolate@3@V?$Local@VObject@v8@@@3@V?$Local@VFunction@v8@@@3@HPEAV23@@Z 000000018000412d f   node:node.exe
 0001:00003139       __imp_load_uv_default_loop 0000000180004139 f   node:node.exe
 0001:00003145       __imp_load_?ToString@Value@v8@@QEBA?AV?$Local@VString@v8@@@2@XZ 0000000180004145 f   node:node.exe
 0001:00003154       ??0bad_alloc@std@@QEAA@AEBV01@@Z 0000000180004154 f i libcpmt:xthrow.obj
 0001:00003194       ??0bad_alloc@std@@QEAA@XZ  0000000180004194 f i libcpmt:xthrow.obj
 0001:000031b4       ??0exception@std@@QEAA@AEBV01@@Z 00000001800041b4 f i libcpmt:xthrow.obj
 0001:000031ec       ??0length_error@std@@QEAA@AEBV01@@Z 00000001800041ec f i libcpmt:xthrow.obj
 0001:0000322c       ??0length_error@std@@QEAA@PEBD@Z 000000018000422c f i libcpmt:xthrow.obj
 0001:00003278       ??0logic_error@std@@QEAA@AEBV01@@Z 0000000180004278 f i libcpmt:xthrow.obj
 0001:000032b8       ??0out_of_range@std@@QEAA@AEBV01@@Z 00000001800042b8 f i libcpmt:xthrow.obj
 0001:000032f8       ??0out_of_range@std@@QEAA@PEBD@Z 00000001800042f8 f i libcpmt:xthrow.obj
 0001:00003344       ??_Elength_error@std@@UEAAPEAXI@Z 0000000180004344 f i libcpmt:xthrow.obj
 0001:00003344       ??_Ebad_exception@std@@UEAAPEAXI@Z 0000000180004344 f i libvcruntime:frame.obj
 0001:00003344       ??_Gout_of_range@std@@UEAAPEAXI@Z 0000000180004344 f i libcpmt:xthrow.obj
 0001:00003344       ??_Glength_error@std@@UEAAPEAXI@Z 0000000180004344 f i libcpmt:xthrow.obj
 0001:00003344       ??_Ebad_array_new_length@std@@UEAAPEAXI@Z 0000000180004344 f i LIBCMT:throw_bad_alloc.obj
 0001:00003344       ??_Gbad_alloc@std@@UEAAPEAXI@Z 0000000180004344 f i libcpmt:xthrow.obj
 0001:00003344       ??_Glogic_error@std@@UEAAPEAXI@Z 0000000180004344 f i libcpmt:xthrow.obj
 0001:00003344       ??_Gbad_exception@std@@UEAAPEAXI@Z 0000000180004344 f i libvcruntime:frame.obj
 0001:00003344       ??_Gexception@std@@UEAAPEAXI@Z 0000000180004344 f i libcpmt:xthrow.obj
 0001:00003344       ??_Eexception@std@@UEAAPEAXI@Z 0000000180004344 f i libcpmt:xthrow.obj
 0001:00003344       ??_Gbad_array_new_length@std@@UEAAPEAXI@Z 0000000180004344 f i LIBCMT:throw_bad_alloc.obj
 0001:00003344       ??_Elogic_error@std@@UEAAPEAXI@Z 0000000180004344 f i libcpmt:xthrow.obj
 0001:00003344       ??_Eout_of_range@std@@UEAAPEAXI@Z 0000000180004344 f i libcpmt:xthrow.obj
 0001:00003344       ??_Ebad_alloc@std@@UEAAPEAXI@Z 0000000180004344 f i libcpmt:xthrow.obj
 0001:00003388       ?_Xbad_alloc@std@@YAXXZ    0000000180004388 f   libcpmt:xthrow.obj
 0001:00003388       ?__scrt_throw_std_bad_alloc@@YAXXZ 0000000180004388 f   LIBCMT:throw_bad_alloc.obj
 0001:000033a8       ?_Xlength_error@std@@YAXPEBD@Z 00000001800043a8 f   libcpmt:xthrow.obj
 0001:000033cc       ?_Xout_of_range@std@@YAXPEBD@Z 00000001800043cc f   libcpmt:xthrow.obj
 0001:000033f0       ?what@exception@std@@UEBAPEBDXZ 00000001800043f0 f i libcpmt:xthrow.obj
 0001:00003420       __security_check_cookie    0000000180004420 f   LIBCMT:_amdsecgs_.obj
 0001:00003444       ??2@YAPEAX_K@Z             0000000180004444 f   LIBCMT:new_scalar.obj
 0001:00003480       ??3@YAXPEAX@Z              0000000180004480 f   LIBCMT:delete_scalar.obj
 0001:00003488       ??_V@YAXPEAX@Z             0000000180004488 f   LIBCMT:delete_array.obj
 0001:00003488       ??3@YAXPEAX_K@Z            0000000180004488 f   LIBCMT:delete_scalar_size.obj
 0001:00003490       ??_U@YAPEAX_K@Z            0000000180004490 f   LIBCMT:new_array.obj
 0001:00003498       ??_Gtype_info@@UEAAPEAXI@Z 0000000180004498 f i LIBCMT:std_type_info_static.obj
 0001:00003498       ??_Etype_info@@UEAAPEAXI@Z 0000000180004498 f i LIBCMT:std_type_info_static.obj
 0001:00003820       _DllMainCRTStartup         0000000180004820 f   LIBCMT:dll_dllmain.obj
 0001:00003860       __raise_securityfailure    0000000180004860 f   LIBCMT:gs_report.obj
 0001:00003894       __report_gsfailure         0000000180004894 f   LIBCMT:gs_report.obj
 0001:000039dc       ??0bad_array_new_length@std@@QEAA@AEBV01@@Z 00000001800049dc f i LIBCMT:throw_bad_alloc.obj
 0001:00003a1c       ??0bad_array_new_length@std@@QEAA@XZ 0000000180004a1c f i LIBCMT:throw_bad_alloc.obj
 0001:00003a3c       ?__scrt_throw_std_bad_array_new_length@@YAXXZ 0000000180004a3c f   LIBCMT:throw_bad_alloc.obj
 0001:00003a5c       __scrt_acquire_startup_lock 0000000180004a5c f   LIBCMT:utility.obj
 0001:00003a98       __scrt_dllmain_after_initialize_c 0000000180004a98 f   LIBCMT:utility.obj
 0001:00003ab8       __scrt_dllmain_before_initialize_c 0000000180004ab8 f   LIBCMT:utility.obj
 0001:00003ad0       __scrt_dllmain_crt_thread_attach 0000000180004ad0 f   LIBCMT:utility.obj
 0001:00003af8       __scrt_dllmain_crt_thread_detach 0000000180004af8 f   LIBCMT:utility.obj
 0001:00003b10       __scrt_dllmain_exception_filter 0000000180004b10 f   LIBCMT:utility.obj
 0001:00003b74       __scrt_dllmain_uninitialize_c 0000000180004b74 f   LIBCMT:utility.obj
 0001:00003ba4       __scrt_dllmain_uninitialize_critical 0000000180004ba4 f   LIBCMT:utility.obj
 0001:00003bb8       __scrt_initialize_crt      0000000180004bb8 f   LIBCMT:utility.obj
 0001:00003c04       __scrt_initialize_onexit_tables 0000000180004c04 f   LIBCMT:utility.obj
 0001:00003cd0       __scrt_is_nonwritable_in_current_image 0000000180004cd0 f   LIBCMT:utility.obj
 0001:00003d6c       __scrt_release_startup_lock 0000000180004d6c f   LIBCMT:utility.obj
 0001:00003d90       __scrt_uninitialize_crt    0000000180004d90 f   LIBCMT:utility.obj
 0001:00003dbc       _onexit                    0000000180004dbc f   LIBCMT:utility.obj
 0001:00003e0c       atexit                     0000000180004e0c f   LIBCMT:utility.obj
 0001:00003e24       __security_init_cookie     0000000180004e24 f   LIBCMT:gs_support.obj
 0001:00003ed0       DllMain                    0000000180004ed0 f   LIBCMT:dll_dllmain_stub.obj
 0001:00003ed8       ?__scrt_initialize_type_info@@YAXXZ 0000000180004ed8 f   LIBCMT:tncleanup.obj
 0001:00003ee8       ?__scrt_uninitialize_type_info@@YAXXZ 0000000180004ee8 f   LIBCMT:tncleanup.obj
 0001:00003ef4       __local_stdio_printf_options 0000000180004ef4 f i LIBCMT:default_local_stdio_options.obj
 0001:00003efc       __local_stdio_scanf_options 0000000180004efc f i LIBCMT:default_local_stdio_options.obj
 0001:00003f04       __scrt_initialize_default_local_stdio_options 0000000180004f04 f   LIBCMT:default_local_stdio_options.obj
 0001:00003f20       __scrt_get_dyn_tls_init_callback 0000000180004f20 f   LIBCMT:dyn_tls_init.obj
 0001:00003f28       __crt_debugger_hook        0000000180004f28 f   LIBCMT:utility_desktop.obj
 0001:00003f30       __scrt_fastfail            0000000180004f30 f   LIBCMT:utility_desktop.obj
 0001:00004078       _RTC_Initialize            0000000180005078 f   LIBCMT:_initsect_.obj
 0001:000040c4       _RTC_Terminate             00000001800050c4 f   LIBCMT:_initsect_.obj
 0001:00004110       _guard_check_icall         0000000180005110 f i LIBCMT:checkcfg.obj
 0001:00004118       __isa_available_init       0000000180005118 f   LIBCMT:_cpu_disp_.obj
 0001:000042dc       __scrt_is_ucrt_dll_in_use  00000001800052dc f   LIBCMT:ucrt_detection.obj
 0001:00004300       memcpy                     0000000180005300 f   libvcruntime:memcpy.obj
 0001:00004300       memmove                    0000000180005300 f   libvcruntime:memcpy.obj
 0001:00004738       __std_exception_copy       0000000180005738 f   libvcruntime:std_exception.obj
 0001:000047c8       __std_exception_destroy    00000001800057c8 f   libvcruntime:std_exception.obj
 0001:000047f0       _CxxThrowException         00000001800057f0 f   libvcruntime:throw.obj
 0001:000048cc       __telemetry_main_invoke_trigger 00000001800058cc f   libvcruntime:telemetry.obj
 0001:000049e4       __telemetry_main_return_trigger 00000001800059e4 f   libvcruntime:telemetry.obj
 0001:00004afc       __vcrt_initialize_telemetry_provider 0000000180005afc f   libvcruntime:telemetry.obj
 0001:00004b10       __vcrt_uninitialize_telemetry_provider 0000000180005b10 f   libvcruntime:telemetry.obj
 0001:00004b30       __C_specific_handler       0000000180005b30 f   libvcruntime:_chandler_.obj
 0001:00004d20       __vcrt_initialize          0000000180005d20 f   libvcruntime:initialization.obj
 0001:00004d58       __vcrt_thread_attach       0000000180005d58 f   libvcruntime:initialization.obj
 0001:00004d6c       __vcrt_thread_detach       0000000180005d6c f   libvcruntime:initialization.obj
 0001:00004d80       __vcrt_uninitialize        0000000180005d80 f   libvcruntime:initialization.obj
 0001:00004dac       __vcrt_uninitialize_critical 0000000180005dac f   libvcruntime:initialization.obj
 0001:00004dbc       __std_type_info_compare    0000000180005dbc f   libvcruntime:std_type_info.obj
 0001:00004de4       __std_type_info_destroy_list 0000000180005de4 f   libvcruntime:std_type_info.obj
 0001:00004e20       memset                     0000000180005e20 f   libvcruntime:memset.obj
 0001:00005188       __vcrt_EventRegister       0000000180006188 f   libvcruntime:winapi_downlevel.obj
 0001:0000520c       __vcrt_EventSetInformation 000000018000620c f   libvcruntime:winapi_downlevel.obj
 0001:00005290       __vcrt_EventUnregister     0000000180006290 f   libvcruntime:winapi_downlevel.obj
 0001:000052e4       __vcrt_EventWriteTransfer  00000001800062e4 f   libvcruntime:winapi_downlevel.obj
 0001:0000537c       __vcrt_FlsAlloc            000000018000637c f   libvcruntime:winapi_downlevel.obj
 0001:000053d0       __vcrt_FlsFree             00000001800063d0 f   libvcruntime:winapi_downlevel.obj
 0001:00005424       __vcrt_FlsGetValue         0000000180006424 f   libvcruntime:winapi_downlevel.obj
 0001:00005478       __vcrt_FlsSetValue         0000000180006478 f   libvcruntime:winapi_downlevel.obj
 0001:000054e0       __vcrt_InitializeCriticalSectionEx 00000001800064e0 f   libvcruntime:winapi_downlevel.obj
 0001:00005558       __vcrt_initialize_winapi_thunks 0000000180006558 f   libvcruntime:winapi_downlevel.obj
 0001:00005590       __vcrt_uninitialize_winapi_thunks 0000000180006590 f   libvcruntime:winapi_downlevel.obj
 0001:000055e0       _local_unwind              00000001800065e0 f   libvcruntime:_jmpuwind_.obj
 0001:00005610       _NLG_Notify                0000000180006610 f   libvcruntime:_jmpuwind_.obj
 0001:00005630       __NLG_Dispatch2            0000000180006630 f   libvcruntime:_jmpuwind_.obj
 0001:00005640       __NLG_Return2              0000000180006640 f   libvcruntime:_jmpuwind_.obj
 0001:00005644       __vcrt_freefls             0000000180006644 f   libvcruntime:per_thread_data.obj
 0001:00005664       __vcrt_freeptd             0000000180006664 f   libvcruntime:per_thread_data.obj
 0001:000056b4       __vcrt_getptd              00000001800066b4 f   libvcruntime:per_thread_data.obj
 0001:000056d0       __vcrt_getptd_noexit       00000001800066d0 f   libvcruntime:per_thread_data.obj
 0001:00005778       __vcrt_initialize_ptd      0000000180006778 f   libvcruntime:per_thread_data.obj
 0001:000057b8       __vcrt_uninitialize_ptd    00000001800067b8 f   libvcruntime:per_thread_data.obj
 0001:000057dc       __vcrt_initialize_locks    00000001800067dc f   libvcruntime:locks.obj
 0001:00005824       __vcrt_uninitialize_locks  0000000180006824 f   libvcruntime:locks.obj
 0001:0000585c       __vcrt_initialize_pure_virtual_call_handler 000000018000685c f   libvcruntime:purevirt_data.obj
 0001:00005880       ??0_LocaleUpdate@@QEAA@QEAU__crt_locale_pointers@@@Z 0000000180006880 f i libucrt:mbstowcs.obj
 0001:00005aec       mbstowcs                   0000000180006aec f   libucrt:mbstowcs.obj
 0001:00005b08       free                       0000000180006b08 f   libucrt:free.obj
 0001:000064f8       ??$ftprintf@PEAU_iobuf@@PEB_WAEBQEB_WAEBQEB_WAEBI@?$__crt_char_traits@_W@@SAH$$QEAPEAU_iobuf@@$$QEAPEB_WAEBQEB_W2AEBI@Z 00000001800074f8 f i libucrt:assert.obj
 0001:00006520       _wassert                   0000000180007520 f   libucrt:assert.obj
 0001:000065a4       fwprintf                   00000001800075a4 f i libucrt:assert.obj
 0001:000065e8       swprintf                   00000001800075e8 f i libucrt:assert.obj
 0001:0000663c       __acrt_call_reportfault    000000018000763c f   libucrt:invalid_parameter.obj
 0001:00006798       __acrt_initialize_invalid_parameter_handler 0000000180007798 f   libucrt:invalid_parameter.obj
 0001:000067a0       _invalid_parameter         00000001800077a0 f   libucrt:invalid_parameter.obj
 0001:00006848       _invalid_parameter_noinfo  0000000180007848 f   libucrt:invalid_parameter.obj
 0001:00006868       _invalid_parameter_noinfo_noreturn 0000000180007868 f   libucrt:invalid_parameter.obj
 0001:00006898       _invoke_watson             0000000180007898 f   libucrt:invalid_parameter.obj
 0001:000068e0       malloc                     00000001800078e0 f   libucrt:malloc.obj
 0001:000068e8       __ascii_stricmp            00000001800078e8 f   libucrt:stricmp.obj
 0001:00006924       _stricmp                   0000000180007924 f   libucrt:stricmp.obj
 0001:0000696c       _stricmp_l                 000000018000796c f   libucrt:stricmp.obj
 0001:00006a20       __acrt_initialize_new_handler 0000000180007a20 f   libucrt:new_handler.obj
 0001:00006a28       _callnewh                  0000000180007a28 f   libucrt:new_handler.obj
 0001:00006a68       _query_new_handler         0000000180007a68 f   libucrt:new_handler.obj
 0001:00006a9c       _initterm                  0000000180007a9c f   libucrt:initterm.obj
 0001:00006b14       _initterm_e                0000000180007b14 f   libucrt:initterm.obj
 0001:00006b60       _seh_filter_dll            0000000180007b60 f   libucrt:exception_filter.obj
 0001:00006b74       _seh_filter_exe            0000000180007b74 f   libucrt:exception_filter.obj
 0001:00006f34       __acrt_initialize_thread_local_exit_callback 0000000180007f34 f   libucrt:exit.obj
 0001:00006f3c       _cexit                     0000000180007f3c f   libucrt:exit.obj
 0001:00006f4c       _exit                      0000000180007f4c f   libucrt:exit.obj
 0001:00006f58       _is_c_termination_complete 0000000180007f58 f   libucrt:exit.obj
 0001:00007144       __dcrt_uninitialize_environments_nolock 0000000180008144 f   libucrt:environment_initialization.obj
 0001:0000717c       _initialize_narrow_environment 000000018000817c f   libucrt:environment_initialization.obj
 0001:00007184       ??$?RV<lambda_b8c45f8f788dd370798f47cfe8ac3a86>@@AEAV<lambda_4e60a939b0d047cfe11ddc22648dfba9>@@V<lambda_332c3edc96d0294ec56c57d38c1cdfd5>@@@?$__crt_seh_guarded_call@H@@QEAAH$$QEAV<lambda_b8c45f8f788dd370798f47cfe8ac3a86>@@AEAV<lambda_4e60a939b0d047cfe11ddc22648dfba9>@@$$QEAV<lambda_332c3edc96d0294ec56c57d38c1cdfd5>@@@Z 0000000180008184 f i libucrt:onexit.obj
 0001:000071c0       ??$?RV<lambda_e24bbb7b643b32fcea6fa61b31d4c984>@@AEAV<lambda_275893d493268fdec8709772e3fcec0e>@@V<lambda_9d71df4d7cf3f480f8d633942495c3b0>@@@?$__crt_seh_guarded_call@H@@QEAAH$$QEAV<lambda_e24bbb7b643b32fcea6fa61b31d4c984>@@AEAV<lambda_275893d493268fdec8709772e3fcec0e>@@$$QEAV<lambda_9d71df4d7cf3f480f8d633942495c3b0>@@@Z 00000001800081c0 f i libucrt:onexit.obj
 0001:0000753c       _crt_atexit                000000018000853c f   libucrt:onexit.obj
 0001:0000754c       _execute_onexit_table      000000018000854c f   libucrt:onexit.obj
 0001:00007588       _initialize_onexit_table   0000000180008588 f   libucrt:onexit.obj
 0001:000075c8       _register_onexit_function  00000001800085c8 f   libucrt:onexit.obj
 0001:00007744       __acrt_initialize          0000000180008744 f   libucrt:initialization.obj
 0001:00007758       __acrt_thread_attach       0000000180008758 f   libucrt:initialization.obj
 0001:0000776c       __acrt_thread_detach       000000018000876c f   libucrt:initialization.obj
 0001:0000777c       __acrt_uninitialize        000000018000877c f   libucrt:initialization.obj
 0001:00007790       __acrt_uninitialize_critical 0000000180008790 f   libucrt:initialization.obj
 0001:000077a0       terminate                  00000001800087a0 f   libucrt:terminate.obj
 0001:000077c8       strcpy_s                   00000001800087c8 f   libucrt:strcpy_s.obj
 0001:00007828       _free_base                 0000000180008828 f   libucrt:free_base.obj
 0001:00007868       _malloc_base               0000000180008868 f   libucrt:malloc_base.obj
 0001:000078c8       abort                      00000001800088c8 f   libucrt:abort.obj
 0001:00007920       _calloc_base               0000000180008920 f   libucrt:calloc_base.obj
 0001:00007998       ??$?RV<lambda_7b91131dde12e1c3dfc74ff76b3f2eac>@@AEAV<lambda_dd75445284c072d0bd3768540cc698fa>@@V<lambda_16bc4ecb55b4718497c16bceaea2ceaf>@@@?$__crt_seh_guarded_call@H@@QEAAH$$QEAV<lambda_7b91131dde12e1c3dfc74ff76b3f2eac>@@AEAV<lambda_dd75445284c072d0bd3768540cc698fa>@@$$QEAV<lambda_16bc4ecb55b4718497c16bceaea2ceaf>@@@Z 0000000180008998 f i libucrt:output.obj
 0001:000079d8       ??$ensure_buffer_is_big_enough@D@formatting_buffer@__crt_stdio_output@@QEAA_N_K@Z 00000001800089d8 f i libucrt:output.obj
 0001:00007a84       ??$is_wide_character_specifier@_W@__crt_stdio_output@@YA_N_K_WW4length_modifier@0@@Z 0000000180008a84 f i libucrt:output.obj
 0001:00007ac8       ??$type_case_integer_parse_into_buffer@I@?$output_processor@_WV?$string_output_adapter@_W@__crt_stdio_output@@V?$standard_base@_WV?$string_output_adapter@_W@__crt_stdio_output@@@2@@__crt_stdio_output@@AEAAXII_N@Z 0000000180008ac8 f i libucrt:output.obj
 0001:00007ac8       ??$type_case_integer_parse_into_buffer@I@?$output_processor@_WV?$stream_output_adapter@_W@__crt_stdio_output@@V?$standard_base@_WV?$stream_output_adapter@_W@__crt_stdio_output@@@2@@__crt_stdio_output@@AEAAXII_N@Z 0000000180008ac8 f i libucrt:output.obj
 0001:00007b64       ??$type_case_integer_parse_into_buffer@_K@?$output_processor@_WV?$string_output_adapter@_W@__crt_stdio_output@@V?$standard_base@_WV?$string_output_adapter@_W@__crt_stdio_output@@@2@@__crt_stdio_output@@AEAAX_KI_N@Z 0000000180008b64 f i libucrt:output.obj
 0001:00007b64       ??$type_case_integer_parse_into_buffer@_K@?$output_processor@_WV?$stream_output_adapter@_W@__crt_stdio_output@@V?$standard_base@_WV?$stream_output_adapter@_W@__crt_stdio_output@@@2@@__crt_stdio_output@@AEAAX_KI_N@Z 0000000180008b64 f i libucrt:output.obj
 0001:00007c00       ??$write_multiple_characters@V?$stream_output_adapter@_W@__crt_stdio_output@@D@__crt_stdio_output@@YAXAEBV?$stream_output_adapter@_W@0@DHQEAH@Z 0000000180008c00 f i libucrt:output.obj
 0001:00007c90       ??$write_multiple_characters@V?$string_output_adapter@_W@__crt_stdio_output@@D@__crt_stdio_output@@YAXAEBV?$string_output_adapter@_W@0@DHQEAH@Z 0000000180008c90 f i libucrt:output.obj
 0001:00007d00       ??0?$output_processor@_WV?$stream_output_adapter@_W@__crt_stdio_output@@V?$standard_base@_WV?$stream_output_adapter@_W@__crt_stdio_output@@@2@@__crt_stdio_output@@QEAA@AEBV?$stream_output_adapter@_W@1@_KQEB_WQEAU__crt_locale_pointers@@QEAD@Z 0000000180008d00 f i libucrt:output.obj
 0001:00007d00       ??0?$output_processor@_WV?$string_output_adapter@_W@__crt_stdio_output@@V?$standard_base@_WV?$string_output_adapter@_W@__crt_stdio_output@@@2@@__crt_stdio_output@@QEAA@AEBV?$string_output_adapter@_W@1@_KQEB_WQEAU__crt_locale_pointers@@QEAD@Z 0000000180008d00 f i libucrt:output.obj
 0001:00007e70       ?force_decimal_point@__crt_stdio_output@@YAXPEADQEAU__crt_locale_pointers@@@Z 0000000180008e70 f i libucrt:output.obj
 0001:00007ee0       ?parse_int_from_format_string@?$output_processor@_WV?$string_output_adapter@_W@__crt_stdio_output@@V?$standard_base@_WV?$string_output_adapter@_W@__crt_stdio_output@@@2@@__crt_stdio_output@@AEAA_NQEAH@Z 0000000180008ee0 f i libucrt:output.obj
 0001:00007ee0       ?parse_int_from_format_string@?$output_processor@_WV?$stream_output_adapter@_W@__crt_stdio_output@@V?$standard_base@_WV?$stream_output_adapter@_W@__crt_stdio_output@@@2@@__crt_stdio_output@@AEAA_NQEAH@Z 0000000180008ee0 f i libucrt:output.obj
 0001:00007f60       ?process@?$output_processor@_WV?$stream_output_adapter@_W@__crt_stdio_output@@V?$standard_base@_WV?$stream_output_adapter@_W@__crt_stdio_output@@@2@@__crt_stdio_output@@QEAAHXZ 0000000180008f60 f i libucrt:output.obj
 0001:000081d8       ?process@?$output_processor@_WV?$string_output_adapter@_W@__crt_stdio_output@@V?$standard_base@_WV?$string_output_adapter@_W@__crt_stdio_output@@@2@@__crt_stdio_output@@QEAAHXZ 00000001800091d8 f i libucrt:output.obj
 0001:00008454       ?state_case_size@?$output_processor@_WV?$stream_output_adapter@_W@__crt_stdio_output@@V?$standard_base@_WV?$stream_output_adapter@_W@__crt_stdio_output@@@2@@__crt_stdio_output@@AEAA_NXZ 0000000180009454 f i libucrt:output.obj
 0001:000085f8       ?state_case_size@?$output_processor@_WV?$string_output_adapter@_W@__crt_stdio_output@@V?$standard_base@_WV?$string_output_adapter@_W@__crt_stdio_output@@@2@@__crt_stdio_output@@AEAA_NXZ 00000001800095f8 f i libucrt:output.obj
 0001:0000879c       ?state_case_type@?$output_processor@_WV?$stream_output_adapter@_W@__crt_stdio_output@@V?$standard_base@_WV?$stream_output_adapter@_W@__crt_stdio_output@@@2@@__crt_stdio_output@@AEAA_NXZ 000000018000979c f i libucrt:output.obj
 0001:00008a68       ?state_case_type@?$output_processor@_WV?$string_output_adapter@_W@__crt_stdio_output@@V?$standard_base@_WV?$string_output_adapter@_W@__crt_stdio_output@@@2@@__crt_stdio_output@@AEAA_NXZ 0000000180009a68 f i libucrt:output.obj
 0001:00008d34       ?type_case_Z@?$output_processor@_WV?$stream_output_adapter@_W@__crt_stdio_output@@V?$standard_base@_WV?$stream_output_adapter@_W@__crt_stdio_output@@@2@@__crt_stdio_output@@AEAA_NXZ 0000000180009d34 f i libucrt:output.obj
 0001:00008d34       ?type_case_Z@?$output_processor@_WV?$string_output_adapter@_W@__crt_stdio_output@@V?$standard_base@_WV?$string_output_adapter@_W@__crt_stdio_output@@@2@@__crt_stdio_output@@AEAA_NXZ 0000000180009d34 f i libucrt:output.obj
 0001:00008db4       ?type_case_a@?$output_processor@_WV?$stream_output_adapter@_W@__crt_stdio_output@@V?$standard_base@_WV?$stream_output_adapter@_W@__crt_stdio_output@@@2@@__crt_stdio_output@@AEAA_NXZ 0000000180009db4 f i libucrt:output.obj
 0001:00008db4       ?type_case_a@?$output_processor@_WV?$string_output_adapter@_W@__crt_stdio_output@@V?$standard_base@_WV?$string_output_adapter@_W@__crt_stdio_output@@@2@@__crt_stdio_output@@AEAA_NXZ 0000000180009db4 f i libucrt:output.obj
 0001:00008ff8       ?type_case_c_tchar@?$output_processor@_WV?$stream_output_adapter@_W@__crt_stdio_output@@V?$standard_base@_WV?$stream_output_adapter@_W@__crt_stdio_output@@@2@@__crt_stdio_output@@AEAA_N_W@Z 0000000180009ff8 f i libucrt:output.obj
 0001:00008ff8       ?type_case_c_tchar@?$output_processor@_WV?$string_output_adapter@_W@__crt_stdio_output@@V?$standard_base@_WV?$string_output_adapter@_W@__crt_stdio_output@@@2@@__crt_stdio_output@@AEAA_N_W@Z 0000000180009ff8 f i libucrt:output.obj
 0001:000090a0       ?type_case_integer@?$output_processor@_WV?$stream_output_adapter@_W@__crt_stdio_output@@V?$standard_base@_WV?$stream_output_adapter@_W@__crt_stdio_output@@@2@@__crt_stdio_output@@AEAA_NI_N@Z 000000018000a0a0 f i libucrt:output.obj
 0001:000090a0       ?type_case_integer@?$output_processor@_WV?$string_output_adapter@_W@__crt_stdio_output@@V?$standard_base@_WV?$string_output_adapter@_W@__crt_stdio_output@@@2@@__crt_stdio_output@@AEAA_NI_N@Z 000000018000a0a0 f i libucrt:output.obj
 0001:00009240       ?type_case_n@?$output_processor@_WV?$stream_output_adapter@_W@__crt_stdio_output@@V?$standard_base@_WV?$stream_output_adapter@_W@__crt_stdio_output@@@2@@__crt_stdio_output@@AEAA_NXZ 000000018000a240 f i libucrt:output.obj
 0001:00009240       ?type_case_n@?$output_processor@_WV?$string_output_adapter@_W@__crt_stdio_output@@V?$standard_base@_WV?$string_output_adapter@_W@__crt_stdio_output@@@2@@__crt_stdio_output@@AEAA_NXZ 000000018000a240 f i libucrt:output.obj
 0001:0000931c       ?type_case_s@?$output_processor@_WV?$string_output_adapter@_W@__crt_stdio_output@@V?$standard_base@_WV?$string_output_adapter@_W@__crt_stdio_output@@@2@@__crt_stdio_output@@AEAA_NXZ 000000018000a31c f i libucrt:output.obj
 0001:0000931c       ?type_case_s@?$output_processor@_WV?$stream_output_adapter@_W@__crt_stdio_output@@V?$standard_base@_WV?$stream_output_adapter@_W@__crt_stdio_output@@@2@@__crt_stdio_output@@AEAA_NXZ 000000018000a31c f i libucrt:output.obj
 0001:000093e4       ?write_stored_string_tchar@?$output_processor@_WV?$stream_output_adapter@_W@__crt_stdio_output@@V?$standard_base@_WV?$stream_output_adapter@_W@__crt_stdio_output@@@2@@__crt_stdio_output@@AEAA_N_W@Z 000000018000a3e4 f i libucrt:output.obj
 0001:000094d0       ?write_stored_string_tchar@?$output_processor@_WV?$string_output_adapter@_W@__crt_stdio_output@@V?$standard_base@_WV?$string_output_adapter@_W@__crt_stdio_output@@@2@@__crt_stdio_output@@AEAA_N_W@Z 000000018000a4d0 f i libucrt:output.obj
 0001:000095c0       ?write_string@?$stream_output_adapter@_W@__crt_stdio_output@@QEBAXQEB_WHQEAH1@Z 000000018000a5c0 f i libucrt:output.obj
 0001:000096cc       ?write_string@?$string_output_adapter@_W@__crt_stdio_output@@QEBAXQEB_WHQEAH1@Z 000000018000a6cc f i libucrt:output.obj
 0001:0000978c       __stdio_common_vfwprintf   000000018000a78c f   libucrt:output.obj
 0001:00009818       __stdio_common_vswprintf   000000018000a818 f   libucrt:output.obj
 0001:00009a50       ??$is_overflow_condition@K@__crt_strtox@@YA_NIK@Z 000000018000aa50 f i libucrt:atox.obj
 0001:00009a7c       ??$parse_integer@KV?$c_string_character_source@_W@__crt_strtox@@@__crt_strtox@@YAKQEAU__crt_locale_pointers@@V?$c_string_character_source@_W@0@H_N@Z 000000018000aa7c f i libucrt:atox.obj
 0001:0000a150       __acrt_errno_from_os_error 000000018000b150 f   libucrt:errno.obj
 0001:0000a198       __acrt_errno_map_os_error  000000018000b198 f   libucrt:errno.obj
 0001:0000a1e8       __doserrno                 000000018000b1e8 f   libucrt:errno.obj
 0001:0000a208       _errno                     000000018000b208 f   libucrt:errno.obj
 0001:0000a228       _isleadbyte_l              000000018000b228 f i libucrt:_wctype.obj
 0001:0000a268       ??$?RV<lambda_46352004c1216016012b18bd6f87e700>@@AEAV<lambda_3bd07e1a1191394380780325891bf33f>@@V<lambda_334532d3f185bcaa59b5be82d7d22bff>@@@?$__crt_seh_guarded_call@X@@QEAAX$$QEAV<lambda_46352004c1216016012b18bd6f87e700>@@AEAV<lambda_3bd07e1a1191394380780325891bf33f>@@$$QEAV<lambda_334532d3f185bcaa59b5be82d7d22bff>@@@Z 000000018000b268 f i libucrt:per_thread_data.obj
 0001:0000a2c8       ??$?RV<lambda_5e887d1dcbef67a5eb4283622ba103bf>@@AEAV<lambda_4466841279450cc726390878d4a41900>@@V<lambda_341c25c0346d94847f1f3c463c57e077>@@@?$__crt_seh_guarded_call@X@@QEAAX$$QEAV<lambda_5e887d1dcbef67a5eb4283622ba103bf>@@AEAV<lambda_4466841279450cc726390878d4a41900>@@$$QEAV<lambda_341c25c0346d94847f1f3c463c57e077>@@@Z 000000018000b2c8 f i libucrt:per_thread_data.obj
 0001:0000a310       ??$?RV<lambda_72d1df2b273a38828b1ce30cbf4cdab5>@@AEAV<lambda_876a65b173b8412d3a47c70a915b0cf4>@@V<lambda_41932305e351933ebe8f8be3ed8bb5dc>@@@?$__crt_seh_guarded_call@X@@QEAAX$$QEAV<lambda_72d1df2b273a38828b1ce30cbf4cdab5>@@AEAV<lambda_876a65b173b8412d3a47c70a915b0cf4>@@$$QEAV<lambda_41932305e351933ebe8f8be3ed8bb5dc>@@@Z 000000018000b310 f i libucrt:per_thread_data.obj
 0001:0000a350       ??$?RV<lambda_fb3a7dec4e47f37f22dae91bb15c9095>@@AEAV<lambda_698284760c8add0bfb0756c19673e34b>@@V<lambda_dfb8eca1e75fef3034a8fb18dd509707>@@@?$__crt_seh_guarded_call@X@@QEAAX$$QEAV<lambda_fb3a7dec4e47f37f22dae91bb15c9095>@@AEAV<lambda_698284760c8add0bfb0756c19673e34b>@@$$QEAV<lambda_dfb8eca1e75fef3034a8fb18dd509707>@@@Z 000000018000b350 f i libucrt:per_thread_data.obj
 0001:0000a5e0       __acrt_freeptd             000000018000b5e0 f   libucrt:per_thread_data.obj
 0001:0000a624       __acrt_getptd              000000018000b624 f   libucrt:per_thread_data.obj
 0001:0000a6b8       __acrt_getptd_noexit       000000018000b6b8 f   libucrt:per_thread_data.obj
 0001:0000a758       __acrt_initialize_ptd      000000018000b758 f   libucrt:per_thread_data.obj
 0001:0000a794       __acrt_uninitialize_ptd    000000018000b794 f   libucrt:per_thread_data.obj
 0001:0000a7b8       __acrt_update_locale_info  000000018000b7b8 f   libucrt:locale_update.obj
 0001:0000a7ec       __acrt_update_multibyte_info 000000018000b7ec f   libucrt:locale_update.obj
 0001:0000a820       __acrt_set_locale_changed  000000018000b820 f   libucrt:wsetlocale.obj
 0001:0000a82c       __acrt_uninitialize_locale 000000018000b82c f   libucrt:wsetlocale.obj
 0001:0000a874       _query_app_type            000000018000b874 f   libucrt:report_runtime_error.obj
 0001:0000a9a4       _itow_s                    000000018000b9a4 f   libucrt:xtoa.obj
 0001:0000a9c4       _set_error_mode            000000018000b9c4 f   libucrt:set_error_mode.obj
 0001:0000aa04       wcscat_s                   000000018000ba04 f   libucrt:wcscat_s.obj
 0001:0000aa84       wcscpy_s                   000000018000ba84 f   libucrt:wcscpy_s.obj
 0001:0000aaec       wcsncat_s                  000000018000baec f   libucrt:wcsncat_s.obj
 0001:0000ac14       __acrt_show_wide_message_box 000000018000bc14 f   libucrt:crtmbox.obj
 0001:0000ad30       __acrt_initialize_stdio    000000018000bd30 f   libucrt:_file.obj
 0001:0000ae50       __acrt_iob_func            000000018000be50 f   libucrt:_file.obj
 0001:0000ae64       __acrt_uninitialize_stdio  000000018000be64 f   libucrt:_file.obj
 0001:0000aec0       _lock_file                 000000018000bec0 f   libucrt:_file.obj
 0001:0000aecc       _unlock_file               000000018000becc f   libucrt:_file.obj
 0001:0000aed8       __acrt_stdio_flush_nolock  000000018000bed8 f   libucrt:fflush.obj
 0001:0000af50       _fflush_nolock             000000018000bf50 f   libucrt:fflush.obj
 0001:0000af9c       _flushall                  000000018000bf9c f   libucrt:fflush.obj
 0001:0000b08c       fflush                     000000018000c08c f   libucrt:fflush.obj
 0001:0000b0d0       ??$?RV<lambda_7a5ef57ff966f610505f1d28a3d40618>@@AEAV<lambda_b721fa326cdb32351d23dfa67958c160>@@V<lambda_5e0fb27672408a07956fe59e48ccb2aa>@@@?$__crt_seh_guarded_call@H@@QEAAH$$QEAV<lambda_7a5ef57ff966f610505f1d28a3d40618>@@AEAV<lambda_b721fa326cdb32351d23dfa67958c160>@@$$QEAV<lambda_5e0fb27672408a07956fe59e48ccb2aa>@@@Z 000000018000c0d0 f i libucrt:setvbuf.obj
 0001:0000b200       setvbuf                    000000018000c200 f   libucrt:setvbuf.obj
 0001:0000b2a0       ??$?RV<lambda_c36588078e9f5dfd39652860aa6b3aaf>@@AEAV<lambda_ec61778202f4f5fc7e7711acc23c3bca>@@V<lambda_dc9d2797ccde5d239b4a0efae8ebd7db>@@@?$__crt_seh_guarded_call@P6AXH@Z@@QEAAP6AXH@Z$$QEAV<lambda_c36588078e9f5dfd39652860aa6b3aaf>@@AEAV<lambda_ec61778202f4f5fc7e7711acc23c3bca>@@$$QEAV<lambda_dc9d2797ccde5d239b4a0efae8ebd7db>@@@Z 000000018000c2a0 f i libucrt:signal.obj
 0001:0000b2e8       __acrt_get_sigabrt_handler 000000018000c2e8 f   libucrt:signal.obj
 0001:0000b318       __acrt_initialize_signal_handlers 000000018000c318 f   libucrt:signal.obj
 0001:0000b338       raise                      000000018000c338 f   libucrt:signal.obj
 0001:0000b624       _tolower_l                 000000018000c624 f   libucrt:tolower_toupper.obj
 0001:0000b764       tolower                    000000018000c764 f   libucrt:tolower_toupper.obj
 0001:0000b790       __acrt_initialize_locks    000000018000c790 f   libucrt:locks.obj
 0001:0000b7d8       __acrt_lock                000000018000c7d8 f   libucrt:locks.obj
 0001:0000b7f4       __acrt_uninitialize_locks  000000018000c7f4 f   libucrt:locks.obj
 0001:0000b82c       __acrt_unlock              000000018000c82c f   libucrt:locks.obj
 0001:0000b9e8       __acrt_FlsAlloc            000000018000c9e8 f   libucrt:winapi_thunks.obj
 0001:0000ba40       __acrt_FlsFree             000000018000ca40 f   libucrt:winapi_thunks.obj
 0001:0000ba98       __acrt_FlsGetValue         000000018000ca98 f   libucrt:winapi_thunks.obj
 0001:0000baf0       __acrt_FlsSetValue         000000018000caf0 f   libucrt:winapi_thunks.obj
 0001:0000bb58       __acrt_InitializeCriticalSectionEx 000000018000cb58 f   libucrt:winapi_thunks.obj
 0001:0000bbd0       __acrt_LCMapStringEx       000000018000cbd0 f   libucrt:winapi_thunks.obj
 0001:0000bcc0       __acrt_LocaleNameToLCID    000000018000ccc0 f   libucrt:winapi_thunks.obj
 0001:0000bd28       __acrt_MessageBoxW         000000018000cd28 f   libucrt:winapi_thunks.obj
 0001:0000bdb0       __acrt_can_show_message_box 000000018000cdb0 f   libucrt:winapi_thunks.obj
 0001:0000be0c       __acrt_get_parent_window   000000018000ce0c f   libucrt:winapi_thunks.obj
 0001:0000be9c       __acrt_initialize_winapi_thunks 000000018000ce9c f   libucrt:winapi_thunks.obj
 0001:0000bed4       __acrt_is_interactive      000000018000ced4 f   libucrt:winapi_thunks.obj
 0001:0000bfa8       __acrt_is_packaged_app     000000018000cfa8 f   libucrt:winapi_thunks.obj
 0001:0000c030       __acrt_uninitialize_winapi_thunks 000000018000d030 f   libucrt:winapi_thunks.obj
 0001:0000c074       ??$?RV<lambda_99476a1ad63dd22509b5d3e65b0ffc95>@@AEAV<lambda_ad1ced32f4ac17aa236e5ef05d6b3b7c>@@V<lambda_f7424dd8d45958661754dc4f2697e9c3>@@@?$__crt_seh_guarded_call@X@@QEAAX$$QEAV<lambda_99476a1ad63dd22509b5d3e65b0ffc95>@@AEAV<lambda_ad1ced32f4ac17aa236e5ef05d6b3b7c>@@$$QEAV<lambda_f7424dd8d45958661754dc4f2697e9c3>@@@Z 000000018000d074 f i libucrt:mbctype.obj
 0001:0000c770       __acrt_initialize_multibyte 000000018000d770 f   libucrt:mbctype.obj
 0001:0000c798       __acrt_update_thread_multibyte_data 000000018000d798 f   libucrt:mbctype.obj
 0001:0000c858       _setmbcp_nolock            000000018000d858 f   libucrt:mbctype.obj
 0001:0000cb00       __dcrt_get_narrow_environment_from_os 000000018000db00 f   libucrt:get_environment_from_os.obj
 0001:0000cc04       _recalloc                  000000018000dc04 f   libucrt:recalloc.obj
 0001:0000cc0c       _recalloc_base             000000018000dc0c f   libucrt:recalloc.obj
 0001:0000cca4       __acrt_initialize_heap     000000018000dca4 f   libucrt:heap_handle.obj
 0001:0000ccc0       __acrt_uninitialize_heap   000000018000dcc0 f   libucrt:heap_handle.obj
 0001:0000ceb4       __acrt_initialize_lowio    000000018000deb4 f   libucrt:ioinit.obj
 0001:0000cef0       __acrt_uninitialize_lowio  000000018000def0 f   libucrt:ioinit.obj
 0001:0000cf30       __acrt_initialize_command_line 000000018000df30 f   libucrt:argv_data.obj
 0001:0000cf58       __acrt_uninitialize_command_line 000000018000df58 f   libucrt:argv_data.obj
 0001:0000cf5c       __acrt_execute_initializers 000000018000df5c f   libucrt:shared_initialization.obj
 0001:0000cff0       __acrt_execute_uninitializers 000000018000dff0 f   libucrt:shared_initialization.obj
 0001:0000d040       __acrt_has_user_matherr    000000018000e040 f   libucrt:matherr.obj
 0001:0000d060       __acrt_initialize_user_matherr 000000018000e060 f   libucrt:matherr.obj
 0001:0000d068       __acrt_invoke_user_matherr 000000018000e068 f   libucrt:matherr.obj
 0001:0000d0b0       __acrt_stdio_begin_temporary_buffering_nolock 000000018000e0b0 f   libucrt:_sftbuf.obj
 0001:0000d180       __acrt_stdio_end_temporary_buffering_nolock 000000018000e180 f   libucrt:_sftbuf.obj
 0001:0000d1bc       _query_new_mode            000000018000e1bc f   libucrt:new_mode.obj
 0001:0000d1c4       isdigit                    000000018000e1c4 f i libucrt:_ctype.obj
 0001:0000d238       ??$make_c_string_character_source@_WPEAPEA_W@__crt_strtox@@YA?AV?$c_string_character_source@_W@0@QEB_WQEAPEA_W@Z 000000018000e238 f i libucrt:strtox.obj
 0001:0000d24c       wcstol                     000000018000e24c f   libucrt:strtox.obj
 0001:0000d27c       _mbtowc_l                  000000018000e27c f   libucrt:mbtowc.obj
 0001:0000d3c4       mbtowc                     000000018000e3c4 f   libucrt:mbtowc.obj
 0001:0000d3cc       _wctomb_s_l                000000018000e3cc f   libucrt:wctomb.obj
 0001:0000d550       wctomb_s                   000000018000e550 f   libucrt:wctomb.obj
 0001:0000d564       wcsnlen                    000000018000e564 f   libucrt:strnlen.obj
 0001:0000d754       ?__acrt_fp_classify@@YA?AW4__acrt_fp_class@@AEBN@Z 000000018000e754 f i libucrt:cvt.obj
 0001:0000e18c       __acrt_fp_format           000000018000f18c f   libucrt:cvt.obj
 0001:0000e3d0       _fputwc_nolock             000000018000f3d0 f   libucrt:fputwc.obj
 0001:0000e54c       _fileno                    000000018000f54c f   libucrt:fileno.obj
 0001:0000e574       _fputc_nolock              000000018000f574 f   libucrt:fputc.obj
 0001:0000e58c       _get_printf_count_output   000000018000f58c f   libucrt:printf_count_output.obj
 0001:0000e5a4       __pctype_func              000000018000f5a4 f   libucrt:ctype.obj
 0001:0000e5d4       iswctype                   000000018000f5d4 f   libucrt:iswctype.obj
 0001:0000e644       _isctype_l                 000000018000f644 f   libucrt:isctype.obj
 0001:0000e754       __acrt_add_locale_ref      000000018000f754 f   libucrt:locale_refcounting.obj
 0001:0000e7e0       __acrt_free_locale         000000018000f7e0 f   libucrt:locale_refcounting.obj
 0001:0000e958       __acrt_locale_add_lc_time_reference 000000018000f958 f   libucrt:locale_refcounting.obj
 0001:0000e980       __acrt_locale_free_lc_time_if_unreferenced 000000018000f980 f   libucrt:locale_refcounting.obj
 0001:0000e9b8       __acrt_locale_release_lc_time_reference 000000018000f9b8 f   libucrt:locale_refcounting.obj
 0001:0000e9e0       __acrt_release_locale_ref  000000018000f9e0 f   libucrt:locale_refcounting.obj
 0001:0000ea88       __acrt_update_thread_locale_data 000000018000fa88 f   libucrt:locale_refcounting.obj
 0001:0000eaf8       _updatetlocinfoEx_nolock   000000018000faf8 f   libucrt:locale_refcounting.obj
 0001:0000eb60       __acrt_locale_free_monetary 000000018000fb60 f   libucrt:initmon.obj
 0001:0000ec6c       __acrt_locale_free_numeric 000000018000fc6c f   libucrt:initnum.obj
 0001:0000ed30       __acrt_locale_free_time    000000018000fd30 f   libucrt:inittime.obj
 0001:0000ee38       __acrt_GetStringTypeA      000000018000fe38 f   libucrt:getstringtypea.obj
 0001:0000efec       _fcloseall                 000000018000ffec f   libucrt:closeall.obj
 0001:0000f0a0       __acrt_stdio_free_buffer_nolock 00000001800100a0 f   libucrt:_freebuf.obj
 0001:0000f0e0       ??$?RV<lambda_b521505b218e5242e90febf6bfebc422>@@AEAV<lambda_6978c1fb23f02e42e1d9e99668cc68aa>@@V<lambda_314360699dd331753a4119843814e9a7>@@@?$__crt_seh_guarded_call@H@@QEAAH$$QEAV<lambda_b521505b218e5242e90febf6bfebc422>@@AEAV<lambda_6978c1fb23f02e42e1d9e99668cc68aa>@@$$QEAV<lambda_314360699dd331753a4119843814e9a7>@@@Z 00000001800100e0 f i libucrt:commit.obj
 0001:0000f16c       _commit                    000000018001016c f   libucrt:commit.obj
 0001:0000f7a0       _write                     00000001800107a0 f   libucrt:write.obj
 0001:0000f88c       _write_nolock              000000018001088c f   libucrt:write.obj
 0001:0000fecc       __acrt_LCMapStringA        0000000180010ecc f   libucrt:lcmapstringa.obj
 0001:0001002c       __acrt_DownlevelLocaleNameToLCID 000000018001102c f   libucrt:lcidtoname_downlevel.obj
 0001:00010078       _msize                     0000000180011078 f   libucrt:msize.obj
 0001:000100b4       _realloc_base              00000001800110b4 f   libucrt:realloc_base.obj
 0001:00010138       __acrt_lowio_create_handle_array 0000000180011138 f   libucrt:osfinfo.obj
 0001:000101d0       __acrt_lowio_destroy_handle_array 00000001800111d0 f   libucrt:osfinfo.obj
 0001:00010220       __acrt_lowio_ensure_fh_exists 0000000180011220 f   libucrt:osfinfo.obj
 0001:000102d8       __acrt_lowio_lock_fh       00000001800112d8 f   libucrt:osfinfo.obj
 0001:000102fc       __acrt_lowio_unlock_fh     00000001800112fc f   libucrt:osfinfo.obj
 0001:00010320       _free_osfhnd               0000000180011320 f   libucrt:osfinfo.obj
 0001:000103dc       _get_osfhandle             00000001800113dc f   libucrt:osfinfo.obj
 0001:00010454       _isatty                    0000000180011454 f   libucrt:isatty.obj
 0001:000104b4       __acrt_fp_strflt_to_string 00000001800114b4 f   libucrt:_fptostr.obj
 0001:00010580       ?divide@__crt_strtox@@YA_KAEAUbig_integer@1@AEBU21@@Z 0000000180011580 f i libucrt:cfout.obj
 0001:00010a50       __acrt_fltout              0000000180011a50 f   libucrt:cfout.obj
 0001:00012054       __acrt_stdio_flush_and_write_narrow_nolock 0000000180013054 f   libucrt:_flsbuf.obj
 0001:0001213c       __acrt_stdio_flush_and_write_wide_nolock 000000018001313c f   libucrt:_flsbuf.obj
 0001:00012228       _fclose_nolock             0000000180013228 f   libucrt:fclose.obj
 0001:000122ac       fclose                     00000001800132ac f   libucrt:fclose.obj
 0001:000124a4       _lseeki64                  00000001800134a4 f   libucrt:lseek.obj
 0001:000124ac       _lseeki64_nolock           00000001800134ac f   libucrt:lseek.obj
 0001:000124b4       _putwch_nolock             00000001800134b4 f   libucrt:putwch.obj
 0001:00012510       __strncnt                  0000000180013510 f   libucrt:strncnt.obj
 0001:00012528       fegetenv                   0000000180013528 f   libucrt:fegetenv.obj
 0001:00012548       fesetenv                   0000000180013548 f   libucrt:fesetenv.obj
 0001:00012594       feholdexcept               0000000180013594 f   libucrt:feholdexcept.obj
 0001:000125e4       ceil                       00000001800135e4 f   libucrt:ceil.obj
 0001:000126b0       log10                      00000001800136b0 f   libucrt:log10.obj
 0001:00012c5c       __acrt_stdio_allocate_buffer_nolock 0000000180013c5c f   libucrt:_getbuf.obj
 0001:00012cc0       ??$?RV<lambda_bfedae4ebbf01fab1bb6dcc6a9e276e0>@@AEAV<lambda_2fe9b910cf3cbf4a0ab98a02ba45b3ec>@@V<lambda_237c231691f317818eb88cc1d5d642d6>@@@?$__crt_seh_guarded_call@H@@QEAAH$$QEAV<lambda_bfedae4ebbf01fab1bb6dcc6a9e276e0>@@AEAV<lambda_2fe9b910cf3cbf4a0ab98a02ba45b3ec>@@$$QEAV<lambda_237c231691f317818eb88cc1d5d642d6>@@@Z 0000000180013cc0 f i libucrt:close.obj
 0001:00012d34       _close                     0000000180013d34 f   libucrt:close.obj
 0001:00012dd8       _close_nolock              0000000180013dd8 f   libucrt:close.obj
 0001:00012e94       ?__acrt_stdio_free_stream@@YAXV__crt_stdio_stream@@@Z 0000000180013e94 f   libucrt:stream.obj
 0001:00012ed8       __dcrt_lowio_initialize_console_output 0000000180013ed8 f   libucrt:initcon.obj
 0001:00012f14       __dcrt_terminate_console_output 0000000180013f14 f   libucrt:initcon.obj
 0001:00012f34       _getfpcontrolword          0000000180013f34 f   libucrt:_fenvutils.obj
 0001:00012f4c       _getfpstatusword           0000000180013f4c f   libucrt:_fenvutils.obj
 0001:00012f60       _setfpcontrolword          0000000180013f60 f   libucrt:_fenvutils.obj
 0001:00012f6c       _setfpstatusword           0000000180013f6c f   libucrt:_fenvutils.obj
 0001:00012fbc       _clearfp                   0000000180013fbc f   libucrt:ieee.obj
 0001:00013010       _controlfp                 0000000180014010 f   libucrt:ieee.obj
 0001:0001301c       _statusfp                  000000018001401c f   libucrt:ieee.obj
 0001:00013420       _handle_error              0000000180014420 f   libucrt:libm_error.obj
 0001:00013548       _handle_nan                0000000180014548 f   libucrt:libm_error.obj
 0001:00013570       __acrt_initialize_fma3     0000000180014570 f   libucrt:fma3_available.obj
 0001:000135e0       _log10_special             00000001800145e0 f   libucrt:log_special.obj
 0001:000136b0       _get_fpsr                  00000001800146b0 f   libucrt:fpsr.obj
 0001:000136c0       _set_fpsr                  00000001800146c0 f   libucrt:fpsr.obj
 0001:000136ca       _fclrf                     00000001800146ca f   libucrt:fpsr.obj
 0001:000136de       _frnd                      00000001800146de f   libucrt:fpsr.obj
 0001:00013700       _raise_exc                 0000000180014700 f   libucrt:fpexcept.obj
 0001:00013728       _raise_exc_ex              0000000180014728 f   libucrt:fpexcept.obj
 0001:00013a30       _set_errno_from_matherr    0000000180014a30 f   libucrt:fpexcept.obj
 0001:00013a60       _clrfp                     0000000180014a60 f   libucrt:fpctrl.obj
 0001:00013a80       _ctrlfp                    0000000180014a80 f   libucrt:fpctrl.obj
 0001:00013afc       _set_statfp                0000000180014afc f   libucrt:fpctrl.obj
 0001:00013b1c       _statfp                    0000000180014b1c f   libucrt:fpctrl.obj
 0001:00013b2e       IsProcessorFeaturePresent  0000000180014b2e f   kernel32:KERNEL32.dll
 0001:00013b34       RtlUnwindEx                0000000180014b34 f   kernel32:KERNEL32.dll
 0001:00013b3a       SystemFunction036          0000000180014b3a f   advapi32:ADVAPI32.dll
 0001:00013b40       ?DloadAcquireSectionWriteAccess@@YAXXZ 0000000180014b40 f i DelayImp:delayhlp.obj
 0001:00013bfc       ?DloadGetSRWLockFunctionPointers@@YAEXZ 0000000180014bfc f i DelayImp:delayhlp.obj
 0001:00013c98       ?DloadMakePermanentImageCommit@@YAXPEAX_K@Z 0000000180014c98 f i DelayImp:delayhlp.obj
 0001:00013d30       ?DloadObtainSection@@YAPEAXPEAK0@Z 0000000180014d30 f i DelayImp:delayhlp.obj
 0001:00013dc8       ?DloadProtectSection@@YAXKPEAK@Z 0000000180014dc8 f i DelayImp:delayhlp.obj
 0001:00013e58       ?DloadReleaseSectionWriteAccess@@YAXXZ 0000000180014e58 f i DelayImp:delayhlp.obj
 0001:00013efc       __delayLoadHelper2         0000000180014efc f   DelayImp:delayhlp.obj
 0001:00014204       __GSHandlerCheck           0000000180015204 f   LIBCMT:_gshandler_.obj
 0001:00014224       __GSHandlerCheckCommon     0000000180015224 f   LIBCMT:_gshandler_.obj
 0001:00014280       _FindPESection             0000000180015280 f   LIBCMT:pesect.obj
 0001:000142d0       _IsNonwritableInCurrentImage 00000001800152d0 f   LIBCMT:pesect.obj
 0001:00014320       _ValidateImageBase         0000000180015320 f   LIBCMT:pesect.obj
 0001:00014360       __chkstk                   0000000180015360 f   LIBCMT:_chkstk_.obj
 0001:00014360       _alloca_probe              0000000180015360 f   LIBCMT:_chkstk_.obj
 0001:000143d0       memcmp                     00000001800153d0 f   libvcruntime:memcmp.obj
 0001:00014498       strrchr                    0000000180015498 f   libvcruntime:strrchr.obj
 0001:000145dc       __GSHandlerCheck_EH        00000001800155dc f   LIBCMT:gshandlereh.obj
 0001:0001466c       ?_GetEstablisherFrame@@YAPEA_KPEA_KPEAU_xDISPATCHER_CONTEXT@@PEBU_s_FuncInfo@@0@Z 000000018001566c f   libvcruntime:trnsctrl.obj
 0001:00014738       ?_GetRangeOfTrysToCheck@@YAPEBU_s_TryBlockMapEntry@@PEA_KPEBU_s_FuncInfo@@HHPEAI2PEAU_xDISPATCHER_CONTEXT@@@Z 0000000180015738 f   libvcruntime:trnsctrl.obj
 0001:00014864       ?__FrameUnwindToEmptyState@@YAXPEA_KPEAU_xDISPATCHER_CONTEXT@@PEBU_s_FuncInfo@@@Z 0000000180015864 f   libvcruntime:trnsctrl.obj
 0001:000148f8       ?__SehTransFilter@@YAHPEAU_EXCEPTION_POINTERS@@PEAUEHExceptionRecord@@PEA_KPEAU_CONTEXT@@PEAU_xDISPATCHER_CONTEXT@@PEBU_s_FuncInfo@@PEAH@Z 00000001800158f8 f   libvcruntime:trnsctrl.obj
 0001:00014990       _CallSETranslator          0000000180015990 f   libvcruntime:trnsctrl.obj
 0001:000149e8       _CreateFrameInfo           00000001800159e8 f   libvcruntime:trnsctrl.obj
 0001:00014a24       _FindAndUnlinkFrame        0000000180015a24 f   libvcruntime:trnsctrl.obj
 0001:00014a7c       _GetImageBase              0000000180015a7c f   libvcruntime:trnsctrl.obj
 0001:00014a90       _GetThrowImageBase         0000000180015a90 f   libvcruntime:trnsctrl.obj
 0001:00014aa4       _IsExceptionObjectToBeDestroyed 0000000180015aa4 f   libvcruntime:trnsctrl.obj
 0001:00014ad4       _SetImageBase              0000000180015ad4 f   libvcruntime:trnsctrl.obj
 0001:00014aec       _SetThrowImageBase         0000000180015aec f   libvcruntime:trnsctrl.obj
 0001:00014b04       _UnwindNestedFrames        0000000180015b04 f   libvcruntime:trnsctrl.obj
 0001:00014c28       __CxxFrameHandler3         0000000180015c28 f   libvcruntime:trnsctrl.obj
 0001:00014ca8       ?__GetCurrentState@@YAHPEA_KPEAU_xDISPATCHER_CONTEXT@@PEBU_s_FuncInfo@@@Z 0000000180015ca8 f   libvcruntime:ehstate.obj
 0001:00014cd0       ?__GetUnwindTryBlock@@YAHPEA_KPEAU_xDISPATCHER_CONTEXT@@PEBU_s_FuncInfo@@@Z 0000000180015cd0 f   libvcruntime:ehstate.obj
 0001:00014cfc       ?__SetState@@YAXPEA_KPEAU_xDISPATCHER_CONTEXT@@PEBU_s_FuncInfo@@H@Z 0000000180015cfc f   libvcruntime:ehstate.obj
 0001:00014d08       ?__SetUnwindTryBlock@@YAXPEA_KPEAU_xDISPATCHER_CONTEXT@@PEBU_s_FuncInfo@@H@Z 0000000180015d08 f   libvcruntime:ehstate.obj
 0001:00014d44       ?__StateFromControlPc@@YAHPEBU_s_FuncInfo@@PEAU_xDISPATCHER_CONTEXT@@@Z 0000000180015d44 f   libvcruntime:ehstate.obj
 0001:00014d4c       ?__StateFromIp@@YAHPEBU_s_FuncInfo@@PEAU_xDISPATCHER_CONTEXT@@_J@Z 0000000180015d4c f   libvcruntime:ehstate.obj
 0001:00014db8       __DestructExceptionObject  0000000180015db8 f   libvcruntime:frame.obj
 0001:00014e40       ??0bad_exception@std@@QEAA@AEBV01@@Z 0000000180015e40 f i libvcruntime:frame.obj
 0001:00014e80       ??0bad_exception@std@@QEAA@XZ 0000000180015e80 f i libvcruntime:frame.obj
 0001:00014ea0       ??1bad_alloc@std@@UEAA@XZ  0000000180015ea0 f i libcpmt:xthrow.obj
 0001:00014ea0       ??1out_of_range@std@@UEAA@XZ 0000000180015ea0 f i libcpmt:xthrow.obj
 0001:00014ea0       ??1bad_exception@std@@UEAA@XZ 0000000180015ea0 f i libvcruntime:frame.obj
 0001:00014ea0       ??1length_error@std@@UEAA@XZ 0000000180015ea0 f i libcpmt:xthrow.obj
 0001:00014ea0       ??1bad_array_new_length@std@@UEAA@XZ 0000000180015ea0 f i LIBCMT:throw_bad_alloc.obj
 0001:000157dc       ?_CallMemberFunction0@@YAXPEAXP6AX0@Z@Z 00000001800167dc f i libvcruntime:frame.obj
 0001:000157e0       ?_CallMemberFunction1@@YAXPEAXP6AX0@Z0@Z 00000001800167e0 f i libvcruntime:frame.obj
 0001:000157ec       ?_CallMemberFunction2@@YAXPEAXP6AX0@Z0H@Z 00000001800167ec f i libvcruntime:frame.obj
 0001:000157fc       __AdjustPointer            00000001800167fc f   libvcruntime:frame.obj
 0001:00015820       __BuildCatchObject         0000000180016820 f   libvcruntime:frame.obj
 0001:000158e8       __BuildCatchObjectHelper   00000001800168e8 f   libvcruntime:frame.obj
 0001:00015acc       __CxxCallCatchBlock        0000000180016acc f   libvcruntime:frame.obj
 0001:00015cb8       __FrameUnwindFilter        0000000180016cb8 f   libvcruntime:frame.obj
 0001:00015d04       __FrameUnwindToState       0000000180016d04 f   libvcruntime:frame.obj
 0001:00015e98       __InternalCxxFrameHandler  0000000180016e98 f   libvcruntime:frame.obj
 0001:000160f0       __TypeMatch                00000001800170f0 f   libvcruntime:frame.obj
 0001:00016240       _CallSettingFrame          0000000180017240 f   libvcruntime:handlers.obj
 0001:00016290       _guard_dispatch_icall_nop  0000000180017290 f   LIBCMT:_guard_dispatch_.obj
 0002:00000000       __imp_SystemFunction036    0000000180018000     advapi32:ADVAPI32.dll
 0002:00000008       \177ADVAPI32_NULL_THUNK_DATA 0000000180018008     advapi32:ADVAPI32.dll
 0002:00000010       __imp_VirtualQuery         0000000180018010     kernel32:KERNEL32.dll
 0002:00000018       __imp_VirtualProtect       0000000180018018     kernel32:KERNEL32.dll
 0002:00000020       __imp_GetSystemInfo        0000000180018020     kernel32:KERNEL32.dll
 0002:00000028       __imp_LoadLibraryExA       0000000180018028     kernel32:KERNEL32.dll
 0002:00000030       __imp_GetModuleHandleA     0000000180018030     kernel32:KERNEL32.dll
 0002:00000038       __imp_CreateFileW          0000000180018038     kernel32:KERNEL32.dll
 0002:00000040       __imp_SetFilePointerEx     0000000180018040     kernel32:KERNEL32.dll
 0002:00000048       __imp_RtlCaptureContext    0000000180018048     kernel32:KERNEL32.dll
 0002:00000050       __imp_RtlLookupFunctionEntry 0000000180018050     kernel32:KERNEL32.dll
 0002:00000058       __imp_RtlVirtualUnwind     0000000180018058     kernel32:KERNEL32.dll
 0002:00000060       __imp_UnhandledExceptionFilter 0000000180018060     kernel32:KERNEL32.dll
 0002:00000068       __imp_SetUnhandledExceptionFilter 0000000180018068     kernel32:KERNEL32.dll
 0002:00000070       __imp_GetCurrentProcess    0000000180018070     kernel32:KERNEL32.dll
 0002:00000078       __imp_TerminateProcess     0000000180018078     kernel32:KERNEL32.dll
 0002:00000080       __imp_IsProcessorFeaturePresent 0000000180018080     kernel32:KERNEL32.dll
 0002:00000088       __imp_QueryPerformanceCounter 0000000180018088     kernel32:KERNEL32.dll
 0002:00000090       __imp_GetCurrentProcessId  0000000180018090     kernel32:KERNEL32.dll
 0002:00000098       __imp_GetCurrentThreadId   0000000180018098     kernel32:KERNEL32.dll
 0002:000000a0       __imp_GetSystemTimeAsFileTime 00000001800180a0     kernel32:KERNEL32.dll
 0002:000000a8       __imp_InitializeSListHead  00000001800180a8     kernel32:KERNEL32.dll
 0002:000000b0       __imp_IsDebuggerPresent    00000001800180b0     kernel32:KERNEL32.dll
 0002:000000b8       __imp_GetStartupInfoW      00000001800180b8     kernel32:KERNEL32.dll
 0002:000000c0       __imp_GetModuleHandleW     00000001800180c0     kernel32:KERNEL32.dll
 0002:000000c8       __imp_RtlPcToFileHeader    00000001800180c8     kernel32:KERNEL32.dll
 0002:000000d0       __imp_RaiseException       00000001800180d0     kernel32:KERNEL32.dll
 0002:000000d8       __imp_GetLastError         00000001800180d8     kernel32:KERNEL32.dll
 0002:000000e0       __imp_GetModuleFileNameW   00000001800180e0     kernel32:KERNEL32.dll
 0002:000000e8       __imp_RtlUnwindEx          00000001800180e8     kernel32:KERNEL32.dll
 0002:000000f0       __imp_InterlockedFlushSList 00000001800180f0     kernel32:KERNEL32.dll
 0002:000000f8       __imp_InitializeCriticalSectionAndSpinCount 00000001800180f8     kernel32:KERNEL32.dll
 0002:00000100       __imp_TlsAlloc             0000000180018100     kernel32:KERNEL32.dll
 0002:00000108       __imp_TlsGetValue          0000000180018108     kernel32:KERNEL32.dll
 0002:00000110       __imp_TlsSetValue          0000000180018110     kernel32:KERNEL32.dll
 0002:00000118       __imp_TlsFree              0000000180018118     kernel32:KERNEL32.dll
 0002:00000120       __imp_FreeLibrary          0000000180018120     kernel32:KERNEL32.dll
 0002:00000128       __imp_GetProcAddress       0000000180018128     kernel32:KERNEL32.dll
 0002:00000130       __imp_LoadLibraryExW       0000000180018130     kernel32:KERNEL32.dll
 0002:00000138       __imp_SetLastError         0000000180018138     kernel32:KERNEL32.dll
 0002:00000140       __imp_EnterCriticalSection 0000000180018140     kernel32:KERNEL32.dll
 0002:00000148       __imp_LeaveCriticalSection 0000000180018148     kernel32:KERNEL32.dll
 0002:00000150       __imp_DeleteCriticalSection 0000000180018150     kernel32:KERNEL32.dll
 0002:00000158       __imp_MultiByteToWideChar  0000000180018158     kernel32:KERNEL32.dll
 0002:00000160       __imp_GetStdHandle         0000000180018160     kernel32:KERNEL32.dll
 0002:00000168       __imp_GetFileType          0000000180018168     kernel32:KERNEL32.dll
 0002:00000170       __imp_GetModuleHandleExW   0000000180018170     kernel32:KERNEL32.dll
 0002:00000178       __imp_WriteConsoleW        0000000180018178     kernel32:KERNEL32.dll
 0002:00000180       __imp_ExitProcess          0000000180018180     kernel32:KERNEL32.dll
 0002:00000188       __imp_WideCharToMultiByte  0000000180018188     kernel32:KERNEL32.dll
 0002:00000190       __imp_HeapFree             0000000180018190     kernel32:KERNEL32.dll
 0002:00000198       __imp_HeapAlloc            0000000180018198     kernel32:KERNEL32.dll
 0002:000001a0       __imp_GetACP               00000001800181a0     kernel32:KERNEL32.dll
 0002:000001a8       __imp_WriteFile            00000001800181a8     kernel32:KERNEL32.dll
 0002:000001b0       __imp_OutputDebugStringW   00000001800181b0     kernel32:KERNEL32.dll
 0002:000001b8       __imp_CloseHandle          00000001800181b8     kernel32:KERNEL32.dll
 0002:000001c0       __imp_WaitForSingleObjectEx 00000001800181c0     kernel32:KERNEL32.dll
 0002:000001c8       __imp_CreateThread         00000001800181c8     kernel32:KERNEL32.dll
 0002:000001d0       __imp_LCMapStringW         00000001800181d0     kernel32:KERNEL32.dll
 0002:000001d8       __imp_IsValidCodePage      00000001800181d8     kernel32:KERNEL32.dll
 0002:000001e0       __imp_GetOEMCP             00000001800181e0     kernel32:KERNEL32.dll
 0002:000001e8       __imp_GetCPInfo            00000001800181e8     kernel32:KERNEL32.dll
 0002:000001f0       __imp_GetEnvironmentStringsW 00000001800181f0     kernel32:KERNEL32.dll
 0002:000001f8       __imp_FreeEnvironmentStringsW 00000001800181f8     kernel32:KERNEL32.dll
 0002:00000200       __imp_GetProcessHeap       0000000180018200     kernel32:KERNEL32.dll
 0002:00000208       __imp_GetCommandLineA      0000000180018208     kernel32:KERNEL32.dll
 0002:00000210       __imp_GetCommandLineW      0000000180018210     kernel32:KERNEL32.dll
 0002:00000218       __imp_GetStringTypeW       0000000180018218     kernel32:KERNEL32.dll
 0002:00000220       __imp_FlushFileBuffers     0000000180018220     kernel32:KERNEL32.dll
 0002:00000228       __imp_GetConsoleCP         0000000180018228     kernel32:KERNEL32.dll
 0002:00000230       __imp_GetConsoleMode       0000000180018230     kernel32:KERNEL32.dll
 0002:00000238       __imp_HeapSize             0000000180018238     kernel32:KERNEL32.dll
 0002:00000240       __imp_HeapReAlloc          0000000180018240     kernel32:KERNEL32.dll
 0002:00000248       __imp_SetStdHandle         0000000180018248     kernel32:KERNEL32.dll
 0002:00000250       __imp_EncodePointer        0000000180018250     kernel32:KERNEL32.dll
 0002:00000258       \177KERNEL32_NULL_THUNK_DATA 0000000180018258     kernel32:KERNEL32.dll
 0002:00000260       __imp_yk_close_key         0000000180018260     libykpers-1.dll:d000006.o
 0002:00000268       __imp_yk_init              0000000180018268     libykpers-1.dll:d000014.o
 0002:00000270       __imp_yk_open_key_vid_pid  0000000180018270     libykpers-1.dll:d000017.o
 0002:00000278       __imp_yk_read_response_from_key 0000000180018278     libykpers-1.dll:d000020.o
 0002:00000280       __imp_yk_release           0000000180018280     libykpers-1.dll:d000021.o
 0002:00000288       __imp_yk_write_to_key      0000000180018288     libykpers-1.dll:d000032.o
 0002:00000298       __guard_check_icall_fptr   0000000180018298     LIBCMT:guard_support.obj
 0002:000002a0       __guard_dispatch_icall_fptr 00000001800182a0     LIBCMT:guard_support.obj
 0002:000002a8       __xc_a                     00000001800182a8     LIBCMT:initializers.obj
 0002:000002b0       _register_HID_             00000001800182b0     HID.obj
 0002:000002b8       __xc_z                     00000001800182b8     LIBCMT:initializers.obj
 0002:000002c0       __xi_a                     00000001800182c0     LIBCMT:initializers.obj
 0002:000002c8       __acrt_stdio_initializer   00000001800182c8     libucrt:stdio_initializer.obj
 0002:000002d0       __acrt_multibyte_initializer 00000001800182d0     libucrt:multibyte_initializer.obj
 0002:000002d8       __acrt_tran_fma3_initializer 00000001800182d8     libucrt:fma3_initializer.obj
 0002:000002e0       __xi_z                     00000001800182e0     LIBCMT:initializers.obj
 0002:000002e8       __xp_a                     00000001800182e8     LIBCMT:initializers.obj
 0002:000002f0       __acrt_locale_terminator   00000001800182f0     libucrt:locale_initializer.obj
 0002:000002f8       __dcrt_console_output_terminator 00000001800182f8     libucrt:console_output_initializer.obj
 0002:00000300       __acrt_stdio_terminator    0000000180018300     libucrt:stdio_initializer.obj
 0002:00000308       __xp_z                     0000000180018308     LIBCMT:initializers.obj
 0002:00000310       __xt_a                     0000000180018310     LIBCMT:initializers.obj
 0002:00000318       __xt_z                     0000000180018318     LIBCMT:initializers.obj
 0002:00000320       __sz_node_exe              0000000180018320     node:node.exe
 0002:00000338       ??_7exception@std@@6B@     0000000180018338     libcpmt:xthrow.obj
 0002:00000348       ??_C@_0BC@EOODALEL@Unknown?5exception?$AA@ 0000000180018348     libcpmt:xthrow.obj
 0002:00000368       ??_7bad_alloc@std@@6B@     0000000180018368     libcpmt:xthrow.obj
 0002:00000378       ??_C@_0P@GHFPNOJB@bad?5allocation?$AA@ 0000000180018378     libcpmt:xthrow.obj
 0002:00000390       ??_7logic_error@std@@6B@   0000000180018390     libcpmt:xthrow.obj
 0002:000003a8       ??_7length_error@std@@6B@  00000001800183a8     libcpmt:xthrow.obj
 0002:000003c0       ??_7out_of_range@std@@6B@  00000001800183c0     libcpmt:xthrow.obj
 0002:000003d8       ??_7type_info@@6B@         00000001800183d8     LIBCMT:std_type_info_static.obj
 0002:000003e0       _pDefaultRawDllMain        00000001800183e0     LIBCMT:dll_dllmain.obj
 0002:000003e0       _pRawDllMain               00000001800183e0     LIBCMT:dll_dllmain.obj
 0002:00000400       ??_7bad_array_new_length@std@@6B@ 0000000180018400     LIBCMT:throw_bad_alloc.obj
 0002:00000410       ??_C@_0BF@KINCDENJ@bad?5array?5new?5length?$AA@ 0000000180018410     LIBCMT:throw_bad_alloc.obj
 0002:00000470       _Microsoft_CRTProvider     0000000180018470     libvcruntime:telemetry.obj
 0002:00000478       ??_C@_00CNPNBAHC@?$AA@     0000000180018478     libvcruntime:telemetry.obj
 0002:0000047c       ??_C@_11LOCGONAA@?$AA?$AA@ 000000018001847c     libvcruntime:telemetry.obj
 0002:00000480       ??_C@_0O@JEOPJOMI@Main?5Invoked?4?$AA@ 0000000180018480     libvcruntime:telemetry.obj
 0002:00000490       ??_C@_0P@NEAEIBDO@Main?5Returned?4?$AA@ 0000000180018490     libvcruntime:telemetry.obj
 0002:000004c0       ??_C@_1BC@DNHGCMLG@?$AAa?$AAd?$AAv?$AAa?$AAp?$AAi?$AA3?$AA2?$AA?$AA@ 00000001800184c0     libvcruntime:winapi_downlevel.obj
 0002:000004d8       ??_C@_1DM@KHCHBNEB@?$AAa?$AAp?$AAi?$AA?9?$AAm?$AAs?$AA?9?$AAw?$AAi?$AAn?$AA?9?$AAc?$AAo?$AAr?$AAe?$AA?9?$AAf?$AAi?$AAb?$AAe?$AAr?$AAs?$AA?9?$AAl?$AA1?$AA?9?$AA1?$AA?9?$AA1?$AA?$AA@ 00000001800184d8     libvcruntime:winapi_downlevel.obj
 0002:00000518       ??_C@_1DK@LPPGFMPP@?$AAa?$AAp?$AAi?$AA?9?$AAm?$AAs?$AA?9?$AAw?$AAi?$AAn?$AA?9?$AAc?$AAo?$AAr?$AAe?$AA?9?$AAs?$AAy?$AAn?$AAc?$AAh?$AA?9?$AAl?$AA1?$AA?9?$AA2?$AA?9?$AA0?$AA?$AA@ 0000000180018518     libvcruntime:winapi_downlevel.obj
 0002:00000558       ??_C@_1BC@GDMECMAK@?$AAk?$AAe?$AAr?$AAn?$AAe?$AAl?$AA3?$AA2?$AA?$AA@ 0000000180018558     libvcruntime:winapi_downlevel.obj
 0002:00000570       ??_C@_0O@BAMBGLIE@EventRegister?$AA@ 0000000180018570     libvcruntime:winapi_downlevel.obj
 0002:00000588       ??_C@_0BE@BJEEGHGK@EventSetInformation?$AA@ 0000000180018588     libvcruntime:winapi_downlevel.obj
 0002:000005a0       ??_C@_0BA@FAKLIPIC@EventUnregister?$AA@ 00000001800185a0     libvcruntime:winapi_downlevel.obj
 0002:000005b8       ??_C@_0BD@PKLHJPHD@EventWriteTransfer?$AA@ 00000001800185b8     libvcruntime:winapi_downlevel.obj
 0002:000005d8       ??_C@_08KNHFBNJ@FlsAlloc?$AA@ 00000001800185d8     libvcruntime:winapi_downlevel.obj
 0002:000005f0       ??_C@_07PEJMOBNF@FlsFree?$AA@ 00000001800185f0     libvcruntime:winapi_downlevel.obj
 0002:00000600       ??_C@_0M@GDNOONDI@FlsGetValue?$AA@ 0000000180018600     libvcruntime:winapi_downlevel.obj
 0002:00000618       ??_C@_0M@JCPCPOEF@FlsSetValue?$AA@ 0000000180018618     libvcruntime:winapi_downlevel.obj
 0002:00000630       ??_C@_0BM@HCFOFFN@InitializeCriticalSectionEx?$AA@ 0000000180018630     libvcruntime:winapi_downlevel.obj
 0002:0000064c       ??_C@_02EEKDKGMJ@?$DO?$DN?$AA@ 000000018001864c     libvcruntime:undname.obj
 0002:00000650       ??_C@_01IHBHIGKO@?0?$AA@   0000000180018650     libvcruntime:undname.obj
 0002:00000654       ??_C@_02HCKGKOFO@?$CI?$CJ?$AA@ 0000000180018654     libvcruntime:undname.obj
[...]
 0004:00001014       $pdata$?write_text_utf16le_nolock@@YA?AUwrite_result@?A0x4392dfaa@@HQEBDI@Z 0000000180028014     libucrt:write.obj
 0004:00001020       $pdata$?write_text_utf8_nolock@@YA?AUwrite_result@?A0x4392dfaa@@HQEBDI@Z 0000000180028020     libucrt:write.obj
 0004:0000102c       $pdata$_write              000000018002802c     libucrt:write.obj
 0004:00001038       $pdata$_write_nolock       0000000180028038     libucrt:write.obj
 0004:00001044       $pdata$?__acrt_LCMapStringA_stat@@YAHPEAU__crt_locale_pointers@@PEB_WKPEBDHPEADHHH@Z 0000000180028044     libucrt:lcmapstringa.obj
 0004:00001050       $pdata$__acrt_LCMapStringA 0000000180028050     libucrt:lcmapstringa.obj
 0004:0000105c       $pdata$?GetTableIndexFromLocaleName@@YAHPEB_W@Z 000000018002805c     libucrt:lcidtoname_downlevel.obj
 0004:00001068       $pdata$__acrt_DownlevelLocaleNameToLCID 0000000180028068     libucrt:lcidtoname_downlevel.obj
 0004:00001074       $pdata$?initialize_multibyte@@YAHXZ 0000000180028074     libucrt:multibyte_initializer.obj
 0004:00001080       $pdata$_msize              0000000180028080     libucrt:msize.obj
 0004:0000108c       $pdata$_realloc_base       000000018002808c     libucrt:realloc_base.obj
 0004:00001098       $pdata$__acrt_lowio_create_handle_array 0000000180028098     libucrt:osfinfo.obj
 0004:000010a4       $pdata$__acrt_lowio_destroy_handle_array 00000001800280a4     libucrt:osfinfo.obj
 0004:000010b0       $pdata$__acrt_lowio_ensure_fh_exists 00000001800280b0     libucrt:osfinfo.obj
 0004:000010bc       $pdata$_free_osfhnd        00000001800280bc     libucrt:osfinfo.obj
 0004:000010c8       $pdata$_get_osfhandle      00000001800280c8     libucrt:osfinfo.obj
 0004:000010d4       $pdata$_isatty             00000001800280d4     libucrt:isatty.obj
 0004:000010e0       $pdata$__acrt_fp_strflt_to_string 00000001800280e0     libucrt:_fptostr.obj
 0004:000010ec       $pdata$?divide@__crt_strtox@@YA_KAEAUbig_integer@1@AEBU21@@Z 00000001800280ec     libucrt:cfout.obj
 0004:000010f8       $pdata$5$?divide@__crt_strtox@@YA_KAEAUbig_integer@1@AEBU21@@Z 00000001800280f8     libucrt:cfout.obj
 0004:00001104       $pdata$6$?divide@__crt_strtox@@YA_KAEAUbig_integer@1@AEBU21@@Z 0000000180028104     libucrt:cfout.obj
 0004:00001110       $pdata$__acrt_fltout       0000000180028110     libucrt:cfout.obj
 0004:0000111c       $pdata$memcpy_s            000000018002811c     libucrt:cfout.obj
 0004:00001128       $pdata$??$write_buffer_nolock@D@@YA_NDV__crt_stdio_stream@@@Z 0000000180028128     libucrt:_flsbuf.obj
 0004:00001134       $pdata$??$write_buffer_nolock@_W@@YA_N_WV__crt_stdio_stream@@@Z 0000000180028134     libucrt:_flsbuf.obj
 0004:00001140       $pdata$__acrt_stdio_flush_and_write_narrow_nolock 0000000180028140     libucrt:_flsbuf.obj
 0004:0000114c       $pdata$__acrt_stdio_flush_and_write_wide_nolock 000000018002814c     libucrt:_flsbuf.obj
 0004:00001158       $pdata$_fclose_nolock      0000000180028158     libucrt:fclose.obj
 0004:00001164       $pdata$fclose              0000000180028164     libucrt:fclose.obj
 0004:00001170       $pdata$??$common_lseek@_J@@YA_JH_JH@Z 0000000180028170     libucrt:lseek.obj
 0004:0000117c       $pdata$??$common_lseek_nolock@_J@@YA_JH_JH@Z 000000018002817c     libucrt:lseek.obj
 0004:00001188       $pdata$_putwch_nolock      0000000180028188     libucrt:putwch.obj
 0004:00001194       $pdata$fegetenv            0000000180028194     libucrt:fegetenv.obj
 0004:000011a0       $pdata$fesetenv            00000001800281a0     libucrt:fesetenv.obj
 0004:000011ac       $pdata$feholdexcept        00000001800281ac     libucrt:feholdexcept.obj
 0004:000011c4       $pdata$__acrt_stdio_allocate_buffer_nolock 00000001800281c4     libucrt:_getbuf.obj
 0004:000011d0       $pdata$??$?RV<lambda_bfedae4ebbf01fab1bb6dcc6a9e276e0>@@AEAV<lambda_2fe9b910cf3cbf4a0ab98a02ba45b3ec>@@V<lambda_237c231691f317818eb88cc1d5d642d6>@@@?$__crt_seh_guarded_call@H@@QEAAH$$QEAV<lambda_bfedae4ebbf01fab1bb6dcc6a9e276e0>@@AEAV<lambda_2fe9b910cf3cbf4a0ab98a02ba45b3ec>@@$$QEAV<lambda_237c231691f317818eb88cc1d5d642d6>@@@Z 00000001800281d0     libucrt:close.obj
 0004:000011dc       $pdata$_close              00000001800281dc     libucrt:close.obj
 0004:000011e8       $pdata$_close_nolock       00000001800281e8     libucrt:close.obj
 0004:000011f4       $pdata$__dcrt_lowio_initialize_console_output 00000001800281f4     libucrt:initcon.obj
 0004:00001200       $pdata$__dcrt_terminate_console_output 0000000180028200     libucrt:initcon.obj
 0004:0000120c       $pdata$_getfpcontrolword   000000018002820c     libucrt:_fenvutils.obj
 0004:00001218       $pdata$_getfpstatusword    0000000180028218     libucrt:_fenvutils.obj
 0004:00001224       $pdata$_setfpstatusword    0000000180028224     libucrt:_fenvutils.obj
 0004:00001230       $pdata$_clearfp            0000000180028230     libucrt:ieee.obj
 0004:0000123c       $pdata$common_control87    000000018002823c     libucrt:ieee.obj
 0004:00001248       $pdata$_call_matherr       0000000180028248     libucrt:libm_error.obj
 0004:00001254       $pdata$_exception_enabled  0000000180028254     libucrt:libm_error.obj
 0004:00001260       $pdata$_handle_error       0000000180028260     libucrt:libm_error.obj
 0004:0000126c       $pdata$__acrt_initialize_fma3 000000018002826c     libucrt:fma3_available.obj
 0004:00001278       $pdata$_log10_special      0000000180028278     libucrt:log_special.obj
 0004:00001284       $pdata$_log_special_common 0000000180028284     libucrt:log_special.obj
 0004:0000129c       $pdata$_raise_exc          000000018002829c     libucrt:fpexcept.obj
 0004:000012a8       $pdata$_raise_exc_ex       00000001800282a8     libucrt:fpexcept.obj
 0004:000012b4       $pdata$_set_errno_from_matherr 00000001800282b4     libucrt:fpexcept.obj
 0004:000012c0       $pdata$_clrfp              00000001800282c0     libucrt:fpctrl.obj
 0004:000012cc       $pdata$_ctrlfp             00000001800282cc     libucrt:fpctrl.obj
 0004:000012d8       $pdata$_set_statfp         00000001800282d8     libucrt:fpctrl.obj
 0004:000012e4       $pdata$_statfp             00000001800282e4     libucrt:fpctrl.obj
 0004:000012f0       $pdata$?DloadAcquireSectionWriteAccess@@YAXXZ 00000001800282f0     DelayImp:delayhlp.obj
 0004:000012fc       $pdata$?DloadGetSRWLockFunctionPointers@@YAEXZ 00000001800282fc     DelayImp:delayhlp.obj
 0004:00001308       $pdata$?DloadMakePermanentImageCommit@@YAXPEAX_K@Z 0000000180028308     DelayImp:delayhlp.obj
 0004:00001314       $pdata$?DloadObtainSection@@YAPEAXPEAK0@Z 0000000180028314     DelayImp:delayhlp.obj
 0004:00001320       $pdata$?DloadProtectSection@@YAXKPEAK@Z 0000000180028320     DelayImp:delayhlp.obj
 0004:0000132c       $pdata$?DloadReleaseSectionWriteAccess@@YAXXZ 000000018002832c     DelayImp:delayhlp.obj
 0004:00001338       $pdata$__delayLoadHelper2  0000000180028338     DelayImp:delayhlp.obj
 0004:00001344       $pdata$__GSHandlerCheck    0000000180028344     LIBCMT:_gshandler_.obj
 0004:00001350       $pdata$__GSHandlerCheckCommon 0000000180028350     LIBCMT:_gshandler_.obj
 0004:0000135c       $pdata$_IsNonwritableInCurrentImage 000000018002835c     LIBCMT:pesect.obj
 0004:00001380       $pdata$strrchr             0000000180028380     libvcruntime:strrchr.obj
 0004:0000138c       $pdata$__GSHandlerCheck_EH 000000018002838c     LIBCMT:gshandlereh.obj
 0004:00001398       $pdata$?_GetEstablisherFrame@@YAPEA_KPEA_KPEAU_xDISPATCHER_CONTEXT@@PEBU_s_FuncInfo@@0@Z 0000000180028398     libvcruntime:trnsctrl.obj
 0004:000013a4       $pdata$?_GetRangeOfTrysToCheck@@YAPEBU_s_TryBlockMapEntry@@PEA_KPEBU_s_FuncInfo@@HHPEAI2PEAU_xDISPATCHER_CONTEXT@@@Z 00000001800283a4     libvcruntime:trnsctrl.obj
 0004:000013b0       $pdata$?__FrameUnwindToEmptyState@@YAXPEA_KPEAU_xDISPATCHER_CONTEXT@@PEBU_s_FuncInfo@@@Z 00000001800283b0     libvcruntime:trnsctrl.obj
 0004:000013bc       $pdata$?__SehTransFilter@@YAHPEAU_EXCEPTION_POINTERS@@PEAUEHExceptionRecord@@PEA_KPEAU_CONTEXT@@PEAU_xDISPATCHER_CONTEXT@@PEBU_s_FuncInfo@@PEAH@Z 00000001800283bc     libvcruntime:trnsctrl.obj
 0004:000013c8       $pdata$_CallSETranslator   00000001800283c8     libvcruntime:trnsctrl.obj
 0004:000013d4       $pdata$_CreateFrameInfo    00000001800283d4     libvcruntime:trnsctrl.obj
 0004:000013e0       $pdata$_FindAndUnlinkFrame 00000001800283e0     libvcruntime:trnsctrl.obj
 0004:000013ec       $pdata$_GetImageBase       00000001800283ec     libvcruntime:trnsctrl.obj
 0004:000013f8       $pdata$_GetThrowImageBase  00000001800283f8     libvcruntime:trnsctrl.obj
 0004:00001404       $pdata$_IsExceptionObjectToBeDestroyed 0000000180028404     libvcruntime:trnsctrl.obj
 0004:00001410       $pdata$_SetImageBase       0000000180028410     libvcruntime:trnsctrl.obj
 0004:0000141c       $pdata$_SetThrowImageBase  000000018002841c     libvcruntime:trnsctrl.obj
 0004:00001428       $pdata$_UnwindNestedFrames 0000000180028428     libvcruntime:trnsctrl.obj
 0004:00001434       $pdata$__CxxFrameHandler3  0000000180028434     libvcruntime:trnsctrl.obj
 0004:00001440       $pdata$?__GetCurrentState@@YAHPEA_KPEAU_xDISPATCHER_CONTEXT@@PEBU_s_FuncInfo@@@Z 0000000180028440     libvcruntime:ehstate.obj
 0004:0000144c       $pdata$?__GetUnwindTryBlock@@YAHPEA_KPEAU_xDISPATCHER_CONTEXT@@PEBU_s_FuncInfo@@@Z 000000018002844c     libvcruntime:ehstate.obj
 0004:00001458       $pdata$?__SetUnwindTryBlock@@YAXPEA_KPEAU_xDISPATCHER_CONTEXT@@PEBU_s_FuncInfo@@H@Z 0000000180028458     libvcruntime:ehstate.obj
 0004:00001464       $pdata$?__StateFromIp@@YAHPEBU_s_FuncInfo@@PEAU_xDISPATCHER_CONTEXT@@_J@Z 0000000180028464     libvcruntime:ehstate.obj
 0004:00001470       $pdata$__DestructExceptionObject 0000000180028470     libvcruntime:frame.obj
 0004:0000147c       $pdata$??0bad_exception@std@@QEAA@AEBV01@@Z 000000018002847c     libvcruntime:frame.obj
 0004:00001488       $pdata$?CatchIt@@YAXPEAUEHExceptionRecord@@PEA_KPEAU_CONTEXT@@PEAU_xDISPATCHER_CONTEXT@@PEBU_s_FuncInfo@@PEBU_s_HandlerType@@PEBU_s_CatchableType@@PEBU_s_TryBlockMapEntry@@H1EE@Z 0000000180028488     libvcruntime:frame.obj
 0004:00001494       $pdata$?ExFilterRethrow@@YAHPEAU_EXCEPTION_POINTERS@@PEAUEHExceptionRecord@@PEAH@Z 0000000180028494     libvcruntime:frame.obj
 0004:000014a0       $pdata$?FindHandler@@YAXPEAUEHExceptionRecord@@PEA_KPEAU_CONTEXT@@PEAU_xDISPATCHER_CONTEXT@@PEBU_s_FuncInfo@@EH1@Z 00000001800284a0     libvcruntime:frame.obj
 0004:000014ac       $pdata$?FindHandlerForForeignException@@YAXPEAUEHExceptionRecord@@PEA_KPEAU_CONTEXT@@PEAU_xDISPATCHER_CONTEXT@@PEBU_s_FuncInfo@@HH1@Z 00000001800284ac     libvcruntime:frame.obj
 0004:000014b8       $pdata$?IsInExceptionSpec@@YAEPEAUEHExceptionRecord@@PEBU_s_ESTypeList@@@Z 00000001800284b8     libvcruntime:frame.obj
 0004:000014c4       $pdata$__BuildCatchObject  00000001800284c4     libvcruntime:frame.obj
 0004:000014d0       $pdata$__BuildCatchObjectHelper 00000001800284d0     libvcruntime:frame.obj
 0004:000014dc       $pdata$__CxxCallCatchBlock 00000001800284dc     libvcruntime:frame.obj
 0004:000014e8       $pdata$__FrameUnwindFilter 00000001800284e8     libvcruntime:frame.obj
 0004:000014f4       $pdata$__FrameUnwindToState 00000001800284f4     libvcruntime:frame.obj
 0004:00001500       $pdata$__InternalCxxFrameHandler 0000000180028500     libvcruntime:frame.obj
 0004:0000150c       $pdata$__TypeMatch         000000018002850c     libvcruntime:frame.obj
 0004:00001530       $pdata$?catch$0@?0??New@HID@@CAXAEBV?$FunctionCallbackInfo@VValue@v8@@@Nan@@@Z@4HA 0000000180028530     HID.obj
 0004:0000153c       $pdata$?catch$0@?0??close@HID@@CAXAEBV?$FunctionCallbackInfo@VValue@v8@@@Nan@@@Z@4HA 000000018002853c     HID.obj
 0004:00001548       $pdata$?catch$0@?0??write@HID@@CAXAEBV?$FunctionCallbackInfo@VValue@v8@@@Nan@@@Z@4HA 0000000180028548     HID.obj
 0004:00001554       $pdata$?fin$0@?0??dllmain_crt_process_attach@@YAHQEAUHINSTANCE__@@QEAX@Z@4HA 0000000180028554     LIBCMT:dll_dllmain.obj
 0004:00001560       $pdata$?fin$0@?0??dllmain_crt_process_detach@@YAH_N@Z@4HA 0000000180028560     LIBCMT:dll_dllmain.obj
 0004:0000156c       $pdata$?filt$0@?0??dllmain_dispatch@@YAHQEAUHINSTANCE__@@KQEAX@Z@4HA 000000018002856c     LIBCMT:dll_dllmain.obj
 0004:00001578       $pdata$__scrt_is_nonwritable_in_current_image$filt$0 0000000180028578     LIBCMT:utility.obj
 0004:00001584       $pdata$_query_new_handler$fin$0 0000000180028584     libucrt:new_handler.obj
 0004:00001590       $pdata$?filt$0@?0??common_exit@@YAXHW4_crt_exit_cleanup_mode@@W4_crt_exit_return_mode@@@Z@4HA 0000000180028590     libucrt:exit.obj
 0004:0000159c       $pdata$?fin$1@?0??common_exit@@YAXHW4_crt_exit_cleanup_mode@@W4_crt_exit_return_mode@@@Z@4HA 000000018002859c     libucrt:exit.obj
 0004:000015a8       $pdata$?fin$0@?0???$?RV<lambda_e24bbb7b643b32fcea6fa61b31d4c984>@@AEAV<lambda_275893d493268fdec8709772e3fcec0e>@@V<lambda_9d71df4d7cf3f480f8d633942495c3b0>@@@?$__crt_seh_guarded_call@H@@QEAAH$$QEAV<lambda_e24bbb7b643b32fcea6fa61b31d4c984>@@AEAV<lambda_275893d493268fdec8709772e3fcec0e>@@$$QEAV<lambda_9d71df4d7cf3f480f8d633942495c3b0>@@@Z@4HA 00000001800285a8     libucrt:onexit.obj
 0004:000015b4       $pdata$?fin$0@?0???$?RV<lambda_7b91131dde12e1c3dfc74ff76b3f2eac>@@AEAV<lambda_dd75445284c072d0bd3768540cc698fa>@@V<lambda_16bc4ecb55b4718497c16bceaea2ceaf>@@@?$__crt_seh_guarded_call@H@@QEAAH$$QEAV<lambda_7b91131dde12e1c3dfc74ff76b3f2eac>@@AEAV<lambda_dd75445284c072d0bd3768540cc698fa>@@$$QEAV<lambda_16bc4ecb55b4718497c16bceaea2ceaf>@@@Z@4HA 00000001800285b4     libucrt:output.obj
 0004:000015b4       $pdata$?fin$0@?0???$?RV<lambda_7a5ef57ff966f610505f1d28a3d40618>@@AEAV<lambda_b721fa326cdb32351d23dfa67958c160>@@V<lambda_5e0fb27672408a07956fe59e48ccb2aa>@@@?$__crt_seh_guarded_call@H@@QEAAH$$QEAV<lambda_7a5ef57ff966f610505f1d28a3d40618>@@AEAV<lambda_b721fa326cdb32351d23dfa67958c160>@@$$QEAV<lambda_5e0fb27672408a07956fe59e48ccb2aa>@@@Z@4HA 00000001800285b4     libucrt:setvbuf.obj
 0004:000015c0       $pdata$?fin$0@?0???$?RV<lambda_99476a1ad63dd22509b5d3e65b0ffc95>@@AEAV<lambda_ad1ced32f4ac17aa236e5ef05d6b3b7c>@@V<lambda_f7424dd8d45958661754dc4f2697e9c3>@@@?$__crt_seh_guarded_call@X@@QEAAX$$QEAV<lambda_99476a1ad63dd22509b5d3e65b0ffc95>@@AEAV<lambda_ad1ced32f4ac17aa236e5ef05d6b3b7c>@@$$QEAV<lambda_f7424dd8d45958661754dc4f2697e9c3>@@@Z@4HA 00000001800285c0     libucrt:mbctype.obj
 0004:000015c0       $pdata$?fin$0@?0???$?RV<lambda_c36588078e9f5dfd39652860aa6b3aaf>@@AEAV<lambda_ec61778202f4f5fc7e7711acc23c3bca>@@V<lambda_dc9d2797ccde5d239b4a0efae8ebd7db>@@@?$__crt_seh_guarded_call@P6AXH@Z@@QEAAP6AXH@Z$$QEAV<lambda_c36588078e9f5dfd39652860aa6b3aaf>@@AEAV<lambda_ec61778202f4f5fc7e7711acc23c3bca>@@$$QEAV<lambda_dc9d2797ccde5d239b4a0efae8ebd7db>@@@Z@4HA 00000001800285c0     libucrt:signal.obj
 0004:000015c0       $pdata$?fin$0@?0???$?RV<lambda_b8c45f8f788dd370798f47cfe8ac3a86>@@AEAV<lambda_4e60a939b0d047cfe11ddc22648dfba9>@@V<lambda_332c3edc96d0294ec56c57d38c1cdfd5>@@@?$__crt_seh_guarded_call@H@@QEAAH$$QEAV<lambda_b8c45f8f788dd370798f47cfe8ac3a86>@@AEAV<lambda_4e60a939b0d047cfe11ddc22648dfba9>@@$$QEAV<lambda_332c3edc96d0294ec56c57d38c1cdfd5>@@@Z@4HA 00000001800285c0     libucrt:onexit.obj
 0004:000015c0       $pdata$?fin$0@?0???$?RV<lambda_72d1df2b273a38828b1ce30cbf4cdab5>@@AEAV<lambda_876a65b173b8412d3a47c70a915b0cf4>@@V<lambda_41932305e351933ebe8f8be3ed8bb5dc>@@@?$__crt_seh_guarded_call@X@@QEAAX$$QEAV<lambda_72d1df2b273a38828b1ce30cbf4cdab5>@@AEAV<lambda_876a65b173b8412d3a47c70a915b0cf4>@@$$QEAV<lambda_41932305e351933ebe8f8be3ed8bb5dc>@@@Z@4HA 00000001800285c0     libucrt:per_thread_data.obj
 0004:000015c0       $pdata$?fin$0@?0???$?RV<lambda_fb3a7dec4e47f37f22dae91bb15c9095>@@AEAV<lambda_698284760c8add0bfb0756c19673e34b>@@V<lambda_dfb8eca1e75fef3034a8fb18dd509707>@@@?$__crt_seh_guarded_call@X@@QEAAX$$QEAV<lambda_fb3a7dec4e47f37f22dae91bb15c9095>@@AEAV<lambda_698284760c8add0bfb0756c19673e34b>@@$$QEAV<lambda_dfb8eca1e75fef3034a8fb18dd509707>@@@Z@4HA 00000001800285c0     libucrt:per_thread_data.obj
 0004:000015c0       $pdata$?fin$0@?0???$?RV<lambda_5e887d1dcbef67a5eb4283622ba103bf>@@AEAV<lambda_4466841279450cc726390878d4a41900>@@V<lambda_341c25c0346d94847f1f3c463c57e077>@@@?$__crt_seh_guarded_call@X@@QEAAX$$QEAV<lambda_5e887d1dcbef67a5eb4283622ba103bf>@@AEAV<lambda_4466841279450cc726390878d4a41900>@@$$QEAV<lambda_341c25c0346d94847f1f3c463c57e077>@@@Z@4HA 00000001800285c0     libucrt:per_thread_data.obj
 0004:000015c0       $pdata$?fin$0@?0???$?RV<lambda_46352004c1216016012b18bd6f87e700>@@AEAV<lambda_3bd07e1a1191394380780325891bf33f>@@V<lambda_334532d3f185bcaa59b5be82d7d22bff>@@@?$__crt_seh_guarded_call@X@@QEAAX$$QEAV<lambda_46352004c1216016012b18bd6f87e700>@@AEAV<lambda_3bd07e1a1191394380780325891bf33f>@@$$QEAV<lambda_334532d3f185bcaa59b5be82d7d22bff>@@@Z@4HA 00000001800285c0     libucrt:per_thread_data.obj
 0004:000015cc       $pdata$common_flush_all$fin$0 00000001800285cc     libucrt:fflush.obj
 0004:000015d8       $pdata$common_flush_all$fin$1 00000001800285d8     libucrt:fflush.obj
 0004:000015e4       $pdata$raise$fin$0         00000001800285e4     libucrt:signal.obj
 0004:000015f0       $pdata$__acrt_update_thread_multibyte_data$fin$0 00000001800285f0     libucrt:mbctype.obj
 0004:000015fc       $pdata$__acrt_initialize_lowio$fin$0 00000001800285fc     libucrt:ioinit.obj
 0004:000015fc       $pdata$__acrt_lowio_ensure_fh_exists$fin$0 00000001800285fc     libucrt:osfinfo.obj
 0004:00001608       $pdata$__acrt_update_thread_locale_data$fin$0 0000000180028608     libucrt:locale_refcounting.obj
 0004:00001608       $pdata$__acrt_uninitialize_locale$fin$0 0000000180028608     libucrt:wsetlocale.obj
 0004:00001614       $pdata$_fcloseall$fin$0    0000000180028614     libucrt:closeall.obj
 0004:00001620       $pdata$?fin$0@?0???$?RV<lambda_b521505b218e5242e90febf6bfebc422>@@AEAV<lambda_6978c1fb23f02e42e1d9e99668cc68aa>@@V<lambda_314360699dd331753a4119843814e9a7>@@@?$__crt_seh_guarded_call@H@@QEAAH$$QEAV<lambda_b521505b218e5242e90febf6bfebc422>@@AEAV<lambda_6978c1fb23f02e42e1d9e99668cc68aa>@@$$QEAV<lambda_314360699dd331753a4119843814e9a7>@@@Z@4HA 0000000180028620     libucrt:commit.obj
 0004:00001620       $pdata$?fin$0@?0???$?RV<lambda_bfedae4ebbf01fab1bb6dcc6a9e276e0>@@AEAV<lambda_2fe9b910cf3cbf4a0ab98a02ba45b3ec>@@V<lambda_237c231691f317818eb88cc1d5d642d6>@@@?$__crt_seh_guarded_call@H@@QEAAH$$QEAV<lambda_bfedae4ebbf01fab1bb6dcc6a9e276e0>@@AEAV<lambda_2fe9b910cf3cbf4a0ab98a02ba45b3ec>@@$$QEAV<lambda_237c231691f317818eb88cc1d5d642d6>@@@Z@4HA 0000000180028620     libucrt:close.obj
 0004:0000162c       $pdata$fclose$fin$0        000000018002862c     libucrt:fclose.obj
 0004:0000162c       $pdata$fflush$fin$0        000000018002862c     libucrt:fflush.obj
 0004:00001638       $pdata$_write$fin$0        0000000180028638     libucrt:write.obj
 0004:00001638       $pdata$?fin$0@?0???$common_lseek@_J@@YA_JH_JH@Z@4HA 0000000180028638     libucrt:lseek.obj
 0004:00001644       $pdata$common_control87$filt$0 0000000180028644     libucrt:ieee.obj
 0004:00001644       $pdata$_ctrlfp$filt$0      0000000180028644     libucrt:fpctrl.obj
 0004:00001650       $pdata$_IsNonwritableInCurrentImage$filt$0 0000000180028650     LIBCMT:pesect.obj
 0004:0000165c       $pdata$_CallSETranslator$filt$0 000000018002865c     libvcruntime:trnsctrl.obj
 0004:00001668       $pdata$__CxxCallCatchBlock$filt$0 0000000180028668     libvcruntime:frame.obj
 0004:00001674       $pdata$__CxxCallCatchBlock$fin$1 0000000180028674     libvcruntime:frame.obj
 0004:00001680       $pdata$__DestructExceptionObject$filt$0 0000000180028680     libvcruntime:frame.obj
 0004:0000168c       $pdata$__FrameUnwindToState$filt$0 000000018002868c     libvcruntime:frame.obj
 0004:00001698       $pdata$__FrameUnwindToState$fin$1 0000000180028698     libvcruntime:frame.obj
 0005:00000060       $R000000                   0000000180029060     * linker generated manifest res *

 Exports

  ordinal    name

        1    _register_HID_
