 HID

 Timestamp is 5d0854b3 (Mon Jun 17 23:04:19 2019)

 Preferred load address is 0000000180000000

 Start         Length     Name                   Class
 0001:00000000 0000020bH .text                   CODE
 0001:00000210 00015db0H .text$mn                CODE
 0001:00015fc0 00000012H .text$mn$00             CODE
 0001:00015fe0 0000043aH .text$x                 CODE
 0002:00000000 00000298H .idata$5                DATA
 0002:00000298 00000010H .00cfg                  DATA
 0002:000002a8 00000008H .CRT$XCA                DATA
 0002:000002b0 00000008H .CRT$XCU                DATA
 0002:000002b8 00000008H .CRT$XCZ                DATA
 0002:000002c0 00000008H .CRT$XIA                DATA
 0002:000002c8 00000018H .CRT$XIC                DATA
 0002:000002e0 00000008H .CRT$XIZ                DATA
 0002:000002e8 00000008H .CRT$XPA                DATA
 0002:000002f0 00000010H .CRT$XPX                DATA
 0002:00000300 00000008H .CRT$XPXA               DATA
 0002:00000308 00000008H .CRT$XPZ                DATA
 0002:00000310 00000008H .CRT$XTA                DATA
 0002:00000318 00000008H .CRT$XTZ                DATA
 0002:00000320 00000000H .gfids$x                DATA
 0002:00000320 00008920H .rdata                  DATA
 0002:00008c40 00000404H .rdata$r                DATA
 0002:00009048 00000010H .rdata$zETW0            DATA
 0002:00009058 00000077H .rdata$zETW1            DATA
 0002:000090cf 0000002cH .rdata$zETW2            DATA
 0002:000090fb 00000001H .rdata$zETW9            DATA
 0002:000090fc 00000428H .rdata$zzzdbg           DATA
 0002:00009528 00000008H .rtc$IAA                DATA
 0002:00009530 00000008H .rtc$IZZ                DATA
 0002:00009538 00000008H .rtc$TAA                DATA
 0002:00009540 00000008H .rtc$TZZ                DATA
 0002:00009548 000013f8H .xdata                  DATA
 0002:0000a940 0000029cH .xdata$x                DATA
 0002:0000abdc 00000020H .didat$2                DATA
 0002:0000abfc 00000020H .didat$3                DATA
 0002:0000ac20 000001e0H .didat$4                DATA
 0002:0000ae00 00000f9cH .didat$6                DATA
 0002:0000bda0 000001e0H .didat$7                DATA
 0002:0000bf80 0000004aH .edata                  DATA
 0002:0000bfcc 0000003cH .idata$2                DATA
 0002:0000c008 00000014H .idata$3                DATA
 0002:0000c020 00000298H .idata$4                DATA
 0002:0000c2b8 00000604H .idata$6                DATA
 0002:0000c8bc 0000002cH .idata$7                DATA
 0003:00000000 000009d0H .data                   DATA
 0003:000009d0 00000168H .data$r                 DATA
 0003:00000b38 000001e0H .didat$5                DATA
 0003:00000d20 00001100H .bss                    DATA
 0004:00000000 000016ecH .pdata                  DATA
 0005:00000000 00000058H .rsrc$01                DATA
 0005:00000060 00000180H .rsrc$02                DATA

  Address         Publics by Value              Rva+Base               Lib:Object

 0000:00000000       __guard_fids_count         0000000000000000     <absolute>
 0000:00000000       ___safe_se_handler_count   0000000000000000     <absolute>
 0000:00000000       ___safe_se_handler_table   0000000000000000     <absolute>
 0000:00000000       __guard_fids_table         0000000000000000     <absolute>
 0000:00000100       __guard_flags              0000000000000100     <absolute>
 0000:00000000       __ImageBase                0000000180000000     <linker-defined>
 0001:00000000       yk_read_response_from_key  0000000180001000     libykpers-1.dll:d000020.o
 0001:00000008       yk_init                    0000000180001008     libykpers-1.dll:d000014.o
 0001:00000010       yk_release                 0000000180001010     libykpers-1.dll:d000021.o
 0001:00000018       yk_open_key_vid_pid        0000000180001018     libykpers-1.dll:d000017.o
 0001:00000020       yk_write_to_key            0000000180001020     libykpers-1.dll:d000032.o
 0001:00000028       yk_close_key               0000000180001028     libykpers-1.dll:d000006.o
 0001:00000030       ?TraceLoggingRegister@__vcrt_trace_logging_provider@@YAJPEBU_TlgProvider_t@1@PEBU_GUID@@P6AX1KE_K2PEAU_EVENT_FILTER_DESCRIPTOR@@PEAX@Z4@Z 0000000180001030 f i libvcruntime:telemetry.obj
 0001:000000ac       ?_TlgEnableCallback@__vcrt_trace_logging_provider@@YAXPEBU_GUID@@KE_K1PEAU_EVENT_FILTER_DESCRIPTOR@@PEAX@Z 00000001800010ac f i libvcruntime:telemetry.obj
 0001:00000170       ?_TlgWrite@__vcrt_trace_logging_provider@@YAJPEBU_TlgProvider_t@1@PEFBXPEBU_GUID@@2IPEAU_EVENT_DATA_DESCRIPTOR@@@Z 0000000180001170 f i libvcruntime:telemetry.obj
 0001:000002f0       ?Set@Nan@@YA?AV?$Maybe@_N@1@V?$Local@VObject@v8@@@v8@@V?$Local@VValue@v8@@@4@1@Z 00000001800012f0 f i HID.obj
 0001:00000390       ??$To@VInteger@v8@@@imp@Nan@@YA?AV?$Local@VInteger@v8@@@v8@@V23@@Z 0000000180001390 f i HID.obj
 0001:00000420       ?New@?$Factory@VFunctionTemplate@v8@@@imp@Nan@@SA?AV?$Local@VFunctionTemplate@v8@@@v8@@P6AXAEBV?$FunctionCallbackInfo@VValue@v8@@@3@@ZV?$Local@VValue@v8@@@5@V?$Local@VSignature@v8@@@5@@Z 0000000180001420 f i HID.obj
 0001:00000620       ??0AsyncResource@Nan@@QEAA@PEBDV?$Local@VObject@v8@@@v8@@@Z 0000000180001620 f i HID.obj
 0001:000006e0       ?ThrowError@Nan@@YAXPEBD@Z 00000001800016e0 f i HID.obj
 0001:00000770       ??0Utf8String@Nan@@QEAA@V?$Local@VValue@v8@@@v8@@@Z 0000000180001770 f i HID.obj
 0001:000008c0       ?Call_@Callback@Nan@@AEBA?AV?$MaybeLocal@VValue@v8@@@v8@@PEAVIsolate@4@V?$Local@VObject@v8@@@4@HQEAV?$Local@VValue@v8@@@4@PEAVAsyncResource@2@@Z 00000001800018c0 f i HID.obj
 0001:000009a0       ?SetPrototypeMethod@Nan@@YAXV?$Local@VFunctionTemplate@v8@@@v8@@PEBDP6AXAEBV?$FunctionCallbackInfo@VValue@v8@@@1@@Z@Z 00000001800019a0 f i HID.obj
 0001:00000a90       ?Ref@ObjectWrap@Nan@@MEAAXXZ 0000000180001a90 f i HID.obj
 0001:00000ad0       ?Unref@ObjectWrap@Nan@@MEAAXXZ 0000000180001ad0 f i HID.obj
 0001:00000b80       ?WeakCallback@ObjectWrap@Nan@@CAXAEBV?$WeakCallbackInfo@VObjectWrap@Nan@@@v8@@@Z 0000000180001b80 f i HID.obj
 0001:00000be0       ??_EObjectWrap@Nan@@UEAAPEAXI@Z 0000000180001be0 f i * CIL library *:* CIL module *
 0001:00000be0       ??_GObjectWrap@Nan@@UEAAPEAXI@Z 0000000180001be0 f i HID.obj
 0001:00000c40       ??0JSException@@QEAA@AEBV?$basic_string@DU?$char_traits@D@std@@V?$allocator@D@2@@std@@@Z 0000000180001c40 f i HID.obj
 0001:00000ca0       ??1JSException@@UEAA@XZ    0000000180001ca0 f i HID.obj
 0001:00000cc0       ?message@JSException@@UEBA?BV?$basic_string@DU?$char_traits@D@std@@V?$allocator@D@2@@std@@XZ 0000000180001cc0 f i HID.obj
 0001:00000d10       ?asV8Exception@JSException@@UEBAXXZ 0000000180001d10 f i HID.obj
 0001:00000d70       ??_EJSException@@UEAAPEAXI@Z 0000000180001d70 f i * CIL library *:* CIL module *
 0001:00000d70       ??_GJSException@@UEAAPEAXI@Z 0000000180001d70 f i HID.obj
 0001:00000dc0       ??_GHID@@EEAAPEAXI@Z       0000000180001dc0 f i HID.obj
 0001:00000dc0       ??_EHID@@EEAAPEAXI@Z       0000000180001dc0 f i * CIL library *:* CIL module *
 0001:00000e30       ??0HID@@AEAA@XZ            0000000180001e30 f   HID.obj
 0001:00000f80       ??0JSException@@QEAA@AEBV0@@Z 0000000180001f80 f i HID.obj
 0001:00000fe0       ?close@HID@@QEAAXXZ        0000000180001fe0 f   HID.obj
 0001:00001130       ?write@HID@@QEAAHAEBV?$vector@EV?$allocator@E@std@@@std@@@Z 0000000180002130 f   HID.obj
 0001:000012e0       ?recvAsync@HID@@CAXPEAUuv_work_s@@@Z 00000001800022e0 f   HID.obj
 0001:000014d0       ?readResultsToJSCallbackArguments@HID@@AEAAXPEAUReceiveIOCB@1@QEAV?$Local@VValue@v8@@@v8@@@Z 00000001800024d0 f   HID.obj
 0001:00001620       ?recvAsyncDone@HID@@CAXPEAUuv_work_s@@@Z 0000000180002620 f   HID.obj
 0001:00001830       ?read@HID@@CAXAEBV?$FunctionCallbackInfo@VValue@v8@@@Nan@@@Z 0000000180002830 f   HID.obj
 0001:000019a0       ?New@HID@@CAXAEBV?$FunctionCallbackInfo@VValue@v8@@@Nan@@@Z 00000001800029a0 f   HID.obj
 0001:00001bb0       ?close@HID@@CAXAEBV?$FunctionCallbackInfo@VValue@v8@@@Nan@@@Z 0000000180002bb0 f   HID.obj
 0001:00001c10       ?write@HID@@CAXAEBV?$FunctionCallbackInfo@VValue@v8@@@Nan@@@Z 0000000180002c10 f   HID.obj
 0001:00001fa0       __except_validate_context_record 0000000180002fa0 f   libvcruntime:jbcxrval.obj
 0001:00001fa0       _guard_check_icall_nop     0000000180002fa0 f   LIBCMT:guard_support.obj
 0001:00001fb0       ?Initialize@HID@@SAXV?$Local@VObject@v8@@@v8@@@Z 0000000180002fb0 f   HID.obj
 0001:000021b0       ??0?$basic_string@DU?$char_traits@D@std@@V?$allocator@D@2@@std@@QEAA@PEBD@Z 00000001800031b0 f i HID.obj
 0001:00002210       ?_Tidy@?$vector@EV?$allocator@E@std@@@std@@IEAAXXZ 0000000180003210 f i HID.obj
 0001:00002290       ?_Reserve@?$vector@EV?$allocator@E@std@@@std@@IEAAX_K@Z 0000000180003290 f i HID.obj
 0001:00002310       ?_Tidy@?$basic_string@DU?$char_traits@D@std@@V?$allocator@D@2@@std@@QEAAX_N_K@Z 0000000180003310 f i HID.obj
 0001:000023c0       ?assign@?$basic_string@DU?$char_traits@D@std@@V?$allocator@D@2@@std@@QEAAAEAV12@PEBD_K@Z 00000001800033c0 f i HID.obj
 0001:00002500       ?assign@?$basic_string@DU?$char_traits@D@std@@V?$allocator@D@2@@std@@QEAAAEAV12@AEBV12@_K1@Z 0000000180003500 f i HID.obj
 0001:000025f0       ?_Reallocate@?$vector@EV?$allocator@E@std@@@std@@IEAAX_K@Z 00000001800035f0 f i HID.obj
 0001:00002730       ?_Grow@?$basic_string@DU?$char_traits@D@std@@V?$allocator@D@2@@std@@QEAA_N_K_N@Z 0000000180003730 f i HID.obj
 0001:000027a0       ?erase@?$basic_string@DU?$char_traits@D@std@@V?$allocator@D@2@@std@@QEAAAEAV12@_K0@Z 00000001800037a0 f i HID.obj
 0001:00002850       ?allocate@?$_Wrap_alloc@V?$allocator@E@std@@@std@@QEAAPEAE_K@Z 0000000180003850 f i HID.obj
 0001:000028c0       ?_Copy@?$basic_string@DU?$char_traits@D@std@@V?$allocator@D@2@@std@@QEAAX_K0@Z 00000001800038c0 f i HID.obj
 0001:00002a00       ??$?0PEAEX@?$vector@EV?$allocator@E@std@@@std@@QEAA@PEAE0@Z 0000000180003a00 f i HID.obj
 0001:00002a80       ??$Unwrap@VHID@@@ObjectWrap@Nan@@SAPEAVHID@@V?$Local@VObject@v8@@@v8@@@Z 0000000180003a80 f i HID.obj
 0001:00002b5c       __imp_load_uv_queue_work   0000000180003b5c f   node:node.exe
 0001:00002b68       __tailMerge_node_exe       0000000180003b68 f i node:node.exe
 0001:00002be1       __imp_load_?Global@Context@v8@@QEAA?AV?$Local@VObject@v8@@@2@XZ 0000000180003be1 f   node:node.exe
 0001:00002bed       __imp_load_?Value@External@v8@@QEBAPEAXXZ 0000000180003bed f   node:node.exe
 0001:00002bf9       __imp_load_?New@External@v8@@SA?AV?$Local@VExternal@v8@@@2@PEAVIsolate@2@PEAX@Z 0000000180003bf9 f   node:node.exe
 0001:00002c05       __imp_load_?New@Integer@v8@@SA?AV?$Local@VInteger@v8@@@2@PEAVIsolate@2@H@Z 0000000180003c05 f   node:node.exe
 0001:00002c11       __imp_load_?New@Signature@v8@@SA?AV?$Local@VSignature@v8@@@2@PEAVIsolate@2@V?$Local@VFunctionTemplate@v8@@@2@@Z 0000000180003c11 f   node:node.exe
 0001:00002c1d       __imp_load_?ThrowException@Isolate@v8@@QEAA?AV?$Local@VValue@v8@@@2@V32@@Z 0000000180003c1d f   node:node.exe
 0001:00002c29       __imp_load_?GetCurrentContext@Isolate@v8@@QEAA?AV?$Local@VContext@v8@@@2@XZ 0000000180003c29 f   node:node.exe
 0001:00002c35       __imp_load_?GetCurrent@Isolate@v8@@SAPEAV12@XZ 0000000180003c35 f   node:node.exe
 0001:00002c41       __imp_load_?CreateHandle@HandleScope@v8@@KAPEAPEAVObject@internal@2@PEAVIsolate@42@PEAV342@@Z 0000000180003c41 f   node:node.exe
 0001:00002c4d       __imp_load_?CreateHandle@HandleScope@v8@@CAPEAPEAVObject@internal@2@PEAVHeapObject@42@PEAV342@@Z 0000000180003c4d f   node:node.exe
 0001:00002c59       __imp_load_??1HandleScope@v8@@QEAA@XZ 0000000180003c59 f   node:node.exe
 0001:00002c65       __imp_load_??0HandleScope@v8@@QEAA@PEAVIsolate@1@@Z 0000000180003c65 f   node:node.exe
 0001:00002c71       __imp_load_?Set@Template@v8@@QEAAXV?$Local@VName@v8@@@2@V?$Local@VData@v8@@@2@W4PropertyAttribute@2@@Z 0000000180003c71 f   node:node.exe
 0001:00002c7d       __imp_load_?Error@Exception@v8@@SA?AV?$Local@VValue@v8@@@2@V?$Local@VString@v8@@@2@@Z 0000000180003c7d f   node:node.exe
 0001:00002c89       __imp_load_?Length@Array@v8@@QEBAIXZ 0000000180003c89 f   node:node.exe
 0001:00002c95       __imp_load_?SetClassName@FunctionTemplate@v8@@QEAAXV?$Local@VString@v8@@@2@@Z 0000000180003c95 f   node:node.exe
 0001:00002ca1       __imp_load_?PrototypeTemplate@FunctionTemplate@v8@@QEAA?AV?$Local@VObjectTemplate@v8@@@2@XZ 0000000180003ca1 f   node:node.exe
 0001:00002cad       __imp_load_?InstanceTemplate@FunctionTemplate@v8@@QEAA?AV?$Local@VObjectTemplate@v8@@@2@XZ 0000000180003cad f   node:node.exe
 0001:00002cb9       __imp_load_?GetFunction@FunctionTemplate@v8@@QEAA?AV?$MaybeLocal@VFunction@v8@@@2@V?$Local@VContext@v8@@@2@@Z 0000000180003cb9 f   node:node.exe
 0001:00002cc5       __imp_load_?New@FunctionTemplate@v8@@SA?AV?$Local@VFunctionTemplate@v8@@@2@PEAVIsolate@2@P6AXAEBV?$FunctionCallbackInfo@VValue@v8@@@2@@ZV?$Local@VValue@v8@@@2@V?$Local@VSignature@v8@@@2@HW4ConstructorBehavior@2@W4SideEffectType@2@@Z 0000000180003cc5 f   node:node.exe
 0001:00002cd1       __imp_load_?ToLocalEmpty@V8@v8@@CAXXZ 0000000180003cd1 f   node:node.exe
 0001:00002cdd       __imp_load_?ClearWeak@V8@v8@@CAPEAXPEAPEAVObject@internal@2@@Z 0000000180003cdd f   node:node.exe
 0001:00002ce9       __imp_load_?MakeWeak@V8@v8@@CAXPEAPEAVObject@internal@2@PEAXP6AXAEBV?$WeakCallbackInfo@X@2@@ZW4WeakCallbackType@2@@Z 0000000180003ce9 f   node:node.exe
 0001:00002cf5       __imp_load_?DisposeGlobal@V8@v8@@CAXPEAPEAVObject@internal@2@@Z 0000000180003cf5 f   node:node.exe
 0001:00002d01       __imp_load_?GlobalizeReference@V8@v8@@CAPEAPEAVObject@internal@2@PEAVIsolate@42@PEAPEAV342@@Z 0000000180003d01 f   node:node.exe
 0001:00002d0d       __imp_load_?Uint32Value@Value@v8@@QEBA?AV?$Maybe@I@2@V?$Local@VContext@v8@@@2@@Z 0000000180003d0d f   node:node.exe
 0001:00002d19       __imp_load_?ToInteger@Value@v8@@QEBA?AV?$MaybeLocal@VInteger@v8@@@2@V?$Local@VContext@v8@@@2@@Z 0000000180003d19 f   node:node.exe
 0001:00002d25       __imp_load_?ToString@Value@v8@@QEBA?AV?$MaybeLocal@VString@v8@@@2@V?$Local@VContext@v8@@@2@@Z 0000000180003d25 f   node:node.exe
 0001:00002d31       __imp_load_?IsNumber@Value@v8@@QEBA_NXZ 0000000180003d31 f   node:node.exe
 0001:00002d3d       __imp_load_?IsFunction@Value@v8@@QEBA_NXZ 0000000180003d3d f   node:node.exe
 0001:00002d49       __imp_load_?HasCaught@TryCatch@v8@@QEBA_NXZ 0000000180003d49 f   node:node.exe
 0001:00002d55       __imp_load_??1TryCatch@v8@@QEAA@XZ 0000000180003d55 f   node:node.exe
 0001:00002d61       __imp_load_??0TryCatch@v8@@QEAA@PEAVIsolate@1@@Z 0000000180003d61 f   node:node.exe
 0001:00002d6d       __imp_load_?Escape@EscapableHandleScope@v8@@AEAAPEAPEAVObject@internal@2@PEAPEAV342@@Z 0000000180003d6d f   node:node.exe
 0001:00002d79       __imp_load_??0EscapableHandleScope@v8@@QEAA@PEAVIsolate@1@@Z 0000000180003d79 f   node:node.exe
 0001:00002d85       __imp_load_?NewFromUtf8@String@v8@@SA?AV?$MaybeLocal@VString@v8@@@2@PEAVIsolate@2@PEBDW4NewStringType@2@H@Z 0000000180003d85 f   node:node.exe
 0001:00002d91       __imp_load_?WriteUtf8@String@v8@@QEBAHPEADHPEAHH@Z 0000000180003d91 f   node:node.exe
 0001:00002d9d       __imp_load_?Length@String@v8@@QEBAHXZ 0000000180003d9d f   node:node.exe
 0001:00002da9       __imp_load_?SlowGetAlignedPointerFromInternalField@Object@v8@@AEAAPEAXH@Z 0000000180003da9 f   node:node.exe
 0001:00002db5       __imp_load_?SlowGetInternalField@Object@v8@@AEAA?AV?$Local@VValue@v8@@@2@H@Z 0000000180003db5 f   node:node.exe
 0001:00002dc1       __imp_load_?New@Object@v8@@SA?AV?$Local@VObject@v8@@@2@PEAVIsolate@2@@Z 0000000180003dc1 f   node:node.exe
 0001:00002dcd       __imp_load_?SetAlignedPointerInInternalField@Object@v8@@QEAAXHPEAX@Z 0000000180003dcd f   node:node.exe
 0001:00002dd9       __imp_load_?SetInternalField@Object@v8@@QEAAXHV?$Local@VValue@v8@@@2@@Z 0000000180003dd9 f   node:node.exe
 0001:00002de5       __imp_load_?InternalFieldCount@Object@v8@@QEAAHXZ 0000000180003de5 f   node:node.exe
 0001:00002df1       __imp_load_?Get@Object@v8@@QEAA?AV?$MaybeLocal@VValue@v8@@@2@V?$Local@VContext@v8@@@2@I@Z 0000000180003df1 f   node:node.exe
 0001:00002dfd       __imp_load_?Set@Object@v8@@QEAA?AV?$Maybe@_N@2@V?$Local@VContext@v8@@@2@V?$Local@VValue@v8@@@2@1@Z 0000000180003dfd f   node:node.exe
 0001:00002e09       __imp_load_?SetInternalFieldCount@ObjectTemplate@v8@@QEAAXH@Z 0000000180003e09 f   node:node.exe
 0001:00002e15       __imp_load_?NewInstance@ObjectTemplate@v8@@QEAA?AV?$MaybeLocal@VObject@v8@@@2@V?$Local@VContext@v8@@@2@@Z 0000000180003e15 f   node:node.exe
 0001:00002e21       __imp_load_?New@ObjectTemplate@v8@@SA?AV?$Local@VObjectTemplate@v8@@@2@PEAVIsolate@2@V?$Local@VFunctionTemplate@v8@@@2@@Z 0000000180003e21 f   node:node.exe
 0001:00002e2d       __imp_load_?AtExit@node@@YAXP6AXPEAX@Z0@Z 0000000180003e2d f   node:node.exe
 0001:00002e39       __imp_load_?EmitAsyncDestroy@node@@YAXPEAVIsolate@v8@@Uasync_context@1@@Z 0000000180003e39 f   node:node.exe
 0001:00002e45       __imp_load_?FatalException@node@@YAXPEAVIsolate@v8@@AEBVTryCatch@3@@Z 0000000180003e45 f   node:node.exe
 0001:00002e51       __imp_load_node_module_register 0000000180003e51 f   node:node.exe
 0001:00002e5d       __imp_load_?New@Buffer@node@@YA?AV?$MaybeLocal@VObject@v8@@@v8@@PEAVIsolate@4@_K@Z 0000000180003e5d f   node:node.exe
 0001:00002e69       __imp_load_?Data@Buffer@node@@YAPEADV?$Local@VObject@v8@@@v8@@@Z 0000000180003e69 f   node:node.exe
 0001:00002e75       __imp_load_?MakeCallback@node@@YA?AV?$MaybeLocal@VValue@v8@@@v8@@PEAVIsolate@3@V?$Local@VObject@v8@@@3@V?$Local@VFunction@v8@@@3@HPEAV?$Local@VValue@v8@@@3@Uasync_context@1@@Z 0000000180003e75 f   node:node.exe
 0001:00002e81       __imp_load_?EmitAsyncInit@node@@YA?AUasync_context@1@PEAVIsolate@v8@@V?$Local@VObject@v8@@@4@V?$Local@VString@v8@@@4@N@Z 0000000180003e81 f   node:node.exe
 0001:00002e8d       __imp_load_uv_default_loop 0000000180003e8d f   node:node.exe
 0001:00002e9c       ??0bad_alloc@std@@QEAA@AEBV01@@Z 0000000180003e9c f i libcpmt:xthrow.obj
 0001:00002edc       ??0bad_alloc@std@@QEAA@XZ  0000000180003edc f i libcpmt:xthrow.obj
 0001:00002efc       ??0exception@std@@QEAA@AEBV01@@Z 0000000180003efc f i libcpmt:xthrow.obj
 0001:00002f34       ??0length_error@std@@QEAA@AEBV01@@Z 0000000180003f34 f i libcpmt:xthrow.obj
 0001:00002f74       ??0length_error@std@@QEAA@PEBD@Z 0000000180003f74 f i libcpmt:xthrow.obj
 0001:00002fc0       ??0logic_error@std@@QEAA@AEBV01@@Z 0000000180003fc0 f i libcpmt:xthrow.obj
 0001:00003000       ??0out_of_range@std@@QEAA@AEBV01@@Z 0000000180004000 f i libcpmt:xthrow.obj
 0001:00003040       ??0out_of_range@std@@QEAA@PEBD@Z 0000000180004040 f i libcpmt:xthrow.obj
 0001:0000308c       ??1bad_array_new_length@std@@UEAA@XZ 000000018000408c f i LIBCMT:throw_bad_alloc.obj
 0001:0000308c       ??1bad_alloc@std@@UEAA@XZ  000000018000408c f i libcpmt:xthrow.obj
 0001:0000308c       ??1out_of_range@std@@UEAA@XZ 000000018000408c f i libcpmt:xthrow.obj
 0001:0000308c       ??1bad_exception@std@@UEAA@XZ 000000018000408c f i libvcruntime:frame.obj
 0001:0000308c       ??1length_error@std@@UEAA@XZ 000000018000408c f i libcpmt:xthrow.obj
 0001:000030a0       ?_Xbad_alloc@std@@YAXXZ    00000001800040a0 f   libcpmt:xthrow.obj
 0001:000030a0       ?__scrt_throw_std_bad_alloc@@YAXXZ 00000001800040a0 f   LIBCMT:throw_bad_alloc.obj
 0001:000030c0       ?_Xlength_error@std@@YAXPEBD@Z 00000001800040c0 f   libcpmt:xthrow.obj
 0001:000030e4       ?_Xout_of_range@std@@YAXPEBD@Z 00000001800040e4 f   libcpmt:xthrow.obj
 0001:00003108       ?what@exception@std@@UEBAPEBDXZ 0000000180004108 f i libcpmt:xthrow.obj
 0001:00003130       __security_check_cookie    0000000180004130 f   LIBCMT:_amdsecgs_.obj
 0001:00003154       ??2@YAPEAX_K@Z             0000000180004154 f   LIBCMT:new_scalar.obj
 0001:00003190       ??3@YAXPEAX@Z              0000000180004190 f   LIBCMT:delete_scalar.obj
 0001:00003198       ??_V@YAXPEAX@Z             0000000180004198 f   LIBCMT:delete_array.obj
 0001:00003198       ??3@YAXPEAX_K@Z            0000000180004198 f   LIBCMT:delete_scalar_size.obj
 0001:000031a0       ??_U@YAPEAX_K@Z            00000001800041a0 f   LIBCMT:new_array.obj
 0001:000031a8       ??_Gtype_info@@UEAAPEAXI@Z 00000001800041a8 f i LIBCMT:std_type_info_static.obj
 0001:000031a8       ??_Etype_info@@UEAAPEAXI@Z 00000001800041a8 f i LIBCMT:std_type_info_static.obj
 0001:00003530       _DllMainCRTStartup         0000000180004530 f   LIBCMT:dll_dllmain.obj
 0001:00003570       __raise_securityfailure    0000000180004570 f   LIBCMT:gs_report.obj
 0001:000035a4       __report_gsfailure         00000001800045a4 f   LIBCMT:gs_report.obj
 0001:000036ec       ??0bad_array_new_length@std@@QEAA@AEBV01@@Z 00000001800046ec f i LIBCMT:throw_bad_alloc.obj
 0001:0000372c       ??0bad_array_new_length@std@@QEAA@XZ 000000018000472c f i LIBCMT:throw_bad_alloc.obj
 0001:0000374c       ??_Ebad_alloc@std@@UEAAPEAXI@Z 000000018000474c f i libcpmt:xthrow.obj
 0001:0000374c       ??_Elength_error@std@@UEAAPEAXI@Z 000000018000474c f i libcpmt:xthrow.obj
 0001:0000374c       ??_Ebad_array_new_length@std@@UEAAPEAXI@Z 000000018000474c f i LIBCMT:throw_bad_alloc.obj
 0001:0000374c       ??_Gbad_exception@std@@UEAAPEAXI@Z 000000018000474c f i libvcruntime:frame.obj
 0001:0000374c       ??_Eexception@std@@UEAAPEAXI@Z 000000018000474c f i libcpmt:xthrow.obj
 0001:0000374c       ??_Gout_of_range@std@@UEAAPEAXI@Z 000000018000474c f i libcpmt:xthrow.obj
 0001:0000374c       ??_Gbad_array_new_length@std@@UEAAPEAXI@Z 000000018000474c f i LIBCMT:throw_bad_alloc.obj
 0001:0000374c       ??_Eout_of_range@std@@UEAAPEAXI@Z 000000018000474c f i libcpmt:xthrow.obj
 0001:0000374c       ??_Ebad_exception@std@@UEAAPEAXI@Z 000000018000474c f i libvcruntime:frame.obj
 0001:0000374c       ??_Elogic_error@std@@UEAAPEAXI@Z 000000018000474c f i libcpmt:xthrow.obj
 0001:0000374c       ??_Glogic_error@std@@UEAAPEAXI@Z 000000018000474c f i libcpmt:xthrow.obj
 0001:0000374c       ??_Gbad_alloc@std@@UEAAPEAXI@Z 000000018000474c f i libcpmt:xthrow.obj
 0001:0000374c       ??_Glength_error@std@@UEAAPEAXI@Z 000000018000474c f i libcpmt:xthrow.obj
 0001:0000374c       ??_Gexception@std@@UEAAPEAXI@Z 000000018000474c f i libcpmt:xthrow.obj
 0001:00003790       ?__scrt_throw_std_bad_array_new_length@@YAXXZ 0000000180004790 f   LIBCMT:throw_bad_alloc.obj
 0001:000037b0       __scrt_acquire_startup_lock 00000001800047b0 f   LIBCMT:utility.obj
 0001:000037ec       __scrt_dllmain_after_initialize_c 00000001800047ec f   LIBCMT:utility.obj
 0001:0000380c       __scrt_dllmain_before_initialize_c 000000018000480c f   LIBCMT:utility.obj
 0001:00003824       __scrt_dllmain_crt_thread_attach 0000000180004824 f   LIBCMT:utility.obj
 0001:0000384c       __scrt_dllmain_crt_thread_detach 000000018000484c f   LIBCMT:utility.obj
 0001:00003864       __scrt_dllmain_exception_filter 0000000180004864 f   LIBCMT:utility.obj
 0001:000038c8       __scrt_dllmain_uninitialize_c 00000001800048c8 f   LIBCMT:utility.obj
 0001:000038f8       __scrt_dllmain_uninitialize_critical 00000001800048f8 f   LIBCMT:utility.obj
 0001:0000390c       __scrt_initialize_crt      000000018000490c f   LIBCMT:utility.obj
 0001:00003958       __scrt_initialize_onexit_tables 0000000180004958 f   LIBCMT:utility.obj
 0001:00003a24       __scrt_is_nonwritable_in_current_image 0000000180004a24 f   LIBCMT:utility.obj
 0001:00003ac0       __scrt_release_startup_lock 0000000180004ac0 f   LIBCMT:utility.obj
 0001:00003ae4       __scrt_uninitialize_crt    0000000180004ae4 f   LIBCMT:utility.obj
 0001:00003b10       _onexit                    0000000180004b10 f   LIBCMT:utility.obj
 0001:00003b60       atexit                     0000000180004b60 f   LIBCMT:utility.obj
 0001:00003b78       __security_init_cookie     0000000180004b78 f   LIBCMT:gs_support.obj
 0001:00003c24       DllMain                    0000000180004c24 f   LIBCMT:dll_dllmain_stub.obj
 0001:00003c2c       ?__scrt_initialize_type_info@@YAXXZ 0000000180004c2c f   LIBCMT:tncleanup.obj
 0001:00003c3c       ?__scrt_uninitialize_type_info@@YAXXZ 0000000180004c3c f   LIBCMT:tncleanup.obj
 0001:00003c48       __local_stdio_printf_options 0000000180004c48 f i LIBCMT:default_local_stdio_options.obj
 0001:00003c50       __local_stdio_scanf_options 0000000180004c50 f i LIBCMT:default_local_stdio_options.obj
 0001:00003c58       __scrt_initialize_default_local_stdio_options 0000000180004c58 f   LIBCMT:default_local_stdio_options.obj
 0001:00003c74       __scrt_get_dyn_tls_init_callback 0000000180004c74 f   LIBCMT:dyn_tls_init.obj
 0001:00003c7c       __crt_debugger_hook        0000000180004c7c f   LIBCMT:utility_desktop.obj
 0001:00003c84       __scrt_fastfail            0000000180004c84 f   LIBCMT:utility_desktop.obj
 0001:00003dcc       _RTC_Initialize            0000000180004dcc f   LIBCMT:_initsect_.obj
 0001:00003e18       _RTC_Terminate             0000000180004e18 f   LIBCMT:_initsect_.obj
 0001:00003e64       _guard_check_icall         0000000180004e64 f i LIBCMT:checkcfg.obj
 0001:00003e6c       __isa_available_init       0000000180004e6c f   LIBCMT:_cpu_disp_.obj
 0001:00004030       __scrt_is_ucrt_dll_in_use  0000000180005030 f   LIBCMT:ucrt_detection.obj
 0001:00004050       memmove                    0000000180005050 f   libvcruntime:memcpy.obj
 0001:00004050       memcpy                     0000000180005050 f   libvcruntime:memcpy.obj
 0001:00004488       __std_exception_copy       0000000180005488 f   libvcruntime:std_exception.obj
 0001:00004518       __std_exception_destroy    0000000180005518 f   libvcruntime:std_exception.obj
 0001:00004540       _CxxThrowException         0000000180005540 f   libvcruntime:throw.obj
 0001:0000461c       __telemetry_main_invoke_trigger 000000018000561c f   libvcruntime:telemetry.obj
 0001:00004734       __telemetry_main_return_trigger 0000000180005734 f   libvcruntime:telemetry.obj
 0001:0000484c       __vcrt_initialize_telemetry_provider 000000018000584c f   libvcruntime:telemetry.obj
 0001:00004860       __vcrt_uninitialize_telemetry_provider 0000000180005860 f   libvcruntime:telemetry.obj
 0001:00004880       __C_specific_handler       0000000180005880 f   libvcruntime:_chandler_.obj
 0001:00004a70       __vcrt_initialize          0000000180005a70 f   libvcruntime:initialization.obj
 0001:00004aa8       __vcrt_thread_attach       0000000180005aa8 f   libvcruntime:initialization.obj
 0001:00004abc       __vcrt_thread_detach       0000000180005abc f   libvcruntime:initialization.obj
 0001:00004ad0       __vcrt_uninitialize        0000000180005ad0 f   libvcruntime:initialization.obj
 0001:00004afc       __vcrt_uninitialize_critical 0000000180005afc f   libvcruntime:initialization.obj
 0001:00004b0c       __std_type_info_compare    0000000180005b0c f   libvcruntime:std_type_info.obj
 0001:00004b34       __std_type_info_destroy_list 0000000180005b34 f   libvcruntime:std_type_info.obj
 0001:00004b70       memset                     0000000180005b70 f   libvcruntime:memset.obj
 0001:00004ed8       __vcrt_EventRegister       0000000180005ed8 f   libvcruntime:winapi_downlevel.obj
 0001:00004f5c       __vcrt_EventSetInformation 0000000180005f5c f   libvcruntime:winapi_downlevel.obj
 0001:00004fe0       __vcrt_EventUnregister     0000000180005fe0 f   libvcruntime:winapi_downlevel.obj
 0001:00005034       __vcrt_EventWriteTransfer  0000000180006034 f   libvcruntime:winapi_downlevel.obj
 0001:000050cc       __vcrt_FlsAlloc            00000001800060cc f   libvcruntime:winapi_downlevel.obj
 0001:00005120       __vcrt_FlsFree             0000000180006120 f   libvcruntime:winapi_downlevel.obj
 0001:00005174       __vcrt_FlsGetValue         0000000180006174 f   libvcruntime:winapi_downlevel.obj
 0001:000051c8       __vcrt_FlsSetValue         00000001800061c8 f   libvcruntime:winapi_downlevel.obj
 0001:00005230       __vcrt_InitializeCriticalSectionEx 0000000180006230 f   libvcruntime:winapi_downlevel.obj
 0001:000052a8       __vcrt_initialize_winapi_thunks 00000001800062a8 f   libvcruntime:winapi_downlevel.obj
 0001:000052e0       __vcrt_uninitialize_winapi_thunks 00000001800062e0 f   libvcruntime:winapi_downlevel.obj
 0001:00005330       _local_unwind              0000000180006330 f   libvcruntime:_jmpuwind_.obj
 0001:00005360       _NLG_Notify                0000000180006360 f   libvcruntime:_jmpuwind_.obj
 0001:00005380       __NLG_Dispatch2            0000000180006380 f   libvcruntime:_jmpuwind_.obj
 0001:00005390       __NLG_Return2              0000000180006390 f   libvcruntime:_jmpuwind_.obj
 0001:00005394       __vcrt_freefls             0000000180006394 f   libvcruntime:per_thread_data.obj
 0001:000053b4       __vcrt_freeptd             00000001800063b4 f   libvcruntime:per_thread_data.obj
 0001:00005404       __vcrt_getptd              0000000180006404 f   libvcruntime:per_thread_data.obj
 0001:00005420       __vcrt_getptd_noexit       0000000180006420 f   libvcruntime:per_thread_data.obj
 0001:000054c8       __vcrt_initialize_ptd      00000001800064c8 f   libvcruntime:per_thread_data.obj
 0001:00005508       __vcrt_uninitialize_ptd    0000000180006508 f   libvcruntime:per_thread_data.obj
 0001:0000552c       __vcrt_initialize_locks    000000018000652c f   libvcruntime:locks.obj
 0001:00005574       __vcrt_uninitialize_locks  0000000180006574 f   libvcruntime:locks.obj
 0001:000055ac       __vcrt_initialize_pure_virtual_call_handler 00000001800065ac f   libvcruntime:purevirt_data.obj
 0001:000055d0       ??0_LocaleUpdate@@QEAA@QEAU__crt_locale_pointers@@@Z 00000001800065d0 f i libucrt:mbstowcs.obj
 0001:0000583c       mbstowcs                   000000018000683c f   libucrt:mbstowcs.obj
 0001:00005858       free                       0000000180006858 f   libucrt:free.obj
 0001:00006248       ??$ftprintf@PEAU_iobuf@@PEB_WAEBQEB_WAEBQEB_WAEBI@?$__crt_char_traits@_W@@SAH$$QEAPEAU_iobuf@@$$QEAPEB_WAEBQEB_W2AEBI@Z 0000000180007248 f i libucrt:assert.obj
 0001:00006270       _wassert                   0000000180007270 f   libucrt:assert.obj
 0001:000062f4       fwprintf                   00000001800072f4 f i libucrt:assert.obj
 0001:00006338       swprintf                   0000000180007338 f i libucrt:assert.obj
 0001:0000638c       __acrt_call_reportfault    000000018000738c f   libucrt:invalid_parameter.obj
 0001:000064e8       __acrt_initialize_invalid_parameter_handler 00000001800074e8 f   libucrt:invalid_parameter.obj
 0001:000064f0       _invalid_parameter         00000001800074f0 f   libucrt:invalid_parameter.obj
 0001:00006598       _invalid_parameter_noinfo  0000000180007598 f   libucrt:invalid_parameter.obj
 0001:000065b8       _invalid_parameter_noinfo_noreturn 00000001800075b8 f   libucrt:invalid_parameter.obj
 0001:000065e8       _invoke_watson             00000001800075e8 f   libucrt:invalid_parameter.obj
 0001:00006630       malloc                     0000000180007630 f   libucrt:malloc.obj
 0001:00006638       __ascii_stricmp            0000000180007638 f   libucrt:stricmp.obj
 0001:00006674       _stricmp                   0000000180007674 f   libucrt:stricmp.obj
 0001:000066bc       _stricmp_l                 00000001800076bc f   libucrt:stricmp.obj
 0001:00006770       __acrt_initialize_new_handler 0000000180007770 f   libucrt:new_handler.obj
 0001:00006778       _callnewh                  0000000180007778 f   libucrt:new_handler.obj
 0001:000067b8       _query_new_handler         00000001800077b8 f   libucrt:new_handler.obj
 0001:000067ec       _initterm                  00000001800077ec f   libucrt:initterm.obj
 0001:00006864       _initterm_e                0000000180007864 f   libucrt:initterm.obj
 0001:000068b0       _seh_filter_dll            00000001800078b0 f   libucrt:exception_filter.obj
 0001:000068c4       _seh_filter_exe            00000001800078c4 f   libucrt:exception_filter.obj
 0001:00006c84       __acrt_initialize_thread_local_exit_callback 0000000180007c84 f   libucrt:exit.obj
 0001:00006c8c       _cexit                     0000000180007c8c f   libucrt:exit.obj
 0001:00006c9c       _exit                      0000000180007c9c f   libucrt:exit.obj
 0001:00006ca8       _is_c_termination_complete 0000000180007ca8 f   libucrt:exit.obj
 0001:00006e94       __dcrt_uninitialize_environments_nolock 0000000180007e94 f   libucrt:environment_initialization.obj
 0001:00006ecc       _initialize_narrow_environment 0000000180007ecc f   libucrt:environment_initialization.obj
 0001:00006ed4       ??$?RV<lambda_b8c45f8f788dd370798f47cfe8ac3a86>@@AEAV<lambda_4e60a939b0d047cfe11ddc22648dfba9>@@V<lambda_332c3edc96d0294ec56c57d38c1cdfd5>@@@?$__crt_seh_guarded_call@H@@QEAAH$$QEAV<lambda_b8c45f8f788dd370798f47cfe8ac3a86>@@AEAV<lambda_4e60a939b0d047cfe11ddc22648dfba9>@@$$QEAV<lambda_332c3edc96d0294ec56c57d38c1cdfd5>@@@Z 0000000180007ed4 f i libucrt:onexit.obj
 0001:00006f10       ??$?RV<lambda_e24bbb7b643b32fcea6fa61b31d4c984>@@AEAV<lambda_275893d493268fdec8709772e3fcec0e>@@V<lambda_9d71df4d7cf3f480f8d633942495c3b0>@@@?$__crt_seh_guarded_call@H@@QEAAH$$QEAV<lambda_e24bbb7b643b32fcea6fa61b31d4c984>@@AEAV<lambda_275893d493268fdec8709772e3fcec0e>@@$$QEAV<lambda_9d71df4d7cf3f480f8d633942495c3b0>@@@Z 0000000180007f10 f i libucrt:onexit.obj
 0001:0000728c       _crt_atexit                000000018000828c f   libucrt:onexit.obj
 0001:0000729c       _execute_onexit_table      000000018000829c f   libucrt:onexit.obj
 0001:000072d8       _initialize_onexit_table   00000001800082d8 f   libucrt:onexit.obj
 0001:00007318       _register_onexit_function  0000000180008318 f   libucrt:onexit.obj
 0001:00007398       __acrt_uninitialize_command_line 0000000180008398 f   libucrt:argv_data.obj
 0001:00007498       __acrt_initialize          0000000180008498 f   libucrt:initialization.obj
 0001:000074ac       __acrt_thread_attach       00000001800084ac f   libucrt:initialization.obj
 0001:000074c0       __acrt_thread_detach       00000001800084c0 f   libucrt:initialization.obj
 0001:000074d0       __acrt_uninitialize        00000001800084d0 f   libucrt:initialization.obj
 0001:000074e4       __acrt_uninitialize_critical 00000001800084e4 f   libucrt:initialization.obj
 0001:000074f4       terminate                  00000001800084f4 f   libucrt:terminate.obj
 0001:0000751c       strcpy_s                   000000018000851c f   libucrt:strcpy_s.obj
 0001:0000757c       _free_base                 000000018000857c f   libucrt:free_base.obj
 0001:000075bc       _malloc_base               00000001800085bc f   libucrt:malloc_base.obj
 0001:0000761c       abort                      000000018000861c f   libucrt:abort.obj
 0001:00007674       _calloc_base               0000000180008674 f   libucrt:calloc_base.obj
 0001:000076ec       ??$?RV<lambda_7b91131dde12e1c3dfc74ff76b3f2eac>@@AEAV<lambda_dd75445284c072d0bd3768540cc698fa>@@V<lambda_16bc4ecb55b4718497c16bceaea2ceaf>@@@?$__crt_seh_guarded_call@H@@QEAAH$$QEAV<lambda_7b91131dde12e1c3dfc74ff76b3f2eac>@@AEAV<lambda_dd75445284c072d0bd3768540cc698fa>@@$$QEAV<lambda_16bc4ecb55b4718497c16bceaea2ceaf>@@@Z 00000001800086ec f i libucrt:output.obj
 0001:0000772c       ??$ensure_buffer_is_big_enough@D@formatting_buffer@__crt_stdio_output@@QEAA_N_K@Z 000000018000872c f i libucrt:output.obj
 0001:000077d8       ??$is_wide_character_specifier@_W@__crt_stdio_output@@YA_N_K_WW4length_modifier@0@@Z 00000001800087d8 f i libucrt:output.obj
 0001:0000781c       ??$type_case_integer_parse_into_buffer@I@?$output_processor@_WV?$string_output_adapter@_W@__crt_stdio_output@@V?$standard_base@_WV?$string_output_adapter@_W@__crt_stdio_output@@@2@@__crt_stdio_output@@AEAAXII_N@Z 000000018000881c f i libucrt:output.obj
 0001:0000781c       ??$type_case_integer_parse_into_buffer@I@?$output_processor@_WV?$stream_output_adapter@_W@__crt_stdio_output@@V?$standard_base@_WV?$stream_output_adapter@_W@__crt_stdio_output@@@2@@__crt_stdio_output@@AEAAXII_N@Z 000000018000881c f i libucrt:output.obj
 0001:000078b8       ??$type_case_integer_parse_into_buffer@_K@?$output_processor@_WV?$stream_output_adapter@_W@__crt_stdio_output@@V?$standard_base@_WV?$stream_output_adapter@_W@__crt_stdio_output@@@2@@__crt_stdio_output@@AEAAX_KI_N@Z 00000001800088b8 f i libucrt:output.obj
 0001:000078b8       ??$type_case_integer_parse_into_buffer@_K@?$output_processor@_WV?$string_output_adapter@_W@__crt_stdio_output@@V?$standard_base@_WV?$string_output_adapter@_W@__crt_stdio_output@@@2@@__crt_stdio_output@@AEAAX_KI_N@Z 00000001800088b8 f i libucrt:output.obj
 0001:00007954       ??$write_multiple_characters@V?$stream_output_adapter@_W@__crt_stdio_output@@D@__crt_stdio_output@@YAXAEBV?$stream_output_adapter@_W@0@DHQEAH@Z 0000000180008954 f i libucrt:output.obj
 0001:000079e4       ??$write_multiple_characters@V?$string_output_adapter@_W@__crt_stdio_output@@D@__crt_stdio_output@@YAXAEBV?$string_output_adapter@_W@0@DHQEAH@Z 00000001800089e4 f i libucrt:output.obj
 0001:00007a54       ??0?$output_processor@_WV?$stream_output_adapter@_W@__crt_stdio_output@@V?$standard_base@_WV?$stream_output_adapter@_W@__crt_stdio_output@@@2@@__crt_stdio_output@@QEAA@AEBV?$stream_output_adapter@_W@1@_KQEB_WQEAU__crt_locale_pointers@@QEAD@Z 0000000180008a54 f i libucrt:output.obj
 0001:00007a54       ??0?$output_processor@_WV?$string_output_adapter@_W@__crt_stdio_output@@V?$standard_base@_WV?$string_output_adapter@_W@__crt_stdio_output@@@2@@__crt_stdio_output@@QEAA@AEBV?$string_output_adapter@_W@1@_KQEB_WQEAU__crt_locale_pointers@@QEAD@Z 0000000180008a54 f i libucrt:output.obj
 0001:00007bc4       ?force_decimal_point@__crt_stdio_output@@YAXPEADQEAU__crt_locale_pointers@@@Z 0000000180008bc4 f i libucrt:output.obj
 0001:00007c34       ?parse_int_from_format_string@?$output_processor@_WV?$string_output_adapter@_W@__crt_stdio_output@@V?$standard_base@_WV?$string_output_adapter@_W@__crt_stdio_output@@@2@@__crt_stdio_output@@AEAA_NQEAH@Z 0000000180008c34 f i libucrt:output.obj
 0001:00007c34       ?parse_int_from_format_string@?$output_processor@_WV?$stream_output_adapter@_W@__crt_stdio_output@@V?$standard_base@_WV?$stream_output_adapter@_W@__crt_stdio_output@@@2@@__crt_stdio_output@@AEAA_NQEAH@Z 0000000180008c34 f i libucrt:output.obj
 0001:00007cb4       ?process@?$output_processor@_WV?$stream_output_adapter@_W@__crt_stdio_output@@V?$standard_base@_WV?$stream_output_adapter@_W@__crt_stdio_output@@@2@@__crt_stdio_output@@QEAAHXZ 0000000180008cb4 f i libucrt:output.obj
 0001:00007f2c       ?process@?$output_processor@_WV?$string_output_adapter@_W@__crt_stdio_output@@V?$standard_base@_WV?$string_output_adapter@_W@__crt_stdio_output@@@2@@__crt_stdio_output@@QEAAHXZ 0000000180008f2c f i libucrt:output.obj
 0001:000081a8       ?state_case_size@?$output_processor@_WV?$stream_output_adapter@_W@__crt_stdio_output@@V?$standard_base@_WV?$stream_output_adapter@_W@__crt_stdio_output@@@2@@__crt_stdio_output@@AEAA_NXZ 00000001800091a8 f i libucrt:output.obj
 0001:0000834c       ?state_case_size@?$output_processor@_WV?$string_output_adapter@_W@__crt_stdio_output@@V?$standard_base@_WV?$string_output_adapter@_W@__crt_stdio_output@@@2@@__crt_stdio_output@@AEAA_NXZ 000000018000934c f i libucrt:output.obj
 0001:000084f0       ?state_case_type@?$output_processor@_WV?$stream_output_adapter@_W@__crt_stdio_output@@V?$standard_base@_WV?$stream_output_adapter@_W@__crt_stdio_output@@@2@@__crt_stdio_output@@AEAA_NXZ 00000001800094f0 f i libucrt:output.obj
 0001:000087bc       ?state_case_type@?$output_processor@_WV?$string_output_adapter@_W@__crt_stdio_output@@V?$standard_base@_WV?$string_output_adapter@_W@__crt_stdio_output@@@2@@__crt_stdio_output@@AEAA_NXZ 00000001800097bc f i libucrt:output.obj
 0001:00008a88       ?type_case_Z@?$output_processor@_WV?$string_output_adapter@_W@__crt_stdio_output@@V?$standard_base@_WV?$string_output_adapter@_W@__crt_stdio_output@@@2@@__crt_stdio_output@@AEAA_NXZ 0000000180009a88 f i libucrt:output.obj
 0001:00008a88       ?type_case_Z@?$output_processor@_WV?$stream_output_adapter@_W@__crt_stdio_output@@V?$standard_base@_WV?$stream_output_adapter@_W@__crt_stdio_output@@@2@@__crt_stdio_output@@AEAA_NXZ 0000000180009a88 f i libucrt:output.obj
 0001:00008b08       ?type_case_a@?$output_processor@_WV?$string_output_adapter@_W@__crt_stdio_output@@V?$standard_base@_WV?$string_output_adapter@_W@__crt_stdio_output@@@2@@__crt_stdio_output@@AEAA_NXZ 0000000180009b08 f i libucrt:output.obj
 0001:00008b08       ?type_case_a@?$output_processor@_WV?$stream_output_adapter@_W@__crt_stdio_output@@V?$standard_base@_WV?$stream_output_adapter@_W@__crt_stdio_output@@@2@@__crt_stdio_output@@AEAA_NXZ 0000000180009b08 f i libucrt:output.obj
 0001:00008d4c       ?type_case_c_tchar@?$output_processor@_WV?$stream_output_adapter@_W@__crt_stdio_output@@V?$standard_base@_WV?$stream_output_adapter@_W@__crt_stdio_output@@@2@@__crt_stdio_output@@AEAA_N_W@Z 0000000180009d4c f i libucrt:output.obj
 0001:00008d4c       ?type_case_c_tchar@?$output_processor@_WV?$string_output_adapter@_W@__crt_stdio_output@@V?$standard_base@_WV?$string_output_adapter@_W@__crt_stdio_output@@@2@@__crt_stdio_output@@AEAA_N_W@Z 0000000180009d4c f i libucrt:output.obj
 0001:00008df4       ?type_case_integer@?$output_processor@_WV?$stream_output_adapter@_W@__crt_stdio_output@@V?$standard_base@_WV?$stream_output_adapter@_W@__crt_stdio_output@@@2@@__crt_stdio_output@@AEAA_NI_N@Z 0000000180009df4 f i libucrt:output.obj
 0001:00008df4       ?type_case_integer@?$output_processor@_WV?$string_output_adapter@_W@__crt_stdio_output@@V?$standard_base@_WV?$string_output_adapter@_W@__crt_stdio_output@@@2@@__crt_stdio_output@@AEAA_NI_N@Z 0000000180009df4 f i libucrt:output.obj
 0001:00008f94       ?type_case_n@?$output_processor@_WV?$string_output_adapter@_W@__crt_stdio_output@@V?$standard_base@_WV?$string_output_adapter@_W@__crt_stdio_output@@@2@@__crt_stdio_output@@AEAA_NXZ 0000000180009f94 f i libucrt:output.obj
 0001:00008f94       ?type_case_n@?$output_processor@_WV?$stream_output_adapter@_W@__crt_stdio_output@@V?$standard_base@_WV?$stream_output_adapter@_W@__crt_stdio_output@@@2@@__crt_stdio_output@@AEAA_NXZ 0000000180009f94 f i libucrt:output.obj
 0001:00009070       ?type_case_s@?$output_processor@_WV?$string_output_adapter@_W@__crt_stdio_output@@V?$standard_base@_WV?$string_output_adapter@_W@__crt_stdio_output@@@2@@__crt_stdio_output@@AEAA_NXZ 000000018000a070 f i libucrt:output.obj
 0001:00009070       ?type_case_s@?$output_processor@_WV?$stream_output_adapter@_W@__crt_stdio_output@@V?$standard_base@_WV?$stream_output_adapter@_W@__crt_stdio_output@@@2@@__crt_stdio_output@@AEAA_NXZ 000000018000a070 f i libucrt:output.obj
 0001:00009138       ?write_stored_string_tchar@?$output_processor@_WV?$stream_output_adapter@_W@__crt_stdio_output@@V?$standard_base@_WV?$stream_output_adapter@_W@__crt_stdio_output@@@2@@__crt_stdio_output@@AEAA_N_W@Z 000000018000a138 f i libucrt:output.obj
 0001:00009224       ?write_stored_string_tchar@?$output_processor@_WV?$string_output_adapter@_W@__crt_stdio_output@@V?$standard_base@_WV?$string_output_adapter@_W@__crt_stdio_output@@@2@@__crt_stdio_output@@AEAA_N_W@Z 000000018000a224 f i libucrt:output.obj
 0001:00009314       ?write_string@?$stream_output_adapter@_W@__crt_stdio_output@@QEBAXQEB_WHQEAH1@Z 000000018000a314 f i libucrt:output.obj
 0001:00009420       ?write_string@?$string_output_adapter@_W@__crt_stdio_output@@QEBAXQEB_WHQEAH1@Z 000000018000a420 f i libucrt:output.obj
 0001:000094e0       __stdio_common_vfwprintf   000000018000a4e0 f   libucrt:output.obj
 0001:0000956c       __stdio_common_vswprintf   000000018000a56c f   libucrt:output.obj
 0001:000097a4       ??$is_overflow_condition@K@__crt_strtox@@YA_NIK@Z 000000018000a7a4 f i libucrt:atox.obj
 0001:000097d0       ??$parse_integer@KV?$c_string_character_source@_W@__crt_strtox@@@__crt_strtox@@YAKQEAU__crt_locale_pointers@@V?$c_string_character_source@_W@0@H_N@Z 000000018000a7d0 f i libucrt:atox.obj
 0001:00009ea4       __acrt_errno_from_os_error 000000018000aea4 f   libucrt:errno.obj
 0001:00009eec       __acrt_errno_map_os_error  000000018000aeec f   libucrt:errno.obj
 0001:00009f3c       __doserrno                 000000018000af3c f   libucrt:errno.obj
 0001:00009f5c       _errno                     000000018000af5c f   libucrt:errno.obj
 0001:00009f7c       _isleadbyte_l              000000018000af7c f i libucrt:_wctype.obj
 0001:00009fbc       ??$?RV<lambda_46352004c1216016012b18bd6f87e700>@@AEAV<lambda_3bd07e1a1191394380780325891bf33f>@@V<lambda_334532d3f185bcaa59b5be82d7d22bff>@@@?$__crt_seh_guarded_call@X@@QEAAX$$QEAV<lambda_46352004c1216016012b18bd6f87e700>@@AEAV<lambda_3bd07e1a1191394380780325891bf33f>@@$$QEAV<lambda_334532d3f185bcaa59b5be82d7d22bff>@@@Z 000000018000afbc f i libucrt:per_thread_data.obj
 0001:0000a01c       ??$?RV<lambda_5e887d1dcbef67a5eb4283622ba103bf>@@AEAV<lambda_4466841279450cc726390878d4a41900>@@V<lambda_341c25c0346d94847f1f3c463c57e077>@@@?$__crt_seh_guarded_call@X@@QEAAX$$QEAV<lambda_5e887d1dcbef67a5eb4283622ba103bf>@@AEAV<lambda_4466841279450cc726390878d4a41900>@@$$QEAV<lambda_341c25c0346d94847f1f3c463c57e077>@@@Z 000000018000b01c f i libucrt:per_thread_data.obj
 0001:0000a064       ??$?RV<lambda_72d1df2b273a38828b1ce30cbf4cdab5>@@AEAV<lambda_876a65b173b8412d3a47c70a915b0cf4>@@V<lambda_41932305e351933ebe8f8be3ed8bb5dc>@@@?$__crt_seh_guarded_call@X@@QEAAX$$QEAV<lambda_72d1df2b273a38828b1ce30cbf4cdab5>@@AEAV<lambda_876a65b173b8412d3a47c70a915b0cf4>@@$$QEAV<lambda_41932305e351933ebe8f8be3ed8bb5dc>@@@Z 000000018000b064 f i libucrt:per_thread_data.obj
 0001:0000a0a4       ??$?RV<lambda_fb3a7dec4e47f37f22dae91bb15c9095>@@AEAV<lambda_698284760c8add0bfb0756c19673e34b>@@V<lambda_dfb8eca1e75fef3034a8fb18dd509707>@@@?$__crt_seh_guarded_call@X@@QEAAX$$QEAV<lambda_fb3a7dec4e47f37f22dae91bb15c9095>@@AEAV<lambda_698284760c8add0bfb0756c19673e34b>@@$$QEAV<lambda_dfb8eca1e75fef3034a8fb18dd509707>@@@Z 000000018000b0a4 f i libucrt:per_thread_data.obj
 0001:0000a334       __acrt_freeptd             000000018000b334 f   libucrt:per_thread_data.obj
 0001:0000a378       __acrt_getptd              000000018000b378 f   libucrt:per_thread_data.obj
 0001:0000a40c       __acrt_getptd_noexit       000000018000b40c f   libucrt:per_thread_data.obj
 0001:0000a4ac       __acrt_initialize_ptd      000000018000b4ac f   libucrt:per_thread_data.obj
 0001:0000a4e8       __acrt_uninitialize_ptd    000000018000b4e8 f   libucrt:per_thread_data.obj
 0001:0000a50c       __acrt_update_locale_info  000000018000b50c f   libucrt:locale_update.obj
 0001:0000a540       __acrt_update_multibyte_info 000000018000b540 f   libucrt:locale_update.obj
 0001:0000a574       __acrt_set_locale_changed  000000018000b574 f   libucrt:wsetlocale.obj
 0001:0000a580       __acrt_uninitialize_locale 000000018000b580 f   libucrt:wsetlocale.obj
 0001:0000a5c8       _query_app_type            000000018000b5c8 f   libucrt:report_runtime_error.obj
 0001:0000a6f8       _itow_s                    000000018000b6f8 f   libucrt:xtoa.obj
 0001:0000a718       _set_error_mode            000000018000b718 f   libucrt:set_error_mode.obj
 0001:0000a758       wcscat_s                   000000018000b758 f   libucrt:wcscat_s.obj
 0001:0000a7d8       wcscpy_s                   000000018000b7d8 f   libucrt:wcscpy_s.obj
 0001:0000a840       wcsncat_s                  000000018000b840 f   libucrt:wcsncat_s.obj
 0001:0000a968       __acrt_show_wide_message_box 000000018000b968 f   libucrt:crtmbox.obj
 0001:0000aa84       __acrt_initialize_stdio    000000018000ba84 f   libucrt:_file.obj
 0001:0000aba4       __acrt_iob_func            000000018000bba4 f   libucrt:_file.obj
 0001:0000abb8       __acrt_uninitialize_stdio  000000018000bbb8 f   libucrt:_file.obj
 0001:0000ac14       _lock_file                 000000018000bc14 f   libucrt:_file.obj
 0001:0000ac20       _unlock_file               000000018000bc20 f   libucrt:_file.obj
 0001:0000ac2c       __acrt_stdio_flush_nolock  000000018000bc2c f   libucrt:fflush.obj
 0001:0000aca4       _fflush_nolock             000000018000bca4 f   libucrt:fflush.obj
 0001:0000acf0       _flushall                  000000018000bcf0 f   libucrt:fflush.obj
 0001:0000ade0       fflush                     000000018000bde0 f   libucrt:fflush.obj
 0001:0000ae24       ??$?RV<lambda_7a5ef57ff966f610505f1d28a3d40618>@@AEAV<lambda_b721fa326cdb32351d23dfa67958c160>@@V<lambda_5e0fb27672408a07956fe59e48ccb2aa>@@@?$__crt_seh_guarded_call@H@@QEAAH$$QEAV<lambda_7a5ef57ff966f610505f1d28a3d40618>@@AEAV<lambda_b721fa326cdb32351d23dfa67958c160>@@$$QEAV<lambda_5e0fb27672408a07956fe59e48ccb2aa>@@@Z 000000018000be24 f i libucrt:setvbuf.obj
 0001:0000af54       setvbuf                    000000018000bf54 f   libucrt:setvbuf.obj
 0001:0000aff4       ??$?RV<lambda_c36588078e9f5dfd39652860aa6b3aaf>@@AEAV<lambda_ec61778202f4f5fc7e7711acc23c3bca>@@V<lambda_dc9d2797ccde5d239b4a0efae8ebd7db>@@@?$__crt_seh_guarded_call@P6AXH@Z@@QEAAP6AXH@Z$$QEAV<lambda_c36588078e9f5dfd39652860aa6b3aaf>@@AEAV<lambda_ec61778202f4f5fc7e7711acc23c3bca>@@$$QEAV<lambda_dc9d2797ccde5d239b4a0efae8ebd7db>@@@Z 000000018000bff4 f i libucrt:signal.obj
 0001:0000b03c       __acrt_get_sigabrt_handler 000000018000c03c f   libucrt:signal.obj
 0001:0000b06c       __acrt_initialize_signal_handlers 000000018000c06c f   libucrt:signal.obj
 0001:0000b08c       raise                      000000018000c08c f   libucrt:signal.obj
 0001:0000b378       _tolower_l                 000000018000c378 f   libucrt:tolower_toupper.obj
 0001:0000b4b8       tolower                    000000018000c4b8 f   libucrt:tolower_toupper.obj
 0001:0000b4e4       __acrt_initialize_locks    000000018000c4e4 f   libucrt:locks.obj
 0001:0000b52c       __acrt_lock                000000018000c52c f   libucrt:locks.obj
 0001:0000b548       __acrt_uninitialize_locks  000000018000c548 f   libucrt:locks.obj
 0001:0000b580       __acrt_unlock              000000018000c580 f   libucrt:locks.obj
 0001:0000b73c       __acrt_FlsAlloc            000000018000c73c f   libucrt:winapi_thunks.obj
 0001:0000b794       __acrt_FlsFree             000000018000c794 f   libucrt:winapi_thunks.obj
 0001:0000b7ec       __acrt_FlsGetValue         000000018000c7ec f   libucrt:winapi_thunks.obj
 0001:0000b844       __acrt_FlsSetValue         000000018000c844 f   libucrt:winapi_thunks.obj
 0001:0000b8ac       __acrt_InitializeCriticalSectionEx 000000018000c8ac f   libucrt:winapi_thunks.obj
 0001:0000b924       __acrt_LCMapStringEx       000000018000c924 f   libucrt:winapi_thunks.obj
 0001:0000ba14       __acrt_LocaleNameToLCID    000000018000ca14 f   libucrt:winapi_thunks.obj
 0001:0000ba7c       __acrt_MessageBoxW         000000018000ca7c f   libucrt:winapi_thunks.obj
 0001:0000bb04       __acrt_can_show_message_box 000000018000cb04 f   libucrt:winapi_thunks.obj
 0001:0000bb60       __acrt_get_parent_window   000000018000cb60 f   libucrt:winapi_thunks.obj
 0001:0000bbf0       __acrt_initialize_winapi_thunks 000000018000cbf0 f   libucrt:winapi_thunks.obj
 0001:0000bc28       __acrt_is_interactive      000000018000cc28 f   libucrt:winapi_thunks.obj
 0001:0000bcfc       __acrt_is_packaged_app     000000018000ccfc f   libucrt:winapi_thunks.obj
 0001:0000bd84       __acrt_uninitialize_winapi_thunks 000000018000cd84 f   libucrt:winapi_thunks.obj
 0001:0000bdc8       ??$?RV<lambda_99476a1ad63dd22509b5d3e65b0ffc95>@@AEAV<lambda_ad1ced32f4ac17aa236e5ef05d6b3b7c>@@V<lambda_f7424dd8d45958661754dc4f2697e9c3>@@@?$__crt_seh_guarded_call@X@@QEAAX$$QEAV<lambda_99476a1ad63dd22509b5d3e65b0ffc95>@@AEAV<lambda_ad1ced32f4ac17aa236e5ef05d6b3b7c>@@$$QEAV<lambda_f7424dd8d45958661754dc4f2697e9c3>@@@Z 000000018000cdc8 f i libucrt:mbctype.obj
 0001:0000c4c4       __acrt_initialize_multibyte 000000018000d4c4 f   libucrt:mbctype.obj
 0001:0000c4ec       __acrt_update_thread_multibyte_data 000000018000d4ec f   libucrt:mbctype.obj
 0001:0000c5ac       _setmbcp_nolock            000000018000d5ac f   libucrt:mbctype.obj
 0001:0000c854       __dcrt_get_narrow_environment_from_os 000000018000d854 f   libucrt:get_environment_from_os.obj
 0001:0000c958       _recalloc                  000000018000d958 f   libucrt:recalloc.obj
 0001:0000c960       _recalloc_base             000000018000d960 f   libucrt:recalloc.obj
 0001:0000c9f8       __acrt_initialize_heap     000000018000d9f8 f   libucrt:heap_handle.obj
 0001:0000ca14       __acrt_uninitialize_heap   000000018000da14 f   libucrt:heap_handle.obj
 0001:0000cc08       __acrt_initialize_lowio    000000018000dc08 f   libucrt:ioinit.obj
 0001:0000cc44       __acrt_uninitialize_lowio  000000018000dc44 f   libucrt:ioinit.obj
 0001:0000cc84       __acrt_initialize_command_line 000000018000dc84 f   libucrt:argv_data.obj
 0001:0000ccac       __acrt_execute_initializers 000000018000dcac f   libucrt:shared_initialization.obj
 0001:0000cd40       __acrt_execute_uninitializers 000000018000dd40 f   libucrt:shared_initialization.obj
 0001:0000cd90       __acrt_has_user_matherr    000000018000dd90 f   libucrt:matherr.obj
 0001:0000cdb0       __acrt_initialize_user_matherr 000000018000ddb0 f   libucrt:matherr.obj
 0001:0000cdb8       __acrt_invoke_user_matherr 000000018000ddb8 f   libucrt:matherr.obj
 0001:0000ce00       __acrt_stdio_begin_temporary_buffering_nolock 000000018000de00 f   libucrt:_sftbuf.obj
 0001:0000ced0       __acrt_stdio_end_temporary_buffering_nolock 000000018000ded0 f   libucrt:_sftbuf.obj
 0001:0000cf0c       _query_new_mode            000000018000df0c f   libucrt:new_mode.obj
 0001:0000cf14       isdigit                    000000018000df14 f i libucrt:_ctype.obj
 0001:0000cf88       ??$make_c_string_character_source@_WPEAPEA_W@__crt_strtox@@YA?AV?$c_string_character_source@_W@0@QEB_WQEAPEA_W@Z 000000018000df88 f i libucrt:strtox.obj
 0001:0000cf9c       wcstol                     000000018000df9c f   libucrt:strtox.obj
 0001:0000cfcc       _mbtowc_l                  000000018000dfcc f   libucrt:mbtowc.obj
 0001:0000d114       mbtowc                     000000018000e114 f   libucrt:mbtowc.obj
 0001:0000d11c       _wctomb_s_l                000000018000e11c f   libucrt:wctomb.obj
 0001:0000d2a0       wctomb_s                   000000018000e2a0 f   libucrt:wctomb.obj
 0001:0000d2b4       wcsnlen                    000000018000e2b4 f   libucrt:strnlen.obj
 0001:0000d4a4       ?__acrt_fp_classify@@YA?AW4__acrt_fp_class@@AEBN@Z 000000018000e4a4 f i libucrt:cvt.obj
 0001:0000dedc       __acrt_fp_format           000000018000eedc f   libucrt:cvt.obj
 0001:0000e120       _fputwc_nolock             000000018000f120 f   libucrt:fputwc.obj
 0001:0000e29c       _fileno                    000000018000f29c f   libucrt:fileno.obj
 0001:0000e2c4       _fputc_nolock              000000018000f2c4 f   libucrt:fputc.obj
 0001:0000e2dc       _get_printf_count_output   000000018000f2dc f   libucrt:printf_count_output.obj
 0001:0000e2f4       __pctype_func              000000018000f2f4 f   libucrt:ctype.obj
 0001:0000e324       iswctype                   000000018000f324 f   libucrt:iswctype.obj
 0001:0000e394       _isctype_l                 000000018000f394 f   libucrt:isctype.obj
 0001:0000e4a4       __acrt_add_locale_ref      000000018000f4a4 f   libucrt:locale_refcounting.obj
 0001:0000e530       __acrt_free_locale         000000018000f530 f   libucrt:locale_refcounting.obj
 0001:0000e6a8       __acrt_locale_add_lc_time_reference 000000018000f6a8 f   libucrt:locale_refcounting.obj
 0001:0000e6d0       __acrt_locale_free_lc_time_if_unreferenced 000000018000f6d0 f   libucrt:locale_refcounting.obj
 0001:0000e708       __acrt_locale_release_lc_time_reference 000000018000f708 f   libucrt:locale_refcounting.obj
 0001:0000e730       __acrt_release_locale_ref  000000018000f730 f   libucrt:locale_refcounting.obj
 0001:0000e7d8       __acrt_update_thread_locale_data 000000018000f7d8 f   libucrt:locale_refcounting.obj
 0001:0000e848       _updatetlocinfoEx_nolock   000000018000f848 f   libucrt:locale_refcounting.obj
 0001:0000e8b0       __acrt_locale_free_monetary 000000018000f8b0 f   libucrt:initmon.obj
 0001:0000e9bc       __acrt_locale_free_numeric 000000018000f9bc f   libucrt:initnum.obj
 0001:0000ea80       __acrt_locale_free_time    000000018000fa80 f   libucrt:inittime.obj
 0001:0000eb88       __acrt_GetStringTypeA      000000018000fb88 f   libucrt:getstringtypea.obj
 0001:0000ed3c       _fcloseall                 000000018000fd3c f   libucrt:closeall.obj
 0001:0000edf0       __acrt_stdio_free_buffer_nolock 000000018000fdf0 f   libucrt:_freebuf.obj
 0001:0000ee30       ??$?RV<lambda_b521505b218e5242e90febf6bfebc422>@@AEAV<lambda_6978c1fb23f02e42e1d9e99668cc68aa>@@V<lambda_314360699dd331753a4119843814e9a7>@@@?$__crt_seh_guarded_call@H@@QEAAH$$QEAV<lambda_b521505b218e5242e90febf6bfebc422>@@AEAV<lambda_6978c1fb23f02e42e1d9e99668cc68aa>@@$$QEAV<lambda_314360699dd331753a4119843814e9a7>@@@Z 000000018000fe30 f i libucrt:commit.obj
 0001:0000eebc       _commit                    000000018000febc f   libucrt:commit.obj
 0001:0000f4f0       _write                     00000001800104f0 f   libucrt:write.obj
 0001:0000f5dc       _write_nolock              00000001800105dc f   libucrt:write.obj
 0001:0000fc1c       __acrt_LCMapStringA        0000000180010c1c f   libucrt:lcmapstringa.obj
 0001:0000fd7c       __acrt_DownlevelLocaleNameToLCID 0000000180010d7c f   libucrt:lcidtoname_downlevel.obj
 0001:0000fdc8       _msize                     0000000180010dc8 f   libucrt:msize.obj
 0001:0000fe04       _realloc_base              0000000180010e04 f   libucrt:realloc_base.obj
 0001:0000fe88       __acrt_lowio_create_handle_array 0000000180010e88 f   libucrt:osfinfo.obj
 0001:0000ff20       __acrt_lowio_destroy_handle_array 0000000180010f20 f   libucrt:osfinfo.obj
 0001:0000ff70       __acrt_lowio_ensure_fh_exists 0000000180010f70 f   libucrt:osfinfo.obj
 0001:00010028       __acrt_lowio_lock_fh       0000000180011028 f   libucrt:osfinfo.obj
 0001:0001004c       __acrt_lowio_unlock_fh     000000018001104c f   libucrt:osfinfo.obj
 0001:00010070       _free_osfhnd               0000000180011070 f   libucrt:osfinfo.obj
 0001:0001012c       _get_osfhandle             000000018001112c f   libucrt:osfinfo.obj
 0001:000101a4       _isatty                    00000001800111a4 f   libucrt:isatty.obj
 0001:00010204       __acrt_fp_strflt_to_string 0000000180011204 f   libucrt:_fptostr.obj
 0001:000102d0       ?divide@__crt_strtox@@YA_KAEAUbig_integer@1@AEBU21@@Z 00000001800112d0 f i libucrt:cfout.obj
 0001:000107a0       __acrt_fltout              00000001800117a0 f   libucrt:cfout.obj
 0001:00011da4       __acrt_stdio_flush_and_write_narrow_nolock 0000000180012da4 f   libucrt:_flsbuf.obj
 0001:00011e8c       __acrt_stdio_flush_and_write_wide_nolock 0000000180012e8c f   libucrt:_flsbuf.obj
 0001:00011f78       _fclose_nolock             0000000180012f78 f   libucrt:fclose.obj
 0001:00011ffc       fclose                     0000000180012ffc f   libucrt:fclose.obj
 0001:000121f4       _lseeki64                  00000001800131f4 f   libucrt:lseek.obj
 0001:000121fc       _lseeki64_nolock           00000001800131fc f   libucrt:lseek.obj
 0001:00012204       _putwch_nolock             0000000180013204 f   libucrt:putwch.obj
 0001:00012260       __strncnt                  0000000180013260 f   libucrt:strncnt.obj
 0001:00012278       fegetenv                   0000000180013278 f   libucrt:fegetenv.obj
 0001:00012298       fesetenv                   0000000180013298 f   libucrt:fesetenv.obj
 0001:000122e4       feholdexcept               00000001800132e4 f   libucrt:feholdexcept.obj
 0001:00012334       ceil                       0000000180013334 f   libucrt:ceil.obj
 0001:00012400       log10                      0000000180013400 f   libucrt:log10.obj
 0001:000129ac       __acrt_stdio_allocate_buffer_nolock 00000001800139ac f   libucrt:_getbuf.obj
 0001:00012a10       ??$?RV<lambda_bfedae4ebbf01fab1bb6dcc6a9e276e0>@@AEAV<lambda_2fe9b910cf3cbf4a0ab98a02ba45b3ec>@@V<lambda_237c231691f317818eb88cc1d5d642d6>@@@?$__crt_seh_guarded_call@H@@QEAAH$$QEAV<lambda_bfedae4ebbf01fab1bb6dcc6a9e276e0>@@AEAV<lambda_2fe9b910cf3cbf4a0ab98a02ba45b3ec>@@$$QEAV<lambda_237c231691f317818eb88cc1d5d642d6>@@@Z 0000000180013a10 f i libucrt:close.obj
 0001:00012a84       _close                     0000000180013a84 f   libucrt:close.obj
 0001:00012b28       _close_nolock              0000000180013b28 f   libucrt:close.obj
 0001:00012be4       ?__acrt_stdio_free_stream@@YAXV__crt_stdio_stream@@@Z 0000000180013be4 f   libucrt:stream.obj
 0001:00012c28       __dcrt_lowio_initialize_console_output 0000000180013c28 f   libucrt:initcon.obj
 0001:00012c64       __dcrt_terminate_console_output 0000000180013c64 f   libucrt:initcon.obj
 0001:00012c84       _getfpcontrolword          0000000180013c84 f   libucrt:_fenvutils.obj
 0001:00012c9c       _getfpstatusword           0000000180013c9c f   libucrt:_fenvutils.obj
 0001:00012cb0       _setfpcontrolword          0000000180013cb0 f   libucrt:_fenvutils.obj
 0001:00012cbc       _setfpstatusword           0000000180013cbc f   libucrt:_fenvutils.obj
 0001:00012d0c       _clearfp                   0000000180013d0c f   libucrt:ieee.obj
 0001:00012d60       _controlfp                 0000000180013d60 f   libucrt:ieee.obj
 0001:00012d6c       _statusfp                  0000000180013d6c f   libucrt:ieee.obj
 0001:00013170       _handle_error              0000000180014170 f   libucrt:libm_error.obj
 0001:00013298       _handle_nan                0000000180014298 f   libucrt:libm_error.obj
 0001:000132c0       __acrt_initialize_fma3     00000001800142c0 f   libucrt:fma3_available.obj
 0001:00013330       _log10_special             0000000180014330 f   libucrt:log_special.obj
 0001:00013400       _get_fpsr                  0000000180014400 f   libucrt:fpsr.obj
 0001:00013410       _set_fpsr                  0000000180014410 f   libucrt:fpsr.obj
 0001:0001341a       _fclrf                     000000018001441a f   libucrt:fpsr.obj
 0001:0001342e       _frnd                      000000018001442e f   libucrt:fpsr.obj
 0001:00013450       _raise_exc                 0000000180014450 f   libucrt:fpexcept.obj
 0001:00013478       _raise_exc_ex              0000000180014478 f   libucrt:fpexcept.obj
 0001:00013780       _set_errno_from_matherr    0000000180014780 f   libucrt:fpexcept.obj
 0001:000137b0       _clrfp                     00000001800147b0 f   libucrt:fpctrl.obj
 0001:000137d0       _ctrlfp                    00000001800147d0 f   libucrt:fpctrl.obj
 0001:0001384c       _set_statfp                000000018001484c f   libucrt:fpctrl.obj
 0001:0001386c       _statfp                    000000018001486c f   libucrt:fpctrl.obj
 0001:0001387e       IsProcessorFeaturePresent  000000018001487e f   kernel32:KERNEL32.dll
 0001:00013884       RtlUnwindEx                0000000180014884 f   kernel32:KERNEL32.dll
 0001:0001388a       SystemFunction036          000000018001488a f   advapi32:ADVAPI32.dll
 0001:00013890       ?DloadAcquireSectionWriteAccess@@YAXXZ 0000000180014890 f i DelayImp:delayhlp.obj
 0001:0001394c       ?DloadGetSRWLockFunctionPointers@@YAEXZ 000000018001494c f i DelayImp:delayhlp.obj
 0001:000139e8       ?DloadMakePermanentImageCommit@@YAXPEAX_K@Z 00000001800149e8 f i DelayImp:delayhlp.obj
 0001:00013a80       ?DloadObtainSection@@YAPEAXPEAK0@Z 0000000180014a80 f i DelayImp:delayhlp.obj
 0001:00013b18       ?DloadProtectSection@@YAXKPEAK@Z 0000000180014b18 f i DelayImp:delayhlp.obj
 0001:00013ba8       ?DloadReleaseSectionWriteAccess@@YAXXZ 0000000180014ba8 f i DelayImp:delayhlp.obj
 0001:00013c4c       __delayLoadHelper2         0000000180014c4c f   DelayImp:delayhlp.obj
 0001:00013f54       __GSHandlerCheck           0000000180014f54 f   LIBCMT:_gshandler_.obj
 0001:00013f74       __GSHandlerCheckCommon     0000000180014f74 f   LIBCMT:_gshandler_.obj
 0001:00013fd0       _FindPESection             0000000180014fd0 f   LIBCMT:pesect.obj
 0001:00014020       _IsNonwritableInCurrentImage 0000000180015020 f   LIBCMT:pesect.obj
 0001:00014070       _ValidateImageBase         0000000180015070 f   LIBCMT:pesect.obj
 0001:000140b0       _alloca_probe              00000001800150b0 f   LIBCMT:_chkstk_.obj
 0001:000140b0       __chkstk                   00000001800150b0 f   LIBCMT:_chkstk_.obj
 0001:00014120       memcmp                     0000000180015120 f   libvcruntime:memcmp.obj
 0001:000141e8       strrchr                    00000001800151e8 f   libvcruntime:strrchr.obj
 0001:0001432c       __GSHandlerCheck_EH        000000018001532c f   LIBCMT:gshandlereh.obj
 0001:000143bc       ?_GetEstablisherFrame@@YAPEA_KPEA_KPEAU_xDISPATCHER_CONTEXT@@PEBU_s_FuncInfo@@0@Z 00000001800153bc f   libvcruntime:trnsctrl.obj
 0001:00014488       ?_GetRangeOfTrysToCheck@@YAPEBU_s_TryBlockMapEntry@@PEA_KPEBU_s_FuncInfo@@HHPEAI2PEAU_xDISPATCHER_CONTEXT@@@Z 0000000180015488 f   libvcruntime:trnsctrl.obj
 0001:000145b4       ?__FrameUnwindToEmptyState@@YAXPEA_KPEAU_xDISPATCHER_CONTEXT@@PEBU_s_FuncInfo@@@Z 00000001800155b4 f   libvcruntime:trnsctrl.obj
 0001:00014648       ?__SehTransFilter@@YAHPEAU_EXCEPTION_POINTERS@@PEAUEHExceptionRecord@@PEA_KPEAU_CONTEXT@@PEAU_xDISPATCHER_CONTEXT@@PEBU_s_FuncInfo@@PEAH@Z 0000000180015648 f   libvcruntime:trnsctrl.obj
 0001:000146e0       _CallSETranslator          00000001800156e0 f   libvcruntime:trnsctrl.obj
 0001:00014738       _CreateFrameInfo           0000000180015738 f   libvcruntime:trnsctrl.obj
 0001:00014774       _FindAndUnlinkFrame        0000000180015774 f   libvcruntime:trnsctrl.obj
 0001:000147cc       _GetImageBase              00000001800157cc f   libvcruntime:trnsctrl.obj
 0001:000147e0       _GetThrowImageBase         00000001800157e0 f   libvcruntime:trnsctrl.obj
 0001:000147f4       _IsExceptionObjectToBeDestroyed 00000001800157f4 f   libvcruntime:trnsctrl.obj
 0001:00014824       _SetImageBase              0000000180015824 f   libvcruntime:trnsctrl.obj
 0001:0001483c       _SetThrowImageBase         000000018001583c f   libvcruntime:trnsctrl.obj
 0001:00014854       _UnwindNestedFrames        0000000180015854 f   libvcruntime:trnsctrl.obj
 0001:00014978       __CxxFrameHandler3         0000000180015978 f   libvcruntime:trnsctrl.obj
 0001:000149f8       ?__GetCurrentState@@YAHPEA_KPEAU_xDISPATCHER_CONTEXT@@PEBU_s_FuncInfo@@@Z 00000001800159f8 f   libvcruntime:ehstate.obj
 0001:00014a20       ?__GetUnwindTryBlock@@YAHPEA_KPEAU_xDISPATCHER_CONTEXT@@PEBU_s_FuncInfo@@@Z 0000000180015a20 f   libvcruntime:ehstate.obj
 0001:00014a4c       ?__SetState@@YAXPEA_KPEAU_xDISPATCHER_CONTEXT@@PEBU_s_FuncInfo@@H@Z 0000000180015a4c f   libvcruntime:ehstate.obj
 0001:00014a58       ?__SetUnwindTryBlock@@YAXPEA_KPEAU_xDISPATCHER_CONTEXT@@PEBU_s_FuncInfo@@H@Z 0000000180015a58 f   libvcruntime:ehstate.obj
 0001:00014a94       ?__StateFromControlPc@@YAHPEBU_s_FuncInfo@@PEAU_xDISPATCHER_CONTEXT@@@Z 0000000180015a94 f   libvcruntime:ehstate.obj
 0001:00014a9c       ?__StateFromIp@@YAHPEBU_s_FuncInfo@@PEAU_xDISPATCHER_CONTEXT@@_J@Z 0000000180015a9c f   libvcruntime:ehstate.obj
 0001:00014b08       __DestructExceptionObject  0000000180015b08 f   libvcruntime:frame.obj
 0001:00014b90       ??0bad_exception@std@@QEAA@AEBV01@@Z 0000000180015b90 f i libvcruntime:frame.obj
 0001:00014bd0       ??0bad_exception@std@@QEAA@XZ 0000000180015bd0 f i libvcruntime:frame.obj
 0001:00015518       ?_CallMemberFunction0@@YAXPEAXP6AX0@Z@Z 0000000180016518 f i libvcruntime:frame.obj
 0001:0001551c       ?_CallMemberFunction1@@YAXPEAXP6AX0@Z0@Z 000000018001651c f i libvcruntime:frame.obj
 0001:00015528       ?_CallMemberFunction2@@YAXPEAXP6AX0@Z0H@Z 0000000180016528 f i libvcruntime:frame.obj
 0001:00015538       __AdjustPointer            0000000180016538 f   libvcruntime:frame.obj
 0001:0001555c       __BuildCatchObject         000000018001655c f   libvcruntime:frame.obj
 0001:00015624       __BuildCatchObjectHelper   0000000180016624 f   libvcruntime:frame.obj
 0001:00015808       __CxxCallCatchBlock        0000000180016808 f   libvcruntime:frame.obj
 0001:000159f4       __FrameUnwindFilter        00000001800169f4 f   libvcruntime:frame.obj
 0001:00015a40       __FrameUnwindToState       0000000180016a40 f   libvcruntime:frame.obj
 0001:00015bd4       __InternalCxxFrameHandler  0000000180016bd4 f   libvcruntime:frame.obj
 0001:00015e2c       __TypeMatch                0000000180016e2c f   libvcruntime:frame.obj
 0001:00015f80       _CallSettingFrame          0000000180016f80 f   libvcruntime:handlers.obj
 0001:00015fd0       _guard_dispatch_icall_nop  0000000180016fd0 f   LIBCMT:_guard_dispatch_.obj
 0002:00000000       __imp_SystemFunction036    0000000180018000     advapi32:ADVAPI32.dll
 0002:00000008       \177ADVAPI32_NULL_THUNK_DATA 0000000180018008     advapi32:ADVAPI32.dll
 0002:00000010       __imp_VirtualQuery         0000000180018010     kernel32:KERNEL32.dll
 0002:00000018       __imp_VirtualProtect       0000000180018018     kernel32:KERNEL32.dll
 0002:00000020       __imp_GetSystemInfo        0000000180018020     kernel32:KERNEL32.dll
 0002:00000028       __imp_LoadLibraryExA       0000000180018028     kernel32:KERNEL32.dll
 0002:00000030       __imp_GetModuleHandleA     0000000180018030     kernel32:KERNEL32.dll
 0002:00000038       __imp_CreateFileW          0000000180018038     kernel32:KERNEL32.dll
 0002:00000040       __imp_SetFilePointerEx     0000000180018040     kernel32:KERNEL32.dll
 0002:00000048       __imp_RtlCaptureContext    0000000180018048     kernel32:KERNEL32.dll
 0002:00000050       __imp_RtlLookupFunctionEntry 0000000180018050     kernel32:KERNEL32.dll
 0002:00000058       __imp_RtlVirtualUnwind     0000000180018058     kernel32:KERNEL32.dll
 0002:00000060       __imp_UnhandledExceptionFilter 0000000180018060     kernel32:KERNEL32.dll
 0002:00000068       __imp_SetUnhandledExceptionFilter 0000000180018068     kernel32:KERNEL32.dll
 0002:00000070       __imp_GetCurrentProcess    0000000180018070     kernel32:KERNEL32.dll
 0002:00000078       __imp_TerminateProcess     0000000180018078     kernel32:KERNEL32.dll
 0002:00000080       __imp_IsProcessorFeaturePresent 0000000180018080     kernel32:KERNEL32.dll
 0002:00000088       __imp_QueryPerformanceCounter 0000000180018088     kernel32:KERNEL32.dll
 0002:00000090       __imp_GetCurrentProcessId  0000000180018090     kernel32:KERNEL32.dll
 0002:00000098       __imp_GetCurrentThreadId   0000000180018098     kernel32:KERNEL32.dll
 0002:000000a0       __imp_GetSystemTimeAsFileTime 00000001800180a0     kernel32:KERNEL32.dll
 0002:000000a8       __imp_InitializeSListHead  00000001800180a8     kernel32:KERNEL32.dll
 0002:000000b0       __imp_IsDebuggerPresent    00000001800180b0     kernel32:KERNEL32.dll
 0002:000000b8       __imp_GetStartupInfoW      00000001800180b8     kernel32:KERNEL32.dll
 0002:000000c0       __imp_GetModuleHandleW     00000001800180c0     kernel32:KERNEL32.dll
 0002:000000c8       __imp_RtlPcToFileHeader    00000001800180c8     kernel32:KERNEL32.dll
 0002:000000d0       __imp_RaiseException       00000001800180d0     kernel32:KERNEL32.dll
 0002:000000d8       __imp_GetLastError         00000001800180d8     kernel32:KERNEL32.dll
 0002:000000e0       __imp_GetModuleFileNameW   00000001800180e0     kernel32:KERNEL32.dll
 0002:000000e8       __imp_RtlUnwindEx          00000001800180e8     kernel32:KERNEL32.dll
 0002:000000f0       __imp_InterlockedFlushSList 00000001800180f0     kernel32:KERNEL32.dll
 0002:000000f8       __imp_InitializeCriticalSectionAndSpinCount 00000001800180f8     kernel32:KERNEL32.dll
 0002:00000100       __imp_TlsAlloc             0000000180018100     kernel32:KERNEL32.dll
 0002:00000108       __imp_TlsGetValue          0000000180018108     kernel32:KERNEL32.dll
 0002:00000110       __imp_TlsSetValue          0000000180018110     kernel32:KERNEL32.dll
 0002:00000118       __imp_TlsFree              0000000180018118     kernel32:KERNEL32.dll
 0002:00000120       __imp_FreeLibrary          0000000180018120     kernel32:KERNEL32.dll
 0002:00000128       __imp_GetProcAddress       0000000180018128     kernel32:KERNEL32.dll
 0002:00000130       __imp_LoadLibraryExW       0000000180018130     kernel32:KERNEL32.dll
 0002:00000138       __imp_SetLastError         0000000180018138     kernel32:KERNEL32.dll
 0002:00000140       __imp_EnterCriticalSection 0000000180018140     kernel32:KERNEL32.dll
 0002:00000148       __imp_LeaveCriticalSection 0000000180018148     kernel32:KERNEL32.dll
 0002:00000150       __imp_DeleteCriticalSection 0000000180018150     kernel32:KERNEL32.dll
 0002:00000158       __imp_MultiByteToWideChar  0000000180018158     kernel32:KERNEL32.dll
 0002:00000160       __imp_GetStdHandle         0000000180018160     kernel32:KERNEL32.dll
 0002:00000168       __imp_GetFileType          0000000180018168     kernel32:KERNEL32.dll
 0002:00000170       __imp_GetModuleHandleExW   0000000180018170     kernel32:KERNEL32.dll
 0002:00000178       __imp_WriteConsoleW        0000000180018178     kernel32:KERNEL32.dll
 0002:00000180       __imp_ExitProcess          0000000180018180     kernel32:KERNEL32.dll
 0002:00000188       __imp_WideCharToMultiByte  0000000180018188     kernel32:KERNEL32.dll
 0002:00000190       __imp_HeapFree             0000000180018190     kernel32:KERNEL32.dll
 0002:00000198       __imp_HeapAlloc            0000000180018198     kernel32:KERNEL32.dll
 0002:000001a0       __imp_GetACP               00000001800181a0     kernel32:KERNEL32.dll
 0002:000001a8       __imp_WriteFile            00000001800181a8     kernel32:KERNEL32.dll
 0002:000001b0       __imp_OutputDebugStringW   00000001800181b0     kernel32:KERNEL32.dll
 0002:000001b8       __imp_CloseHandle          00000001800181b8     kernel32:KERNEL32.dll
 0002:000001c0       __imp_WaitForSingleObjectEx 00000001800181c0     kernel32:KERNEL32.dll
 0002:000001c8       __imp_CreateThread         00000001800181c8     kernel32:KERNEL32.dll
 0002:000001d0       __imp_LCMapStringW         00000001800181d0     kernel32:KERNEL32.dll
 0002:000001d8       __imp_IsValidCodePage      00000001800181d8     kernel32:KERNEL32.dll
 0002:000001e0       __imp_GetOEMCP             00000001800181e0     kernel32:KERNEL32.dll
 0002:000001e8       __imp_GetCPInfo            00000001800181e8     kernel32:KERNEL32.dll
 0002:000001f0       __imp_GetEnvironmentStringsW 00000001800181f0     kernel32:KERNEL32.dll
 0002:000001f8       __imp_FreeEnvironmentStringsW 00000001800181f8     kernel32:KERNEL32.dll
 0002:00000200       __imp_GetProcessHeap       0000000180018200     kernel32:KERNEL32.dll
 0002:00000208       __imp_GetCommandLineA      0000000180018208     kernel32:KERNEL32.dll
 0002:00000210       __imp_GetCommandLineW      0000000180018210     kernel32:KERNEL32.dll
 0002:00000218       __imp_GetStringTypeW       0000000180018218     kernel32:KERNEL32.dll
 0002:00000220       __imp_FlushFileBuffers     0000000180018220     kernel32:KERNEL32.dll
 0002:00000228       __imp_GetConsoleCP         0000000180018228     kernel32:KERNEL32.dll
 0002:00000230       __imp_GetConsoleMode       0000000180018230     kernel32:KERNEL32.dll
 0002:00000238       __imp_HeapSize             0000000180018238     kernel32:KERNEL32.dll
 0002:00000240       __imp_HeapReAlloc          0000000180018240     kernel32:KERNEL32.dll
 0002:00000248       __imp_SetStdHandle         0000000180018248     kernel32:KERNEL32.dll
 0002:00000250       __imp_EncodePointer        0000000180018250     kernel32:KERNEL32.dll
 0002:00000258       \177KERNEL32_NULL_THUNK_DATA 0000000180018258     kernel32:KERNEL32.dll
 0002:00000260       __imp_yk_close_key         0000000180018260     libykpers-1.dll:d000006.o
 0002:00000268       __imp_yk_init              0000000180018268     libykpers-1.dll:d000014.o
 0002:00000270       __imp_yk_open_key_vid_pid  0000000180018270     libykpers-1.dll:d000017.o
 0002:00000278       __imp_yk_read_response_from_key 0000000180018278     libykpers-1.dll:d000020.o
 0002:00000280       __imp_yk_release           0000000180018280     libykpers-1.dll:d000021.o
 0002:00000288       __imp_yk_write_to_key      0000000180018288     libykpers-1.dll:d000032.o
 0002:00000298       __guard_check_icall_fptr   0000000180018298     LIBCMT:guard_support.obj
 0002:000002a0       __guard_dispatch_icall_fptr 00000001800182a0     LIBCMT:guard_support.obj
 0002:000002a8       __xc_a                     00000001800182a8     LIBCMT:initializers.obj
 0002:000002b0       _register_HID_             00000001800182b0     HID.obj
 0002:000002b8       __xc_z                     00000001800182b8     LIBCMT:initializers.obj
 0002:000002c0       __xi_a                     00000001800182c0     LIBCMT:initializers.obj
 0002:000002c8       __acrt_stdio_initializer   00000001800182c8     libucrt:stdio_initializer.obj
 0002:000002d0       __acrt_multibyte_initializer 00000001800182d0     libucrt:multibyte_initializer.obj
 0002:000002d8       __acrt_tran_fma3_initializer 00000001800182d8     libucrt:fma3_initializer.obj
 0002:000002e0       __xi_z                     00000001800182e0     LIBCMT:initializers.obj
 0002:000002e8       __xp_a                     00000001800182e8     LIBCMT:initializers.obj
 0002:000002f0       __acrt_locale_terminator   00000001800182f0     libucrt:locale_initializer.obj
 0002:000002f8       __dcrt_console_output_terminator 00000001800182f8     libucrt:console_output_initializer.obj
 0002:00000300       __acrt_stdio_terminator    0000000180018300     libucrt:stdio_initializer.obj
 0002:00000308       __xp_z                     0000000180018308     LIBCMT:initializers.obj
 0002:00000310       __xt_a                     0000000180018310     LIBCMT:initializers.obj
 0002:00000318       __xt_z                     0000000180018318     LIBCMT:initializers.obj
 0002:00000320       __sz_node_exe              0000000180018320     node:node.exe
 0002:00000338       ??_7exception@std@@6B@     0000000180018338     libcpmt:xthrow.obj
 0002:00000348       ??_C@_0BC@EOODALEL@Unknown?5exception?$AA@ 0000000180018348     libcpmt:xthrow.obj
 0002:00000368       ??_7bad_alloc@std@@6B@     0000000180018368     libcpmt:xthrow.obj
 0002:00000378       ??_C@_0P@GHFPNOJB@bad?5allocation?$AA@ 0000000180018378     libcpmt:xthrow.obj
 0002:00000390       ??_7logic_error@std@@6B@   0000000180018390     libcpmt:xthrow.obj
 0002:000003a8       ??_7length_error@std@@6B@  00000001800183a8     libcpmt:xthrow.obj
 0002:000003c0       ??_7out_of_range@std@@6B@  00000001800183c0     libcpmt:xthrow.obj
 0002:000003d8       ??_7type_info@@6B@         00000001800183d8     LIBCMT:std_type_info_static.obj
 0002:000003e0       _pRawDllMain               00000001800183e0     LIBCMT:dll_dllmain.obj
 0002:000003e0       _pDefaultRawDllMain        00000001800183e0     LIBCMT:dll_dllmain.obj
 0002:00000400       ??_7bad_array_new_length@std@@6B@ 0000000180018400     LIBCMT:throw_bad_alloc.obj
 0002:00000410       ??_C@_0BF@KINCDENJ@bad?5array?5new?5length?$AA@ 0000000180018410     LIBCMT:throw_bad_alloc.obj
 0002:00000470       _Microsoft_CRTProvider     0000000180018470     libvcruntime:telemetry.obj
 0002:00000478       ??_C@_00CNPNBAHC@?$AA@     0000000180018478     libvcruntime:telemetry.obj
 0002:0000047c       ??_C@_11LOCGONAA@?$AA?$AA@ 000000018001847c     libvcruntime:telemetry.obj
 0002:00000480       ??_C@_0O@JEOPJOMI@Main?5Invoked?4?$AA@ 0000000180018480     libvcruntime:telemetry.obj
 0002:00000490       ??_C@_0P@NEAEIBDO@Main?5Returned?4?$AA@ 0000000180018490     libvcruntime:telemetry.obj
 0002:000004c0       ??_C@_1BC@DNHGCMLG@?$AAa?$AAd?$AAv?$AAa?$AAp?$AAi?$AA3?$AA2?$AA?$AA@ 00000001800184c0     libvcruntime:winapi_downlevel.obj
 0002:000004d8       ??_C@_1DM@KHCHBNEB@?$AAa?$AAp?$AAi?$AA?9?$AAm?$AAs?$AA?9?$AAw?$AAi?$AAn?$AA?9?$AAc?$AAo?$AAr?$AAe?$AA?9?$AAf?$AAi?$AAb?$AAe?$AAr?$AAs?$AA?9?$AAl?$AA1?$AA?9?$AA1?$AA?9?$AA1?$AA?$AA@ 00000001800184d8     libvcruntime:winapi_downlevel.obj
 0002:00000518       ??_C@_1DK@LPPGFMPP@?$AAa?$AAp?$AAi?$AA?9?$AAm?$AAs?$AA?9?$AAw?$AAi?$AAn?$AA?9?$AAc?$AAo?$AAr?$AAe?$AA?9?$AAs?$AAy?$AAn?$AAc?$AAh?$AA?9?$AAl?$AA1?$AA?9?$AA2?$AA?9?$AA0?$AA?$AA@ 0000000180018518     libvcruntime:winapi_downlevel.obj
[...]
 0004:0000105c       $pdata$?write_text_utf16le_nolock@@YA?AUwrite_result@?A0x4392dfaa@@HQEBDI@Z 000000018002805c     libucrt:write.obj
 0004:00001068       $pdata$?write_text_utf8_nolock@@YA?AUwrite_result@?A0x4392dfaa@@HQEBDI@Z 0000000180028068     libucrt:write.obj
 0004:00001074       $pdata$_write              0000000180028074     libucrt:write.obj
 0004:00001080       $pdata$_write_nolock       0000000180028080     libucrt:write.obj
 0004:0000108c       $pdata$?__acrt_LCMapStringA_stat@@YAHPEAU__crt_locale_pointers@@PEB_WKPEBDHPEADHHH@Z 000000018002808c     libucrt:lcmapstringa.obj
 0004:00001098       $pdata$__acrt_LCMapStringA 0000000180028098     libucrt:lcmapstringa.obj
 0004:000010a4       $pdata$?GetTableIndexFromLocaleName@@YAHPEB_W@Z 00000001800280a4     libucrt:lcidtoname_downlevel.obj
 0004:000010b0       $pdata$__acrt_DownlevelLocaleNameToLCID 00000001800280b0     libucrt:lcidtoname_downlevel.obj
 0004:000010bc       $pdata$?initialize_multibyte@@YAHXZ 00000001800280bc     libucrt:multibyte_initializer.obj
 0004:000010c8       $pdata$_msize              00000001800280c8     libucrt:msize.obj
 0004:000010d4       $pdata$_realloc_base       00000001800280d4     libucrt:realloc_base.obj
 0004:000010e0       $pdata$__acrt_lowio_create_handle_array 00000001800280e0     libucrt:osfinfo.obj
 0004:000010ec       $pdata$__acrt_lowio_destroy_handle_array 00000001800280ec     libucrt:osfinfo.obj
 0004:000010f8       $pdata$__acrt_lowio_ensure_fh_exists 00000001800280f8     libucrt:osfinfo.obj
 0004:00001104       $pdata$_free_osfhnd        0000000180028104     libucrt:osfinfo.obj
 0004:00001110       $pdata$_get_osfhandle      0000000180028110     libucrt:osfinfo.obj
 0004:0000111c       $pdata$_isatty             000000018002811c     libucrt:isatty.obj
 0004:00001128       $pdata$__acrt_fp_strflt_to_string 0000000180028128     libucrt:_fptostr.obj
 0004:00001134       $pdata$?divide@__crt_strtox@@YA_KAEAUbig_integer@1@AEBU21@@Z 0000000180028134     libucrt:cfout.obj
 0004:00001140       $pdata$5$?divide@__crt_strtox@@YA_KAEAUbig_integer@1@AEBU21@@Z 0000000180028140     libucrt:cfout.obj
 0004:0000114c       $pdata$6$?divide@__crt_strtox@@YA_KAEAUbig_integer@1@AEBU21@@Z 000000018002814c     libucrt:cfout.obj
 0004:00001158       $pdata$__acrt_fltout       0000000180028158     libucrt:cfout.obj
 0004:00001164       $pdata$memcpy_s            0000000180028164     libucrt:cfout.obj
 0004:00001170       $pdata$??$write_buffer_nolock@D@@YA_NDV__crt_stdio_stream@@@Z 0000000180028170     libucrt:_flsbuf.obj
 0004:0000117c       $pdata$??$write_buffer_nolock@_W@@YA_N_WV__crt_stdio_stream@@@Z 000000018002817c     libucrt:_flsbuf.obj
 0004:00001188       $pdata$__acrt_stdio_flush_and_write_narrow_nolock 0000000180028188     libucrt:_flsbuf.obj
 0004:00001194       $pdata$__acrt_stdio_flush_and_write_wide_nolock 0000000180028194     libucrt:_flsbuf.obj
 0004:000011a0       $pdata$_fclose_nolock      00000001800281a0     libucrt:fclose.obj
 0004:000011ac       $pdata$fclose              00000001800281ac     libucrt:fclose.obj
 0004:000011b8       $pdata$??$common_lseek@_J@@YA_JH_JH@Z 00000001800281b8     libucrt:lseek.obj
 0004:000011c4       $pdata$??$common_lseek_nolock@_J@@YA_JH_JH@Z 00000001800281c4     libucrt:lseek.obj
 0004:000011d0       $pdata$_putwch_nolock      00000001800281d0     libucrt:putwch.obj
 0004:000011dc       $pdata$fegetenv            00000001800281dc     libucrt:fegetenv.obj
 0004:000011e8       $pdata$fesetenv            00000001800281e8     libucrt:fesetenv.obj
 0004:000011f4       $pdata$feholdexcept        00000001800281f4     libucrt:feholdexcept.obj
 0004:0000120c       $pdata$__acrt_stdio_allocate_buffer_nolock 000000018002820c     libucrt:_getbuf.obj
 0004:00001218       $pdata$??$?RV<lambda_bfedae4ebbf01fab1bb6dcc6a9e276e0>@@AEAV<lambda_2fe9b910cf3cbf4a0ab98a02ba45b3ec>@@V<lambda_237c231691f317818eb88cc1d5d642d6>@@@?$__crt_seh_guarded_call@H@@QEAAH$$QEAV<lambda_bfedae4ebbf01fab1bb6dcc6a9e276e0>@@AEAV<lambda_2fe9b910cf3cbf4a0ab98a02ba45b3ec>@@$$QEAV<lambda_237c231691f317818eb88cc1d5d642d6>@@@Z 0000000180028218     libucrt:close.obj
 0004:00001224       $pdata$_close              0000000180028224     libucrt:close.obj
 0004:00001230       $pdata$_close_nolock       0000000180028230     libucrt:close.obj
 0004:0000123c       $pdata$__dcrt_lowio_initialize_console_output 000000018002823c     libucrt:initcon.obj
 0004:00001248       $pdata$__dcrt_terminate_console_output 0000000180028248     libucrt:initcon.obj
 0004:00001254       $pdata$_getfpcontrolword   0000000180028254     libucrt:_fenvutils.obj
 0004:00001260       $pdata$_getfpstatusword    0000000180028260     libucrt:_fenvutils.obj
 0004:0000126c       $pdata$_setfpstatusword    000000018002826c     libucrt:_fenvutils.obj
 0004:00001278       $pdata$_clearfp            0000000180028278     libucrt:ieee.obj
 0004:00001284       $pdata$common_control87    0000000180028284     libucrt:ieee.obj
 0004:00001290       $pdata$_call_matherr       0000000180028290     libucrt:libm_error.obj
 0004:0000129c       $pdata$_exception_enabled  000000018002829c     libucrt:libm_error.obj
 0004:000012a8       $pdata$_handle_error       00000001800282a8     libucrt:libm_error.obj
 0004:000012b4       $pdata$__acrt_initialize_fma3 00000001800282b4     libucrt:fma3_available.obj
 0004:000012c0       $pdata$_log10_special      00000001800282c0     libucrt:log_special.obj
 0004:000012cc       $pdata$_log_special_common 00000001800282cc     libucrt:log_special.obj
 0004:000012e4       $pdata$_raise_exc          00000001800282e4     libucrt:fpexcept.obj
 0004:000012f0       $pdata$_raise_exc_ex       00000001800282f0     libucrt:fpexcept.obj
 0004:000012fc       $pdata$_set_errno_from_matherr 00000001800282fc     libucrt:fpexcept.obj
 0004:00001308       $pdata$_clrfp              0000000180028308     libucrt:fpctrl.obj
 0004:00001314       $pdata$_ctrlfp             0000000180028314     libucrt:fpctrl.obj
 0004:00001320       $pdata$_set_statfp         0000000180028320     libucrt:fpctrl.obj
 0004:0000132c       $pdata$_statfp             000000018002832c     libucrt:fpctrl.obj
 0004:00001338       $pdata$?DloadAcquireSectionWriteAccess@@YAXXZ 0000000180028338     DelayImp:delayhlp.obj
 0004:00001344       $pdata$?DloadGetSRWLockFunctionPointers@@YAEXZ 0000000180028344     DelayImp:delayhlp.obj
 0004:00001350       $pdata$?DloadMakePermanentImageCommit@@YAXPEAX_K@Z 0000000180028350     DelayImp:delayhlp.obj
 0004:0000135c       $pdata$?DloadObtainSection@@YAPEAXPEAK0@Z 000000018002835c     DelayImp:delayhlp.obj
 0004:00001368       $pdata$?DloadProtectSection@@YAXKPEAK@Z 0000000180028368     DelayImp:delayhlp.obj
 0004:00001374       $pdata$?DloadReleaseSectionWriteAccess@@YAXXZ 0000000180028374     DelayImp:delayhlp.obj
 0004:00001380       $pdata$__delayLoadHelper2  0000000180028380     DelayImp:delayhlp.obj
 0004:0000138c       $pdata$__GSHandlerCheck    000000018002838c     LIBCMT:_gshandler_.obj
 0004:00001398       $pdata$__GSHandlerCheckCommon 0000000180028398     LIBCMT:_gshandler_.obj
 0004:000013a4       $pdata$_IsNonwritableInCurrentImage 00000001800283a4     LIBCMT:pesect.obj
 0004:000013c8       $pdata$strrchr             00000001800283c8     libvcruntime:strrchr.obj
 0004:000013d4       $pdata$__GSHandlerCheck_EH 00000001800283d4     LIBCMT:gshandlereh.obj
 0004:000013e0       $pdata$?_GetEstablisherFrame@@YAPEA_KPEA_KPEAU_xDISPATCHER_CONTEXT@@PEBU_s_FuncInfo@@0@Z 00000001800283e0     libvcruntime:trnsctrl.obj
 0004:000013ec       $pdata$?_GetRangeOfTrysToCheck@@YAPEBU_s_TryBlockMapEntry@@PEA_KPEBU_s_FuncInfo@@HHPEAI2PEAU_xDISPATCHER_CONTEXT@@@Z 00000001800283ec     libvcruntime:trnsctrl.obj
 0004:000013f8       $pdata$?__FrameUnwindToEmptyState@@YAXPEA_KPEAU_xDISPATCHER_CONTEXT@@PEBU_s_FuncInfo@@@Z 00000001800283f8     libvcruntime:trnsctrl.obj
 0004:00001404       $pdata$?__SehTransFilter@@YAHPEAU_EXCEPTION_POINTERS@@PEAUEHExceptionRecord@@PEA_KPEAU_CONTEXT@@PEAU_xDISPATCHER_CONTEXT@@PEBU_s_FuncInfo@@PEAH@Z 0000000180028404     libvcruntime:trnsctrl.obj
 0004:00001410       $pdata$_CallSETranslator   0000000180028410     libvcruntime:trnsctrl.obj
 0004:0000141c       $pdata$_CreateFrameInfo    000000018002841c     libvcruntime:trnsctrl.obj
 0004:00001428       $pdata$_FindAndUnlinkFrame 0000000180028428     libvcruntime:trnsctrl.obj
 0004:00001434       $pdata$_GetImageBase       0000000180028434     libvcruntime:trnsctrl.obj
 0004:00001440       $pdata$_GetThrowImageBase  0000000180028440     libvcruntime:trnsctrl.obj
 0004:0000144c       $pdata$_IsExceptionObjectToBeDestroyed 000000018002844c     libvcruntime:trnsctrl.obj
 0004:00001458       $pdata$_SetImageBase       0000000180028458     libvcruntime:trnsctrl.obj
 0004:00001464       $pdata$_SetThrowImageBase  0000000180028464     libvcruntime:trnsctrl.obj
 0004:00001470       $pdata$_UnwindNestedFrames 0000000180028470     libvcruntime:trnsctrl.obj
 0004:0000147c       $pdata$__CxxFrameHandler3  000000018002847c     libvcruntime:trnsctrl.obj
 0004:00001488       $pdata$?__GetCurrentState@@YAHPEA_KPEAU_xDISPATCHER_CONTEXT@@PEBU_s_FuncInfo@@@Z 0000000180028488     libvcruntime:ehstate.obj
 0004:00001494       $pdata$?__GetUnwindTryBlock@@YAHPEA_KPEAU_xDISPATCHER_CONTEXT@@PEBU_s_FuncInfo@@@Z 0000000180028494     libvcruntime:ehstate.obj
 0004:000014a0       $pdata$?__SetUnwindTryBlock@@YAXPEA_KPEAU_xDISPATCHER_CONTEXT@@PEBU_s_FuncInfo@@H@Z 00000001800284a0     libvcruntime:ehstate.obj
 0004:000014ac       $pdata$?__StateFromIp@@YAHPEBU_s_FuncInfo@@PEAU_xDISPATCHER_CONTEXT@@_J@Z 00000001800284ac     libvcruntime:ehstate.obj
 0004:000014b8       $pdata$__DestructExceptionObject 00000001800284b8     libvcruntime:frame.obj
 0004:000014c4       $pdata$??0bad_exception@std@@QEAA@AEBV01@@Z 00000001800284c4     libvcruntime:frame.obj
 0004:000014d0       $pdata$?CatchIt@@YAXPEAUEHExceptionRecord@@PEA_KPEAU_CONTEXT@@PEAU_xDISPATCHER_CONTEXT@@PEBU_s_FuncInfo@@PEBU_s_HandlerType@@PEBU_s_CatchableType@@PEBU_s_TryBlockMapEntry@@H1EE@Z 00000001800284d0     libvcruntime:frame.obj
 0004:000014dc       $pdata$?ExFilterRethrow@@YAHPEAU_EXCEPTION_POINTERS@@PEAUEHExceptionRecord@@PEAH@Z 00000001800284dc     libvcruntime:frame.obj
 0004:000014e8       $pdata$?FindHandler@@YAXPEAUEHExceptionRecord@@PEA_KPEAU_CONTEXT@@PEAU_xDISPATCHER_CONTEXT@@PEBU_s_FuncInfo@@EH1@Z 00000001800284e8     libvcruntime:frame.obj
 0004:000014f4       $pdata$?FindHandlerForForeignException@@YAXPEAUEHExceptionRecord@@PEA_KPEAU_CONTEXT@@PEAU_xDISPATCHER_CONTEXT@@PEBU_s_FuncInfo@@HH1@Z 00000001800284f4     libvcruntime:frame.obj
 0004:00001500       $pdata$?IsInExceptionSpec@@YAEPEAUEHExceptionRecord@@PEBU_s_ESTypeList@@@Z 0000000180028500     libvcruntime:frame.obj
 0004:0000150c       $pdata$__BuildCatchObject  000000018002850c     libvcruntime:frame.obj
 0004:00001518       $pdata$__BuildCatchObjectHelper 0000000180028518     libvcruntime:frame.obj
 0004:00001524       $pdata$__CxxCallCatchBlock 0000000180028524     libvcruntime:frame.obj
 0004:00001530       $pdata$__FrameUnwindFilter 0000000180028530     libvcruntime:frame.obj
 0004:0000153c       $pdata$__FrameUnwindToState 000000018002853c     libvcruntime:frame.obj
 0004:00001548       $pdata$__InternalCxxFrameHandler 0000000180028548     libvcruntime:frame.obj
 0004:00001554       $pdata$__TypeMatch         0000000180028554     libvcruntime:frame.obj
 0004:00001578       $pdata$?catch$0@?0??New@HID@@CAXAEBV?$FunctionCallbackInfo@VValue@v8@@@Nan@@@Z@4HA 0000000180028578     HID.obj
 0004:00001584       $pdata$?catch$0@?0??close@HID@@CAXAEBV?$FunctionCallbackInfo@VValue@v8@@@Nan@@@Z@4HA 0000000180028584     HID.obj
 0004:00001590       $pdata$?catch$0@?0??write@HID@@CAXAEBV?$FunctionCallbackInfo@VValue@v8@@@Nan@@@Z@4HA 0000000180028590     HID.obj
 0004:0000159c       $pdata$?fin$0@?0??dllmain_crt_process_attach@@YAHQEAUHINSTANCE__@@QEAX@Z@4HA 000000018002859c     LIBCMT:dll_dllmain.obj
 0004:000015a8       $pdata$?fin$0@?0??dllmain_crt_process_detach@@YAH_N@Z@4HA 00000001800285a8     LIBCMT:dll_dllmain.obj
 0004:000015b4       $pdata$?filt$0@?0??dllmain_dispatch@@YAHQEAUHINSTANCE__@@KQEAX@Z@4HA 00000001800285b4     LIBCMT:dll_dllmain.obj
 0004:000015c0       $pdata$__scrt_is_nonwritable_in_current_image$filt$0 00000001800285c0     LIBCMT:utility.obj
 0004:000015cc       $pdata$_query_new_handler$fin$0 00000001800285cc     libucrt:new_handler.obj
 0004:000015d8       $pdata$?filt$0@?0??common_exit@@YAXHW4_crt_exit_cleanup_mode@@W4_crt_exit_return_mode@@@Z@4HA 00000001800285d8     libucrt:exit.obj
 0004:000015e4       $pdata$?fin$1@?0??common_exit@@YAXHW4_crt_exit_cleanup_mode@@W4_crt_exit_return_mode@@@Z@4HA 00000001800285e4     libucrt:exit.obj
 0004:000015f0       $pdata$?fin$0@?0???$?RV<lambda_e24bbb7b643b32fcea6fa61b31d4c984>@@AEAV<lambda_275893d493268fdec8709772e3fcec0e>@@V<lambda_9d71df4d7cf3f480f8d633942495c3b0>@@@?$__crt_seh_guarded_call@H@@QEAAH$$QEAV<lambda_e24bbb7b643b32fcea6fa61b31d4c984>@@AEAV<lambda_275893d493268fdec8709772e3fcec0e>@@$$QEAV<lambda_9d71df4d7cf3f480f8d633942495c3b0>@@@Z@4HA 00000001800285f0     libucrt:onexit.obj
 0004:000015fc       $pdata$?fin$0@?0???$?RV<lambda_7a5ef57ff966f610505f1d28a3d40618>@@AEAV<lambda_b721fa326cdb32351d23dfa67958c160>@@V<lambda_5e0fb27672408a07956fe59e48ccb2aa>@@@?$__crt_seh_guarded_call@H@@QEAAH$$QEAV<lambda_7a5ef57ff966f610505f1d28a3d40618>@@AEAV<lambda_b721fa326cdb32351d23dfa67958c160>@@$$QEAV<lambda_5e0fb27672408a07956fe59e48ccb2aa>@@@Z@4HA 00000001800285fc     libucrt:setvbuf.obj
 0004:000015fc       $pdata$?fin$0@?0???$?RV<lambda_7b91131dde12e1c3dfc74ff76b3f2eac>@@AEAV<lambda_dd75445284c072d0bd3768540cc698fa>@@V<lambda_16bc4ecb55b4718497c16bceaea2ceaf>@@@?$__crt_seh_guarded_call@H@@QEAAH$$QEAV<lambda_7b91131dde12e1c3dfc74ff76b3f2eac>@@AEAV<lambda_dd75445284c072d0bd3768540cc698fa>@@$$QEAV<lambda_16bc4ecb55b4718497c16bceaea2ceaf>@@@Z@4HA 00000001800285fc     libucrt:output.obj
 0004:00001608       $pdata$?fin$0@?0???$?RV<lambda_fb3a7dec4e47f37f22dae91bb15c9095>@@AEAV<lambda_698284760c8add0bfb0756c19673e34b>@@V<lambda_dfb8eca1e75fef3034a8fb18dd509707>@@@?$__crt_seh_guarded_call@X@@QEAAX$$QEAV<lambda_fb3a7dec4e47f37f22dae91bb15c9095>@@AEAV<lambda_698284760c8add0bfb0756c19673e34b>@@$$QEAV<lambda_dfb8eca1e75fef3034a8fb18dd509707>@@@Z@4HA 0000000180028608     libucrt:per_thread_data.obj
 0004:00001608       $pdata$?fin$0@?0???$?RV<lambda_46352004c1216016012b18bd6f87e700>@@AEAV<lambda_3bd07e1a1191394380780325891bf33f>@@V<lambda_334532d3f185bcaa59b5be82d7d22bff>@@@?$__crt_seh_guarded_call@X@@QEAAX$$QEAV<lambda_46352004c1216016012b18bd6f87e700>@@AEAV<lambda_3bd07e1a1191394380780325891bf33f>@@$$QEAV<lambda_334532d3f185bcaa59b5be82d7d22bff>@@@Z@4HA 0000000180028608     libucrt:per_thread_data.obj
 0004:00001608       $pdata$?fin$0@?0???$?RV<lambda_99476a1ad63dd22509b5d3e65b0ffc95>@@AEAV<lambda_ad1ced32f4ac17aa236e5ef05d6b3b7c>@@V<lambda_f7424dd8d45958661754dc4f2697e9c3>@@@?$__crt_seh_guarded_call@X@@QEAAX$$QEAV<lambda_99476a1ad63dd22509b5d3e65b0ffc95>@@AEAV<lambda_ad1ced32f4ac17aa236e5ef05d6b3b7c>@@$$QEAV<lambda_f7424dd8d45958661754dc4f2697e9c3>@@@Z@4HA 0000000180028608     libucrt:mbctype.obj
 0004:00001608       $pdata$?fin$0@?0???$?RV<lambda_c36588078e9f5dfd39652860aa6b3aaf>@@AEAV<lambda_ec61778202f4f5fc7e7711acc23c3bca>@@V<lambda_dc9d2797ccde5d239b4a0efae8ebd7db>@@@?$__crt_seh_guarded_call@P6AXH@Z@@QEAAP6AXH@Z$$QEAV<lambda_c36588078e9f5dfd39652860aa6b3aaf>@@AEAV<lambda_ec61778202f4f5fc7e7711acc23c3bca>@@$$QEAV<lambda_dc9d2797ccde5d239b4a0efae8ebd7db>@@@Z@4HA 0000000180028608     libucrt:signal.obj
 0004:00001608       $pdata$?fin$0@?0???$?RV<lambda_5e887d1dcbef67a5eb4283622ba103bf>@@AEAV<lambda_4466841279450cc726390878d4a41900>@@V<lambda_341c25c0346d94847f1f3c463c57e077>@@@?$__crt_seh_guarded_call@X@@QEAAX$$QEAV<lambda_5e887d1dcbef67a5eb4283622ba103bf>@@AEAV<lambda_4466841279450cc726390878d4a41900>@@$$QEAV<lambda_341c25c0346d94847f1f3c463c57e077>@@@Z@4HA 0000000180028608     libucrt:per_thread_data.obj
 0004:00001608       $pdata$?fin$0@?0???$?RV<lambda_b8c45f8f788dd370798f47cfe8ac3a86>@@AEAV<lambda_4e60a939b0d047cfe11ddc22648dfba9>@@V<lambda_332c3edc96d0294ec56c57d38c1cdfd5>@@@?$__crt_seh_guarded_call@H@@QEAAH$$QEAV<lambda_b8c45f8f788dd370798f47cfe8ac3a86>@@AEAV<lambda_4e60a939b0d047cfe11ddc22648dfba9>@@$$QEAV<lambda_332c3edc96d0294ec56c57d38c1cdfd5>@@@Z@4HA 0000000180028608     libucrt:onexit.obj
 0004:00001608       $pdata$?fin$0@?0???$?RV<lambda_72d1df2b273a38828b1ce30cbf4cdab5>@@AEAV<lambda_876a65b173b8412d3a47c70a915b0cf4>@@V<lambda_41932305e351933ebe8f8be3ed8bb5dc>@@@?$__crt_seh_guarded_call@X@@QEAAX$$QEAV<lambda_72d1df2b273a38828b1ce30cbf4cdab5>@@AEAV<lambda_876a65b173b8412d3a47c70a915b0cf4>@@$$QEAV<lambda_41932305e351933ebe8f8be3ed8bb5dc>@@@Z@4HA 0000000180028608     libucrt:per_thread_data.obj
 0004:00001614       $pdata$__acrt_update_thread_locale_data$fin$0 0000000180028614     libucrt:locale_refcounting.obj
 0004:00001614       $pdata$__acrt_uninitialize_locale$fin$0 0000000180028614     libucrt:wsetlocale.obj
 0004:00001620       $pdata$common_flush_all$fin$0 0000000180028620     libucrt:fflush.obj
 0004:0000162c       $pdata$common_flush_all$fin$1 000000018002862c     libucrt:fflush.obj
 0004:00001638       $pdata$fclose$fin$0        0000000180028638     libucrt:fclose.obj
 0004:00001638       $pdata$fflush$fin$0        0000000180028638     libucrt:fflush.obj
 0004:00001644       $pdata$raise$fin$0         0000000180028644     libucrt:signal.obj
 0004:00001650       $pdata$__acrt_update_thread_multibyte_data$fin$0 0000000180028650     libucrt:mbctype.obj
 0004:0000165c       $pdata$_fcloseall$fin$0    000000018002865c     libucrt:closeall.obj
 0004:00001668       $pdata$__acrt_initialize_lowio$fin$0 0000000180028668     libucrt:ioinit.obj
 0004:00001668       $pdata$__acrt_lowio_ensure_fh_exists$fin$0 0000000180028668     libucrt:osfinfo.obj
 0004:00001674       $pdata$_write$fin$0        0000000180028674     libucrt:write.obj
 0004:00001674       $pdata$?fin$0@?0???$common_lseek@_J@@YA_JH_JH@Z@4HA 0000000180028674     libucrt:lseek.obj
 0004:00001680       $pdata$?fin$0@?0???$?RV<lambda_bfedae4ebbf01fab1bb6dcc6a9e276e0>@@AEAV<lambda_2fe9b910cf3cbf4a0ab98a02ba45b3ec>@@V<lambda_237c231691f317818eb88cc1d5d642d6>@@@?$__crt_seh_guarded_call@H@@QEAAH$$QEAV<lambda_bfedae4ebbf01fab1bb6dcc6a9e276e0>@@AEAV<lambda_2fe9b910cf3cbf4a0ab98a02ba45b3ec>@@$$QEAV<lambda_237c231691f317818eb88cc1d5d642d6>@@@Z@4HA 0000000180028680     libucrt:close.obj
 0004:00001680       $pdata$?fin$0@?0???$?RV<lambda_b521505b218e5242e90febf6bfebc422>@@AEAV<lambda_6978c1fb23f02e42e1d9e99668cc68aa>@@V<lambda_314360699dd331753a4119843814e9a7>@@@?$__crt_seh_guarded_call@H@@QEAAH$$QEAV<lambda_b521505b218e5242e90febf6bfebc422>@@AEAV<lambda_6978c1fb23f02e42e1d9e99668cc68aa>@@$$QEAV<lambda_314360699dd331753a4119843814e9a7>@@@Z@4HA 0000000180028680     libucrt:commit.obj
 0004:0000168c       $pdata$_ctrlfp$filt$0      000000018002868c     libucrt:fpctrl.obj
 0004:0000168c       $pdata$common_control87$filt$0 000000018002868c     libucrt:ieee.obj
 0004:00001698       $pdata$_IsNonwritableInCurrentImage$filt$0 0000000180028698     LIBCMT:pesect.obj
 0004:000016a4       $pdata$_CallSETranslator$filt$0 00000001800286a4     libvcruntime:trnsctrl.obj
 0004:000016b0       $pdata$__CxxCallCatchBlock$filt$0 00000001800286b0     libvcruntime:frame.obj
 0004:000016bc       $pdata$__CxxCallCatchBlock$fin$1 00000001800286bc     libvcruntime:frame.obj
 0004:000016c8       $pdata$__DestructExceptionObject$filt$0 00000001800286c8     libvcruntime:frame.obj
 0004:000016d4       $pdata$__FrameUnwindToState$filt$0 00000001800286d4     libvcruntime:frame.obj
 0004:000016e0       $pdata$__FrameUnwindToState$fin$1 00000001800286e0     libvcruntime:frame.obj
 0005:00000060       $R000000                   0000000180029060     * linker generated manifest res *

 Exports

  ordinal    name

        1    _register_HID_
