 onlykey_usb

 Timestamp is 5d07ff79 (Mon Jun 17 17:00:41 2019)

 Preferred load address is 0000000180000000

 Start         Length     Name                   Class
 0001:00000000 00000040H .text                   CODE
 0001:00000040 000173a0H .text$mn                CODE
 0001:000173e0 00000020H .text$mn$00             CODE
 0001:00017400 00000440H .text$x                 CODE
 0002:00000000 000002a8H .idata$5                DATA
 0002:000002a8 00000010H .00cfg                  DATA
 0002:000002b8 00000008H .CRT$XCA                DATA
 0002:000002c0 00000008H .CRT$XCU                DATA
 0002:000002c8 00000008H .CRT$XCZ                DATA
 0002:000002d0 00000008H .CRT$XIA                DATA
 0002:000002d8 00000018H .CRT$XIC                DATA
 0002:000002f0 00000008H .CRT$XIZ                DATA
 0002:000002f8 00000008H .CRT$XPA                DATA
 0002:00000300 00000010H .CRT$XPX                DATA
 0002:00000310 00000008H .CRT$XPXA               DATA
 0002:00000318 00000008H .CRT$XPZ                DATA
 0002:00000320 00000008H .CRT$XTA                DATA
 0002:00000328 00000008H .CRT$XTZ                DATA
 0002:00000330 00000000H .gfids$y                DATA
 0002:00000330 00008a90H .rdata                  DATA
 0002:00008dc0 0000037cH .rdata$r                DATA
 0002:0000913c 000003ccH .rdata$zzzdbg           DATA
 0002:00009508 00000008H .rtc$IAA                DATA
 0002:00009510 00000008H .rtc$IZZ                DATA
 0002:00009518 00000008H .rtc$TAA                DATA
 0002:00009520 00000010H .rtc$TZZ                DATA
 0002:00009530 00001558H .xdata                  DATA
 0002:0000aa88 00000234H .xdata$x                DATA
 0002:0000acbc 00000020H .didat$2                DATA
 0002:0000acdc 00000024H .didat$3                DATA
 0002:0000ad00 000001e8H .didat$4                DATA
 0002:0000aee8 00000fe8H .didat$6                DATA
 0002:0000bed0 000001f0H .didat$7                DATA
 0002:0000c0c0 00000054H .edata                  DATA
 0002:0000c114 0000003cH .idata$2                DATA
 0002:0000c150 00000018H .idata$3                DATA
 0002:0000c168 000002a8H .idata$4                DATA
 0002:0000c410 00000614H .idata$6                DATA
 0002:0000ca24 00000044H .idata$7                DATA
 0003:00000000 00000a80H .data                   DATA
 0003:00000a80 00000140H .data$r                 DATA
 0003:00000bc0 000001f0H .didat$5                DATA
 0003:00000db0 00001218H .bss                    DATA
 0004:00000000 00001740H .pdata                  DATA
 0005:00000000 00000060H .rsrc$01                DATA
 0005:00000060 00000180H .rsrc$02                DATA

  Address         Publics by Value              Rva+Base               Lib:Object

 0000:00000000       __hybrid_code_map_count    0000000000000000     <absolute>
 0000:00000000       __hybrid_code_map          0000000000000000     <absolute>
 0000:00000000       __guard_iat_count          0000000000000000     <absolute>
 0000:00000000       __guard_longjmp_count      0000000000000000     <absolute>
 0000:00000000       __guard_longjmp_table      0000000000000000     <absolute>
 0000:00000000       __volatile_metadata        0000000000000000     <absolute>
 0000:00000000       __guard_iat_table          0000000000000000     <absolute>
 0000:00000000       __guard_fids_count         0000000000000000     <absolute>
 0000:00000000       ___safe_se_handler_count   0000000000000000     <absolute>
 0000:00000000       __enclave_config           0000000000000000     <absolute>
 0000:00000000       ___safe_se_handler_table   0000000000000000     <absolute>
 0000:00000000       __guard_fids_table         0000000000000000     <absolute>
 0000:00000000       __hybrid_auxiliary_iat     0000000000000000     <absolute>
 0000:00000000       __dynamic_value_reloc_table 0000000000000000     <absolute>
 0000:00000100       __guard_flags              0000000000000100     <absolute>
 0000:00000000       __ImageBase                0000000180000000     <linker-defined>
 0001:00000000       yubikey_hex_encode         0000000180001000     libyubikey.dll:d000006.o
 0001:00000008       yk_read_response_from_key  0000000180001008     libykpers-1.dll:d000020.o
 0001:00000010       yk_init                    0000000180001010     libykpers-1.dll:d000014.o
 0001:00000018       yk_release                 0000000180001018     libykpers-1.dll:d000021.o
 0001:00000020       yk_open_key_vid_pid        0000000180001020     libykpers-1.dll:d000017.o
 0001:00000028       yk_write_to_key            0000000180001028     libykpers-1.dll:d000032.o
 0001:00000030       yk_close_key               0000000180001030     libykpers-1.dll:d000006.o
 0001:00000120       ?New@?$Factory@VFunctionTemplate@v8@@@imp@Nan@@SA?AV?$Local@VFunctionTemplate@v8@@@v8@@P6AXAEBV?$FunctionCallbackInfo@VValue@v8@@@3@@ZV?$Local@VValue@v8@@@5@V?$Local@VSignature@v8@@@5@@Z 0000000180001120 f i onlykey_usb.obj
 0001:000002f0       ?ThrowError@Nan@@YAXPEBD@Z 00000001800012f0 f i onlykey_usb.obj
 0001:00000380       ??0Utf8String@Nan@@QEAA@V?$Local@VValue@v8@@@v8@@@Z 0000000180001380 f i onlykey_usb.obj
 0001:000004b0       ?SetPrototypeMethod@Nan@@YAXV?$Local@VFunctionTemplate@v8@@@v8@@PEBDP6AXAEBV?$FunctionCallbackInfo@VValue@v8@@@1@@Z@Z 00000001800014b0 f i onlykey_usb.obj
 0001:00000590       ?Ref@ObjectWrap@Nan@@MEAAXXZ 0000000180001590 f i onlykey_usb.obj
 0001:000005d0       ?Unref@ObjectWrap@Nan@@MEAAXXZ 00000001800015d0 f i onlykey_usb.obj
 0001:00000680       ?WeakCallback@ObjectWrap@Nan@@CAXAEBV?$WeakCallbackInfo@VObjectWrap@Nan@@@v8@@@Z 0000000180001680 f i onlykey_usb.obj
 0001:000006e0       ??_EObjectWrap@Nan@@UEAAPEAXI@Z 00000001800016e0 f i * CIL library *:* CIL module *
 0001:000006e0       ??_GObjectWrap@Nan@@UEAAPEAXI@Z 00000001800016e0 f i onlykey_usb.obj
 0001:00000740       ??0JSException@@QEAA@AEBV?$basic_string@DU?$char_traits@D@std@@V?$allocator@D@2@@std@@@Z 0000000180001740 f i onlykey_usb.obj
 0001:00000770       ??1JSException@@UEAA@XZ    0000000180001770 f i onlykey_usb.obj
 0001:000007e0       ?message@JSException@@UEBA?BV?$basic_string@DU?$char_traits@D@std@@V?$allocator@D@2@@std@@XZ 00000001800017e0 f i onlykey_usb.obj
 0001:00000800       ?asV8Exception@JSException@@UEBAXXZ 0000000180001800 f i onlykey_usb.obj
 0001:00000890       ??_EJSException@@UEAAPEAXI@Z 0000000180001890 f i * CIL library *:* CIL module *
 0001:00000890       ??_GJSException@@UEAAPEAXI@Z 0000000180001890 f i onlykey_usb.obj
 0001:00000920       ??_EHID@@EEAAPEAXI@Z       0000000180001920 f i * CIL library *:* CIL module *
 0001:00000920       ??_GHID@@EEAAPEAXI@Z       0000000180001920 f i onlykey_usb.obj
 0001:00000990       ??0HID@@AEAA@XZ            0000000180001990 f   onlykey_usb.obj
 0001:00000a90       ??0JSException@@QEAA@AEBV0@@Z 0000000180001a90 f i onlykey_usb.obj
 0001:00000ac0       ?close@HID@@QEAAXXZ        0000000180001ac0 f   onlykey_usb.obj
 0001:00000b70       ?recvAsync@HID@@CAXPEAUuv_work_s@@@Z 0000000180001b70 f   onlykey_usb.obj
 0001:00000e40       ?recvAsyncDone@HID@@CAXPEAUuv_work_s@@@Z 0000000180001e40 f   onlykey_usb.obj
 0001:00001280       ?read@HID@@CAXAEBV?$FunctionCallbackInfo@VValue@v8@@@Nan@@@Z 0000000180002280 f   onlykey_usb.obj
 0001:00001480       ?New@HID@@CAXAEBV?$FunctionCallbackInfo@VValue@v8@@@Nan@@@Z 0000000180002480 f   onlykey_usb.obj
 0001:00001750       ?close@HID@@CAXAEBV?$FunctionCallbackInfo@VValue@v8@@@Nan@@@Z 0000000180002750 f   onlykey_usb.obj
 0001:000017b0       ?write@HID@@CAXAEBV?$FunctionCallbackInfo@VValue@v8@@@Nan@@@Z 00000001800027b0 f   onlykey_usb.obj
 0001:00001c50       _guard_check_icall_nop     0000000180002c50 f   LIBCMT:guard_support.obj
 0001:00001c60       ?Initialize@HID@@SAXV?$Local@VObject@v8@@@v8@@@Z 0000000180002c60 f   onlykey_usb.obj
 0001:00001f40       ??0?$basic_string@DU?$char_traits@D@std@@V?$allocator@D@2@@std@@QEAA@QEBD@Z 0000000180002f40 f i onlykey_usb.obj
 0001:000020b0       ??0?$basic_string@DU?$char_traits@D@std@@V?$allocator@D@2@@std@@QEAA@AEBV01@@Z 00000001800030b0 f i onlykey_usb.obj
 0001:00002190       ??$Unwrap@VHID@@@ObjectWrap@Nan@@SAPEAVHID@@V?$Local@VObject@v8@@@v8@@@Z 0000000180003190 f i onlykey_usb.obj
 0001:00002220       ??$_Emplace_reallocate@E@?$vector@EV?$allocator@E@std@@@std@@QEAAPEAEQEAE$$QEAE@Z 0000000180003220 f i onlykey_usb.obj
 0001:000023a0       ?_Xlength@?$vector@EV?$allocator@E@std@@@std@@CAXXZ 00000001800033a0 f i onlykey_usb.obj
 0001:000023c0       ?_Xlen@?$basic_string@DU?$char_traits@D@std@@V?$allocator@D@2@@std@@SAXXZ 00000001800033c0 f i onlykey_usb.obj
 0001:0000242c       __imp_load_uv_queue_work   000000018000342c f   node:node.exe
 0001:00002438       __tailMerge_node_exe       0000000180003438     node:node.exe
 0001:000024b1       __imp_load_?Global@Context@v8@@QEAA?AV?$Local@VObject@v8@@@2@XZ 00000001800034b1 f   node:node.exe
 0001:000024bd       __imp_load_?Value@External@v8@@QEBAPEAXXZ 00000001800034bd f   node:node.exe
 0001:000024c9       __imp_load_?New@External@v8@@SA?AV?$Local@VExternal@v8@@@2@PEAVIsolate@2@PEAX@Z 00000001800034c9 f   node:node.exe
 0001:000024d5       __imp_load_?New@Integer@v8@@SA?AV?$Local@VInteger@v8@@@2@PEAVIsolate@2@H@Z 00000001800034d5 f   node:node.exe
 0001:000024e1       __imp_load_?New@Signature@v8@@SA?AV?$Local@VSignature@v8@@@2@PEAVIsolate@2@V?$Local@VFunctionTemplate@v8@@@2@@Z 00000001800034e1 f   node:node.exe
 0001:000024ed       __imp_load_?ThrowException@Isolate@v8@@QEAA?AV?$Local@VValue@v8@@@2@V32@@Z 00000001800034ed f   node:node.exe
 0001:000024f9       __imp_load_?GetCurrentContext@Isolate@v8@@QEAA?AV?$Local@VContext@v8@@@2@XZ 00000001800034f9 f   node:node.exe
 0001:00002505       __imp_load_?GetCurrent@Isolate@v8@@SAPEAV12@XZ 0000000180003505 f   node:node.exe
 0001:00002511       __imp_load_?CreateHandle@HandleScope@v8@@KAPEAPEAVObject@internal@2@PEAVIsolate@42@PEAV342@@Z 0000000180003511 f   node:node.exe
 0001:0000251d       __imp_load_?CreateHandle@HandleScope@v8@@CAPEAPEAVObject@internal@2@PEAVHeapObject@42@PEAV342@@Z 000000018000351d f   node:node.exe
 0001:00002529       __imp_load_??1HandleScope@v8@@QEAA@XZ 0000000180003529 f   node:node.exe
 0001:00002535       __imp_load_??0HandleScope@v8@@QEAA@PEAVIsolate@1@@Z 0000000180003535 f   node:node.exe
 0001:00002541       __imp_load_?Set@Template@v8@@QEAAXV?$Local@VName@v8@@@2@V?$Local@VData@v8@@@2@W4PropertyAttribute@2@@Z 0000000180003541 f   node:node.exe
 0001:0000254d       __imp_load_?Error@Exception@v8@@SA?AV?$Local@VValue@v8@@@2@V?$Local@VString@v8@@@2@@Z 000000018000354d f   node:node.exe
 0001:00002559       __imp_load_?Length@Array@v8@@QEBAIXZ 0000000180003559 f   node:node.exe
 0001:00002565       __imp_load_?SetClassName@FunctionTemplate@v8@@QEAAXV?$Local@VString@v8@@@2@@Z 0000000180003565 f   node:node.exe
 0001:00002571       __imp_load_?PrototypeTemplate@FunctionTemplate@v8@@QEAA?AV?$Local@VObjectTemplate@v8@@@2@XZ 0000000180003571 f   node:node.exe
 0001:0000257d       __imp_load_?InstanceTemplate@FunctionTemplate@v8@@QEAA?AV?$Local@VObjectTemplate@v8@@@2@XZ 000000018000357d f   node:node.exe
 0001:00002589       __imp_load_?GetFunction@FunctionTemplate@v8@@QEAA?AV?$MaybeLocal@VFunction@v8@@@2@V?$Local@VContext@v8@@@2@@Z 0000000180003589 f   node:node.exe
 0001:00002595       __imp_load_?New@FunctionTemplate@v8@@SA?AV?$Local@VFunctionTemplate@v8@@@2@PEAVIsolate@2@P6AXAEBV?$FunctionCallbackInfo@VValue@v8@@@2@@ZV?$Local@VValue@v8@@@2@V?$Local@VSignature@v8@@@2@HW4ConstructorBehavior@2@W4SideEffectType@2@@Z 0000000180003595 f   node:node.exe
 0001:000025a1       __imp_load_?ToLocalEmpty@V8@v8@@CAXXZ 00000001800035a1 f   node:node.exe
 0001:000025ad       __imp_load_?ClearWeak@V8@v8@@CAPEAXPEAPEAVObject@internal@2@@Z 00000001800035ad f   node:node.exe
 0001:000025b9       __imp_load_?MakeWeak@V8@v8@@CAXPEAPEAVObject@internal@2@PEAXP6AXAEBV?$WeakCallbackInfo@X@2@@ZW4WeakCallbackType@2@@Z 00000001800035b9 f   node:node.exe
 0001:000025c5       __imp_load_?DisposeGlobal@V8@v8@@CAXPEAPEAVObject@internal@2@@Z 00000001800035c5 f   node:node.exe
 0001:000025d1       __imp_load_?GlobalizeReference@V8@v8@@CAPEAPEAVObject@internal@2@PEAVIsolate@42@PEAPEAV342@@Z 00000001800035d1 f   node:node.exe
 0001:000025dd       __imp_load_?Int32Value@Value@v8@@QEBA?AV?$Maybe@H@2@V?$Local@VContext@v8@@@2@@Z 00000001800035dd f   node:node.exe
 0001:000025e9       __imp_load_?Uint32Value@Value@v8@@QEBA?AV?$Maybe@I@2@V?$Local@VContext@v8@@@2@@Z 00000001800035e9 f   node:node.exe
 0001:000025f5       __imp_load_?ToInteger@Value@v8@@QEBA?AV?$MaybeLocal@VInteger@v8@@@2@V?$Local@VContext@v8@@@2@@Z 00000001800035f5 f   node:node.exe
 0001:00002601       __imp_load_?ToString@Value@v8@@QEBA?AV?$MaybeLocal@VString@v8@@@2@V?$Local@VContext@v8@@@2@@Z 0000000180003601 f   node:node.exe
 0001:0000260d       __imp_load_?IsNumber@Value@v8@@QEBA_NXZ 000000018000360d f   node:node.exe
 0001:00002619       __imp_load_?IsFunction@Value@v8@@QEBA_NXZ 0000000180003619 f   node:node.exe
 0001:00002625       __imp_load_?HasCaught@TryCatch@v8@@QEBA_NXZ 0000000180003625 f   node:node.exe
 0001:00002631       __imp_load_??1TryCatch@v8@@QEAA@XZ 0000000180003631 f   node:node.exe
 0001:0000263d       __imp_load_??0TryCatch@v8@@QEAA@PEAVIsolate@1@@Z 000000018000363d f   node:node.exe
 0001:00002649       __imp_load_?Escape@EscapableHandleScope@v8@@AEAAPEAPEAVObject@internal@2@PEAPEAV342@@Z 0000000180003649 f   node:node.exe
 0001:00002655       __imp_load_??0EscapableHandleScope@v8@@QEAA@PEAVIsolate@1@@Z 0000000180003655 f   node:node.exe
 0001:00002661       __imp_load_?NewFromUtf8@String@v8@@SA?AV?$MaybeLocal@VString@v8@@@2@PEAVIsolate@2@PEBDW4NewStringType@2@H@Z 0000000180003661 f   node:node.exe
 0001:0000266d       __imp_load_?WriteUtf8@String@v8@@QEBAHPEADHPEAHH@Z 000000018000366d f   node:node.exe
 0001:00002679       __imp_load_?Length@String@v8@@QEBAHXZ 0000000180003679 f   node:node.exe
 0001:00002685       __imp_load_?SlowGetAlignedPointerFromInternalField@Object@v8@@AEAAPEAXH@Z 0000000180003685 f   node:node.exe
 0001:00002691       __imp_load_?SlowGetInternalField@Object@v8@@AEAA?AV?$Local@VValue@v8@@@2@H@Z 0000000180003691 f   node:node.exe
 0001:0000269d       __imp_load_?New@Object@v8@@SA?AV?$Local@VObject@v8@@@2@PEAVIsolate@2@@Z 000000018000369d f   node:node.exe
 0001:000026a9       __imp_load_?SetAlignedPointerInInternalField@Object@v8@@QEAAXHPEAX@Z 00000001800036a9 f   node:node.exe
 0001:000026b5       __imp_load_?SetInternalField@Object@v8@@QEAAXHV?$Local@VValue@v8@@@2@@Z 00000001800036b5 f   node:node.exe
 0001:000026c1       __imp_load_?InternalFieldCount@Object@v8@@QEAAHXZ 00000001800036c1 f   node:node.exe
 0001:000026cd       __imp_load_?Get@Object@v8@@QEAA?AV?$MaybeLocal@VValue@v8@@@2@V?$Local@VContext@v8@@@2@I@Z 00000001800036cd f   node:node.exe
 0001:000026d9       __imp_load_?Set@Object@v8@@QEAA?AV?$Maybe@_N@2@V?$Local@VContext@v8@@@2@V?$Local@VValue@v8@@@2@1@Z 00000001800036d9 f   node:node.exe
 0001:000026e5       __imp_load_?SetInternalFieldCount@ObjectTemplate@v8@@QEAAXH@Z 00000001800036e5 f   node:node.exe
 0001:000026f1       __imp_load_?NewInstance@ObjectTemplate@v8@@QEAA?AV?$MaybeLocal@VObject@v8@@@2@V?$Local@VContext@v8@@@2@@Z 00000001800036f1 f   node:node.exe
 0001:000026fd       __imp_load_?New@ObjectTemplate@v8@@SA?AV?$Local@VObjectTemplate@v8@@@2@PEAVIsolate@2@V?$Local@VFunctionTemplate@v8@@@2@@Z 00000001800036fd f   node:node.exe
 0001:00002709       __imp_load_?AtExit@node@@YAXP6AXPEAX@Z0@Z 0000000180003709 f   node:node.exe
 0001:00002715       __imp_load_?EmitAsyncDestroy@node@@YAXPEAVIsolate@v8@@Uasync_context@1@@Z 0000000180003715 f   node:node.exe
 0001:00002721       __imp_load_?FatalException@node@@YAXPEAVIsolate@v8@@AEBVTryCatch@3@@Z 0000000180003721 f   node:node.exe
 0001:0000272d       __imp_load_node_module_register 000000018000372d f   node:node.exe
 0001:00002739       __imp_load_?New@Buffer@node@@YA?AV?$MaybeLocal@VObject@v8@@@v8@@PEAVIsolate@4@_K@Z 0000000180003739 f   node:node.exe
 0001:00002745       __imp_load_?Data@Buffer@node@@YAPEADV?$Local@VObject@v8@@@v8@@@Z 0000000180003745 f   node:node.exe
 0001:00002751       __imp_load_?MakeCallback@node@@YA?AV?$MaybeLocal@VValue@v8@@@v8@@PEAVIsolate@3@V?$Local@VObject@v8@@@3@V?$Local@VFunction@v8@@@3@HPEAV?$Local@VValue@v8@@@3@Uasync_context@1@@Z 0000000180003751 f   node:node.exe
 0001:0000275d       __imp_load_?EmitAsyncInit@node@@YA?AUasync_context@1@PEAVIsolate@v8@@V?$Local@VObject@v8@@@4@V?$Local@VString@v8@@@4@N@Z 000000018000375d f   node:node.exe
 0001:00002769       __imp_load_uv_default_loop 0000000180003769 f   node:node.exe
 0001:00002778       ??0bad_alloc@std@@QEAA@AEBV01@@Z 0000000180003778 f i libcpmt:xthrow.obj
 0001:000027b8       ??0bad_alloc@std@@QEAA@XZ  00000001800037b8 f i libcpmt:xthrow.obj
 0001:000027d8       ??0exception@std@@QEAA@AEBV01@@Z 00000001800037d8 f i libcpmt:xthrow.obj
 0001:00002810       ??0length_error@std@@QEAA@AEBV01@@Z 0000000180003810 f i libcpmt:xthrow.obj
 0001:00002850       ??0length_error@std@@QEAA@PEBD@Z 0000000180003850 f i libcpmt:xthrow.obj
 0001:0000289c       ??0logic_error@std@@QEAA@AEBV01@@Z 000000018000389c f i libcpmt:xthrow.obj
 0001:000028dc       ??1bad_exception@std@@UEAA@XZ 00000001800038dc f i libvcruntime:frame.obj
 0001:000028dc       ??1length_error@std@@UEAA@XZ 00000001800038dc f i libcpmt:xthrow.obj
 0001:000028dc       ??1bad_alloc@std@@UEAA@XZ  00000001800038dc f i libcpmt:xthrow.obj
 0001:000028dc       ??1bad_array_new_length@std@@UEAA@XZ 00000001800038dc f i LIBCMT:throw_bad_alloc.obj
 0001:000028f0       ??_Elength_error@std@@UEAAPEAXI@Z 00000001800038f0 f i libcpmt:xthrow.obj
 0001:000028f0       ??_Elogic_error@std@@UEAAPEAXI@Z 00000001800038f0 f i libcpmt:xthrow.obj
 0001:000028f0       ??_Ebad_alloc@std@@UEAAPEAXI@Z 00000001800038f0 f i libcpmt:xthrow.obj
 0001:000028f0       ??_Gbad_alloc@std@@UEAAPEAXI@Z 00000001800038f0 f i libcpmt:xthrow.obj
 0001:000028f0       ??_Gexception@std@@UEAAPEAXI@Z 00000001800038f0 f i libcpmt:xthrow.obj
 0001:000028f0       ??_Ebad_array_new_length@std@@UEAAPEAXI@Z 00000001800038f0 f i LIBCMT:throw_bad_alloc.obj
 0001:000028f0       ??_Glength_error@std@@UEAAPEAXI@Z 00000001800038f0 f i libcpmt:xthrow.obj
 0001:000028f0       ??_Eexception@std@@UEAAPEAXI@Z 00000001800038f0 f i libcpmt:xthrow.obj
 0001:000028f0       ??_Gbad_array_new_length@std@@UEAAPEAXI@Z 00000001800038f0 f i LIBCMT:throw_bad_alloc.obj
 0001:000028f0       ??_Glogic_error@std@@UEAAPEAXI@Z 00000001800038f0 f i libcpmt:xthrow.obj
 0001:000028f0       ??_Gbad_exception@std@@UEAAPEAXI@Z 00000001800038f0 f i libvcruntime:frame.obj
 0001:000028f0       ??_Ebad_exception@std@@UEAAPEAXI@Z 00000001800038f0 f i libvcruntime:frame.obj
 0001:00002934       ?_Xlength_error@std@@YAXPEBD@Z 0000000180003934 f   libcpmt:xthrow.obj
 0001:00002958       ?what@exception@std@@UEBAPEBDXZ 0000000180003958 f i libcpmt:xthrow.obj
 0001:00002980       __security_check_cookie    0000000180003980 f   LIBCMT:amdsecgs.obj
 0001:000029a4       ??_V@YAXPEAX@Z             00000001800039a4 f   LIBCMT:delete_array.obj
 0001:000029a4       ??3@YAXPEAX_K@Z            00000001800039a4 f   LIBCMT:delete_scalar_size.obj
 0001:000029ac       ??2@YAPEAX_K@Z             00000001800039ac f   LIBCMT:new_scalar.obj
 0001:000029e8       ??_U@YAPEAX_K@Z            00000001800039e8 f   LIBCMT:new_array.obj
 0001:000029f0       ??_Etype_info@@UEAAPEAXI@Z 00000001800039f0 f i LIBCMT:std_type_info_static.obj
 0001:000029f0       ??_Gtype_info@@UEAAPEAXI@Z 00000001800039f0 f i LIBCMT:std_type_info_static.obj
 0001:00002d4c       _DllMainCRTStartup         0000000180003d4c f   LIBCMT:dll_dllmain.obj
 0001:00002d8c       __raise_securityfailure    0000000180003d8c f   LIBCMT:gs_report.obj
 0001:00002dc0       __report_gsfailure         0000000180003dc0 f   LIBCMT:gs_report.obj
 0001:00002e94       __report_rangecheckfailure 0000000180003e94 f   LIBCMT:gs_report.obj
 0001:00002ea8       __report_securityfailure   0000000180003ea8 f   LIBCMT:gs_report.obj
 0001:00003028       ??3@YAXPEAX@Z              0000000180004028 f   LIBCMT:delete_scalar.obj
 0001:00003030       ??0bad_array_new_length@std@@QEAA@AEBV01@@Z 0000000180004030 f i LIBCMT:throw_bad_alloc.obj
 0001:00003070       ??0bad_array_new_length@std@@QEAA@XZ 0000000180004070 f i LIBCMT:throw_bad_alloc.obj
 0001:00003090       ?__scrt_throw_std_bad_alloc@@YAXXZ 0000000180004090 f   LIBCMT:throw_bad_alloc.obj
 0001:000030b0       ?__scrt_throw_std_bad_array_new_length@@YAXXZ 00000001800040b0 f   LIBCMT:throw_bad_alloc.obj
 0001:000030d0       __security_init_cookie     00000001800040d0 f   LIBCMT:gs_support.obj
 0001:0000317c       _get_startup_argv_mode     000000018000417c f   LIBCMT:argv_mode.obj
 0001:0000317c       DllMain                    000000018000417c f   LIBCMT:dll_dllmain_stub.obj
 0001:00003184       ?__scrt_initialize_type_info@@YAXXZ 0000000180004184 f   LIBCMT:tncleanup.obj
 0001:00003194       ?__scrt_uninitialize_type_info@@YAXXZ 0000000180004194 f   LIBCMT:tncleanup.obj
 0001:000031a0       __local_stdio_printf_options 00000001800041a0 f i LIBCMT:default_local_stdio_options.obj
 0001:000031a8       __local_stdio_scanf_options 00000001800041a8 f i LIBCMT:default_local_stdio_options.obj
 0001:000031b0       __scrt_initialize_default_local_stdio_options 00000001800041b0 f   LIBCMT:default_local_stdio_options.obj
 0001:000031cc       __scrt_acquire_startup_lock 00000001800041cc f   LIBCMT:utility.obj
 0001:00003208       __scrt_dllmain_after_initialize_c 0000000180004208 f   LIBCMT:utility.obj
 0001:0000323c       __scrt_dllmain_before_initialize_c 000000018000423c f   LIBCMT:utility.obj
 0001:00003254       __scrt_dllmain_crt_thread_attach 0000000180004254 f   LIBCMT:utility.obj
 0001:0000327c       __scrt_dllmain_crt_thread_detach 000000018000427c f   LIBCMT:utility.obj
 0001:00003294       __scrt_dllmain_exception_filter 0000000180004294 f   LIBCMT:utility.obj
 0001:000032f4       __scrt_dllmain_uninitialize_c 00000001800042f4 f   LIBCMT:utility.obj
 0001:00003324       __scrt_dllmain_uninitialize_critical 0000000180004324 f   LIBCMT:utility.obj
 0001:00003338       __scrt_initialize_crt      0000000180004338 f   LIBCMT:utility.obj
 0001:00003384       __scrt_initialize_onexit_tables 0000000180004384 f   LIBCMT:utility.obj
 0001:0000345c       __scrt_is_nonwritable_in_current_image 000000018000445c f   LIBCMT:utility.obj
 0001:000034f8       __scrt_release_startup_lock 00000001800044f8 f   LIBCMT:utility.obj
 0001:0000351c       __scrt_uninitialize_crt    000000018000451c f   LIBCMT:utility.obj
 0001:00003548       __scrt_get_dyn_tls_init_callback 0000000180004548 f   LIBCMT:dyn_tls_init.obj
 0001:00003550       __crt_debugger_hook        0000000180004550 f   LIBCMT:utility_desktop.obj
 0001:00003558       __scrt_fastfail            0000000180004558 f   LIBCMT:utility_desktop.obj
 0001:000036a4       _RTC_Initialize            00000001800046a4 f   LIBCMT:initsect.obj
 0001:000036e0       _RTC_Terminate             00000001800046e0 f   LIBCMT:initsect.obj
 0001:0000371c       __isa_available_init       000000018000471c f   LIBCMT:cpu_disp.obj
 0001:000038d8       __scrt_is_ucrt_dll_in_use  00000001800048d8 f   LIBCMT:ucrt_detection.obj
 0001:000038f0       __std_exception_copy       00000001800048f0 f   libvcruntime:std_exception.obj
 0001:00003980       __std_exception_destroy    0000000180004980 f   libvcruntime:std_exception.obj
 0001:000039a8       _CxxThrowException         00000001800049a8 f   libvcruntime:throw.obj
 0001:00003a68       __C_specific_handler       0000000180004a68 f   libvcruntime:riscchandler.obj
 0001:00003c74       __std_type_info_compare    0000000180004c74 f   libvcruntime:std_type_info.obj
 0001:00003c9c       __std_type_info_destroy_list 0000000180004c9c f   libvcruntime:std_type_info.obj
 0001:00003cc8       __vcrt_initialize          0000000180004cc8 f   libvcruntime:initialization.obj
 0001:00003cfc       __vcrt_thread_attach       0000000180004cfc f   libvcruntime:initialization.obj
 0001:00003d10       __vcrt_thread_detach       0000000180004d10 f   libvcruntime:initialization.obj
 0001:00003d24       __vcrt_uninitialize        0000000180004d24 f   libvcruntime:initialization.obj
 0001:00003d44       __vcrt_uninitialize_critical 0000000180004d44 f   libvcruntime:initialization.obj
 0001:00003d70       memset_repmovs             0000000180004d70 f   libvcruntime:memset.obj
 0001:00003d90       memset                     0000000180004d90 f   libvcruntime:memset.obj
 0001:00003f30       _NLG_Notify                0000000180004f30 f   libvcruntime:notify.obj
 0001:00003f50       __NLG_Dispatch2            0000000180004f50 f   libvcruntime:notify.obj
 0001:00003f60       __NLG_Return2              0000000180004f60 f   libvcruntime:notify.obj
 0001:00003f64       __except_validate_context_record 0000000180004f64 f   libvcruntime:jbcxrval.obj
 0001:00003f9c       __DestructExceptionObject  0000000180004f9c f   libvcruntime:ehhelpers.obj
 0001:00004010       ?_CallMemberFunction0@@YAXQEAX0@Z 0000000180005010 f i libvcruntime:ehhelpers.obj
 0001:00004014       _IsExceptionObjectToBeDestroyed 0000000180005014 f   libvcruntime:ehhelpers.obj
 0001:00004044       __AdjustPointer            0000000180005044 f   libvcruntime:ehhelpers.obj
 0001:00004068       __FrameUnwindFilter        0000000180005068 f   libvcruntime:ehhelpers.obj
 0001:000040b4       __vcrt_freefls             00000001800050b4 f   libvcruntime:per_thread_data.obj
 0001:000040d4       __vcrt_freeptd             00000001800050d4 f   libvcruntime:per_thread_data.obj
 0001:00004124       __vcrt_getptd              0000000180005124 f   libvcruntime:per_thread_data.obj
 0001:00004140       __vcrt_getptd_noexit       0000000180005140 f   libvcruntime:per_thread_data.obj
 0001:0000420c       __vcrt_initialize_ptd      000000018000520c f   libvcruntime:per_thread_data.obj
 0001:00004260       __vcrt_uninitialize_ptd    0000000180005260 f   libvcruntime:per_thread_data.obj
 0001:00004284       __vcrt_initialize_locks    0000000180005284 f   libvcruntime:locks.obj
 0001:000042cc       __vcrt_uninitialize_locks  00000001800052cc f   libvcruntime:locks.obj
 0001:000044dc       __vcrt_FlsAlloc            00000001800054dc f   libvcruntime:winapi_downlevel.obj
 0001:00004524       __vcrt_FlsFree             0000000180005524 f   libvcruntime:winapi_downlevel.obj
 0001:0000456c       __vcrt_FlsGetValue         000000018000556c f   libvcruntime:winapi_downlevel.obj
 0001:000045b4       __vcrt_FlsSetValue         00000001800055b4 f   libvcruntime:winapi_downlevel.obj
 0001:00004608       __vcrt_InitializeCriticalSectionEx 0000000180005608 f   libvcruntime:winapi_downlevel.obj
 0001:0000466c       __vcrt_initialize_winapi_thunks 000000018000566c f   libvcruntime:winapi_downlevel.obj
 0001:0000469c       __vcrt_uninitialize_winapi_thunks 000000018000569c f   libvcruntime:winapi_downlevel.obj
 0001:000046dc       __vcrt_initialize_pure_virtual_call_handler 00000001800056dc f   libvcruntime:purevirt_data.obj
 0001:000046ec       ??$_CallSETranslator@V__FrameHandler3@@@@YAHPEAUEHExceptionRecord@@PEA_KPEAU_CONTEXT@@PEAU_xDISPATCHER_CONTEXT@@PEBU_s_FuncInfo@@K1@Z 00000001800056ec f i libvcruntime:risctrnsctrl.obj
 0001:00004740       ?CatchTryBlock@__FrameHandler3@@SAPEBU_s_TryBlockMapEntry@@PEBU_s_FuncInfo@@H@Z 0000000180005740 f   libvcruntime:risctrnsctrl.obj
 0001:00004798       ?ExecutionInCatch@__FrameHandler3@@SA_NPEAU_xDISPATCHER_CONTEXT@@PEBU_s_FuncInfo@@@Z 0000000180005798 f   libvcruntime:risctrnsctrl.obj
 0001:000047c4       ?FrameUnwindToEmptyState@__FrameHandler3@@SAXPEA_KPEAU_xDISPATCHER_CONTEXT@@PEBU_s_FuncInfo@@@Z 00000001800057c4 f   libvcruntime:risctrnsctrl.obj
 0001:00004828       ?GetEstablisherFrame@__FrameHandler3@@SAPEA_KPEA_KPEAU_xDISPATCHER_CONTEXT@@PEBU_s_FuncInfo@@0@Z 0000000180005828 f   libvcruntime:risctrnsctrl.obj
 0001:000048f4       ?GetRangeOfTrysToCheck@__FrameHandler3@@SA?AU?$pair@Viterator@TryBlockMap@__FrameHandler3@@V123@@std@@AEAVTryBlockMap@1@HH@Z 00000001800058f4 f   libvcruntime:risctrnsctrl.obj
 0001:00004a50       ?UnwindNestedFrames@__FrameHandler3@@SAXPEA_KPEAUEHExceptionRecord@@PEAU_CONTEXT@@0PEAXPEBU_s_FuncInfo@@HHPEBU_s_HandlerType@@PEAU_xDISPATCHER_CONTEXT@@E@Z 0000000180005a50 f   libvcruntime:risctrnsctrl.obj
 0001:00004b74       _CreateFrameInfo           0000000180005b74 f   libvcruntime:risctrnsctrl.obj
 0001:00004bb0       _FindAndUnlinkFrame        0000000180005bb0 f   libvcruntime:risctrnsctrl.obj
 0001:00004c04       _GetImageBase              0000000180005c04 f   libvcruntime:risctrnsctrl.obj
 0001:00004c18       _GetThrowImageBase         0000000180005c18 f   libvcruntime:risctrnsctrl.obj
 0001:00004c2c       _SetImageBase              0000000180005c2c f   libvcruntime:risctrnsctrl.obj
 0001:00004c44       _SetThrowImageBase         0000000180005c44 f   libvcruntime:risctrnsctrl.obj
 0001:00004c5c       __CxxFrameHandler3         0000000180005c5c f   libvcruntime:risctrnsctrl.obj
 0001:00004cf0       memcpy_repmovs             0000000180005cf0 f   libvcruntime:memcpy.obj
 0001:00004d10       memcpy                     0000000180005d10 f   libvcruntime:memcpy.obj
 0001:00004d10       memmove                    0000000180005d10 f   libvcruntime:memcpy.obj
 0001:00005148       ?GetCurrentState@__FrameHandler3@@SAHPEA_KPEAU_xDISPATCHER_CONTEXT@@PEBU_s_FuncInfo@@@Z 0000000180006148 f   libvcruntime:ehstate.obj
 0001:00005170       ?GetUnwindTryBlock@__FrameHandler3@@SAHPEA_KPEAU_xDISPATCHER_CONTEXT@@PEBU_s_FuncInfo@@@Z 0000000180006170 f   libvcruntime:ehstate.obj
 0001:0000519c       ?SetState@__FrameHandler3@@SAXPEA_KPEBU_s_FuncInfo@@H@Z 000000018000619c f   libvcruntime:ehstate.obj
 0001:000051a8       ?SetUnwindTryBlock@__FrameHandler3@@SAXPEA_KPEAU_xDISPATCHER_CONTEXT@@PEBU_s_FuncInfo@@H@Z 00000001800061a8 f   libvcruntime:ehstate.obj
 0001:000051e4       ?StateFromControlPc@__FrameHandler3@@SAHPEBU_s_FuncInfo@@PEAU_xDISPATCHER_CONTEXT@@@Z 00000001800061e4 f   libvcruntime:ehstate.obj
 0001:000051ec       ?StateFromIp@__FrameHandler3@@SAHPEBU_s_FuncInfo@@PEAU_xDISPATCHER_CONTEXT@@_K@Z 00000001800061ec f   libvcruntime:ehstate.obj
 0001:00005c78       ??$TypeMatchHelper@V__FrameHandler3@@@@YAHPEBU_s_HandlerType@@PEBU_s_CatchableType@@PEBU_s_ThrowInfo@@@Z 0000000180006c78 f i libvcruntime:frame.obj
 0001:00005dbc       ??$__InternalCxxFrameHandler@V__FrameHandler3@@@@YA?AW4_EXCEPTION_DISPOSITION@@PEAUEHExceptionRecord@@PEA_KPEAU_CONTEXT@@PEAU_xDISPATCHER_CONTEXT@@PEBU_s_FuncInfo@@H1E@Z 0000000180006dbc f i libvcruntime:frame.obj
 0001:00006004       ??0bad_exception@std@@QEAA@AEBV01@@Z 0000000180007004 f i libvcruntime:frame.obj
 0001:00006044       ??0bad_exception@std@@QEAA@XZ 0000000180007044 f i libvcruntime:frame.obj
 0001:00006064       ?CxxCallCatchBlock@__FrameHandler3@@SAPEAXPEAU_EXCEPTION_RECORD@@@Z 0000000180007064 f   libvcruntime:frame.obj
 0001:000062d8       ?FrameUnwindToState@__FrameHandler3@@SAXPEA_KPEAU_xDISPATCHER_CONTEXT@@PEBU_s_FuncInfo@@H@Z 00000001800072d8 f   libvcruntime:frame.obj
 0001:0000646c       ?GetHandlerSearchState@__FrameHandler3@@SAHPEA_KPEAU_xDISPATCHER_CONTEXT@@PEBU_s_FuncInfo@@@Z 000000018000746c f i libvcruntime:frame.obj
 0001:00006670       ?_CallMemberFunction1@@YAXQEAX00@Z 0000000180007670 f i libvcruntime:frame.obj
 0001:0000667c       ?_CallMemberFunction2@@YAXQEAX00H@Z 000000018000767c f i libvcruntime:frame.obj
 0001:000066a0       _CallSettingFrame          00000001800076a0 f   libvcruntime:handlers.obj
 0001:000066f0       _CallSettingFrameEncoded   00000001800076f0 f   libvcruntime:handlers.obj
 0001:00006738       ??0_LocaleUpdate@@QEAA@QEAU__crt_locale_pointers@@@Z 0000000180007738 f i libucrt:mbstowcs.obj
 0001:000069d8       mbstowcs                   00000001800079d8 f   libucrt:mbstowcs.obj
 0001:000069f4       free                       00000001800079f4 f   libucrt:free.obj
 0001:00007120       ??$ftprintf@PEAU_iobuf@@PEB_WAEBQEB_WAEBQEB_WAEBI@?$__crt_char_traits@_W@@SAH$$QEAPEAU_iobuf@@$$QEAPEB_WAEBQEB_W2AEBI@Z 0000000180008120 f i libucrt:assert.obj
 0001:00007148       _wassert                   0000000180008148 f   libucrt:assert.obj
 0001:000071bc       fwprintf                   00000001800081bc f i libucrt:assert.obj
 0001:00007200       swprintf                   0000000180008200 f i libucrt:assert.obj
 0001:00007254       __acrt_call_reportfault    0000000180008254 f   libucrt:invalid_parameter.obj
 0001:000073b0       __acrt_initialize_invalid_parameter_handler 00000001800083b0 f   libucrt:invalid_parameter.obj
 0001:000073b8       _invalid_parameter         00000001800083b8 f   libucrt:invalid_parameter.obj
 0001:00007468       _invalid_parameter_noinfo  0000000180008468 f   libucrt:invalid_parameter.obj
 0001:00007488       _invalid_parameter_noinfo_noreturn 0000000180008488 f   libucrt:invalid_parameter.obj
 0001:000074b8       _invoke_watson             00000001800084b8 f   libucrt:invalid_parameter.obj
 0001:00007500       malloc                     0000000180008500 f   libucrt:malloc.obj
 0001:00007508       __ascii_stricmp            0000000180008508 f   libucrt:stricmp.obj
 0001:00007548       _stricmp                   0000000180008548 f   libucrt:stricmp.obj
 0001:00007590       _stricmp_l                 0000000180008590 f   libucrt:stricmp.obj
 0001:00007644       __acrt_initialize_new_handler 0000000180008644 f   libucrt:new_handler.obj
 0001:0000764c       _callnewh                  000000018000864c f   libucrt:new_handler.obj
 0001:0000767c       _query_new_handler         000000018000867c f   libucrt:new_handler.obj
 0001:000076b0       _initterm                  00000001800086b0 f   libucrt:initterm.obj
 0001:00007714       _initterm_e                0000000180008714 f   libucrt:initterm.obj
 0001:00007754       _seh_filter_dll            0000000180008754 f   libucrt:exception_filter.obj
 0001:00007768       _seh_filter_exe            0000000180008768 f   libucrt:exception_filter.obj
 0001:00007b58       __acrt_initialize_thread_local_exit_callback 0000000180008b58 f   libucrt:exit.obj
 0001:00007b60       _cexit                     0000000180008b60 f   libucrt:exit.obj
 0001:00007b70       _exit                      0000000180008b70 f   libucrt:exit.obj
 0001:00007b7c       _is_c_termination_complete 0000000180008b7c f   libucrt:exit.obj
 0001:00007d48       __acrt_allocate_buffer_for_argv 0000000180008d48 f   libucrt:argv_parsing.obj
 0001:00007da8       _configure_narrow_argv     0000000180008da8 f   libucrt:argv_parsing.obj
 0001:00008120       __dcrt_uninitialize_environments_nolock 0000000180009120 f   libucrt:environment_initialization.obj
 0001:00008158       _initialize_narrow_environment 0000000180009158 f   libucrt:environment_initialization.obj
 0001:000082b4       _execute_onexit_table      00000001800092b4 f   libucrt:onexit.obj
 0001:000082f0       _initialize_onexit_table   00000001800092f0 f   libucrt:onexit.obj
 0001:00008350       __acrt_uninitialize_command_line 0000000180009350 f   libucrt:argv_data.obj
 0001:00008448       __acrt_initialize          0000000180009448 f   libucrt:initialization.obj
 0001:0000845c       __acrt_thread_attach       000000018000945c f   libucrt:initialization.obj
 0001:00008470       __acrt_thread_detach       0000000180009470 f   libucrt:initialization.obj
 0001:00008480       __acrt_uninitialize        0000000180009480 f   libucrt:initialization.obj
 0001:000084b8       __acrt_uninitialize_critical 00000001800094b8 f   libucrt:initialization.obj
 0001:000084c8       terminate                  00000001800094c8 f   libucrt:terminate.obj
 0001:000084e8       strcpy_s                   00000001800094e8 f   libucrt:strcpy_s.obj
 0001:0000875c       ??$ensure_buffer_is_big_enough@D@formatting_buffer@__crt_stdio_output@@QEAA_N_K@Z 000000018000975c f i libucrt:output.obj
 0001:00008804       ??$ensure_buffer_is_big_enough@_W@formatting_buffer@__crt_stdio_output@@QEAA_N_K@Z 0000000180009804 f i libucrt:output.obj
 0001:000088b0       ??$is_wide_character_specifier@_W@__crt_stdio_output@@YA_N_K_WW4length_modifier@0@@Z 00000001800098b0 f i libucrt:output.obj
 0001:000088f0       ??$type_case_integer_parse_into_buffer@I@?$output_processor@_WV?$stream_output_adapter@_W@__crt_stdio_output@@V?$standard_base@_WV?$stream_output_adapter@_W@__crt_stdio_output@@@2@@__crt_stdio_output@@AEAAXII_N@Z 00000001800098f0 f i libucrt:output.obj
 0001:000088f0       ??$type_case_integer_parse_into_buffer@I@?$output_processor@_WV?$string_output_adapter@_W@__crt_stdio_output@@V?$standard_base@_WV?$string_output_adapter@_W@__crt_stdio_output@@@2@@__crt_stdio_output@@AEAAXII_N@Z 00000001800098f0 f i libucrt:output.obj
 0001:00008994       ??$type_case_integer_parse_into_buffer@_K@?$output_processor@_WV?$string_output_adapter@_W@__crt_stdio_output@@V?$standard_base@_WV?$string_output_adapter@_W@__crt_stdio_output@@@2@@__crt_stdio_output@@AEAAX_KI_N@Z 0000000180009994 f i libucrt:output.obj
 0001:00008994       ??$type_case_integer_parse_into_buffer@_K@?$output_processor@_WV?$stream_output_adapter@_W@__crt_stdio_output@@V?$standard_base@_WV?$stream_output_adapter@_W@__crt_stdio_output@@@2@@__crt_stdio_output@@AEAAX_KI_N@Z 0000000180009994 f i libucrt:output.obj
 0001:00008a38       ??$write_multiple_characters@V?$stream_output_adapter@_W@__crt_stdio_output@@D@__crt_stdio_output@@YAXAEBV?$stream_output_adapter@_W@0@DHQEAH@Z 0000000180009a38 f i libucrt:output.obj
 0001:00008acc       ??$write_multiple_characters@V?$string_output_adapter@_W@__crt_stdio_output@@D@__crt_stdio_output@@YAXAEBV?$string_output_adapter@_W@0@DHQEAH@Z 0000000180009acc f i libucrt:output.obj
 0001:00008c7c       ?crop_zeroes@__crt_stdio_output@@YAXPEADQEAU__crt_locale_pointers@@@Z 0000000180009c7c f i libucrt:output.obj
 0001:00008ce8       ?force_decimal_point@__crt_stdio_output@@YAXPEADQEAU__crt_locale_pointers@@@Z 0000000180009ce8 f i libucrt:output.obj
 0001:00008d58       ?parse_int_from_format_string@?$output_processor@_WV?$string_output_adapter@_W@__crt_stdio_output@@V?$standard_base@_WV?$string_output_adapter@_W@__crt_stdio_output@@@2@@__crt_stdio_output@@AEAA_NQEAH@Z 0000000180009d58 f i libucrt:output.obj
 0001:00008d58       ?parse_int_from_format_string@?$output_processor@_WV?$stream_output_adapter@_W@__crt_stdio_output@@V?$standard_base@_WV?$stream_output_adapter@_W@__crt_stdio_output@@@2@@__crt_stdio_output@@AEAA_NQEAH@Z 0000000180009d58 f i libucrt:output.obj
 0001:00008dfc       ?process@?$output_processor@_WV?$stream_output_adapter@_W@__crt_stdio_output@@V?$standard_base@_WV?$stream_output_adapter@_W@__crt_stdio_output@@@2@@__crt_stdio_output@@QEAAHXZ 0000000180009dfc f i libucrt:output.obj
 0001:00009068       ?process@?$output_processor@_WV?$string_output_adapter@_W@__crt_stdio_output@@V?$standard_base@_WV?$string_output_adapter@_W@__crt_stdio_output@@@2@@__crt_stdio_output@@QEAAHXZ 000000018000a068 f i libucrt:output.obj
 0001:000092e4       ?state_case_size@?$output_processor@_WV?$stream_output_adapter@_W@__crt_stdio_output@@V?$standard_base@_WV?$stream_output_adapter@_W@__crt_stdio_output@@@2@@__crt_stdio_output@@AEAA_NXZ 000000018000a2e4 f i libucrt:output.obj
 0001:0000947c       ?state_case_size@?$output_processor@_WV?$string_output_adapter@_W@__crt_stdio_output@@V?$standard_base@_WV?$string_output_adapter@_W@__crt_stdio_output@@@2@@__crt_stdio_output@@AEAA_NXZ 000000018000a47c f i libucrt:output.obj
 0001:00009614       ?state_case_type@?$output_processor@_WV?$stream_output_adapter@_W@__crt_stdio_output@@V?$standard_base@_WV?$stream_output_adapter@_W@__crt_stdio_output@@@2@@__crt_stdio_output@@AEAA_NXZ 000000018000a614 f i libucrt:output.obj
 0001:000098f4       ?state_case_type@?$output_processor@_WV?$string_output_adapter@_W@__crt_stdio_output@@V?$standard_base@_WV?$string_output_adapter@_W@__crt_stdio_output@@@2@@__crt_stdio_output@@AEAA_NXZ 000000018000a8f4 f i libucrt:output.obj
 0001:00009bc0       ?type_case_Z@?$output_processor@_WV?$string_output_adapter@_W@__crt_stdio_output@@V?$standard_base@_WV?$string_output_adapter@_W@__crt_stdio_output@@@2@@__crt_stdio_output@@AEAA_NXZ 000000018000abc0 f i libucrt:output.obj
 0001:00009bc0       ?type_case_Z@?$output_processor@_WV?$stream_output_adapter@_W@__crt_stdio_output@@V?$standard_base@_WV?$stream_output_adapter@_W@__crt_stdio_output@@@2@@__crt_stdio_output@@AEAA_NXZ 000000018000abc0 f i libucrt:output.obj
 0001:00009c3c       ?type_case_a@?$output_processor@_WV?$stream_output_adapter@_W@__crt_stdio_output@@V?$standard_base@_WV?$stream_output_adapter@_W@__crt_stdio_output@@@2@@__crt_stdio_output@@AEAA_NXZ 000000018000ac3c f i libucrt:output.obj
 0001:00009c3c       ?type_case_a@?$output_processor@_WV?$string_output_adapter@_W@__crt_stdio_output@@V?$standard_base@_WV?$string_output_adapter@_W@__crt_stdio_output@@@2@@__crt_stdio_output@@AEAA_NXZ 000000018000ac3c f i libucrt:output.obj
 0001:00009e1c       ?type_case_c_tchar@?$output_processor@_WV?$string_output_adapter@_W@__crt_stdio_output@@V?$standard_base@_WV?$string_output_adapter@_W@__crt_stdio_output@@@2@@__crt_stdio_output@@AEAA_N_W@Z 000000018000ae1c f i libucrt:output.obj
 0001:00009e1c       ?type_case_c_tchar@?$output_processor@_WV?$stream_output_adapter@_W@__crt_stdio_output@@V?$standard_base@_WV?$stream_output_adapter@_W@__crt_stdio_output@@@2@@__crt_stdio_output@@AEAA_N_W@Z 000000018000ae1c f i libucrt:output.obj
 0001:00009ec4       ?type_case_integer@?$output_processor@_WV?$string_output_adapter@_W@__crt_stdio_output@@V?$standard_base@_WV?$string_output_adapter@_W@__crt_stdio_output@@@2@@__crt_stdio_output@@AEAA_NI_N@Z 000000018000aec4 f i libucrt:output.obj
 0001:00009ec4       ?type_case_integer@?$output_processor@_WV?$stream_output_adapter@_W@__crt_stdio_output@@V?$standard_base@_WV?$stream_output_adapter@_W@__crt_stdio_output@@@2@@__crt_stdio_output@@AEAA_NI_N@Z 000000018000aec4 f i libucrt:output.obj
 0001:0000a090       ?type_case_n@?$output_processor@_WV?$stream_output_adapter@_W@__crt_stdio_output@@V?$standard_base@_WV?$stream_output_adapter@_W@__crt_stdio_output@@@2@@__crt_stdio_output@@AEAA_NXZ 000000018000b090 f i libucrt:output.obj
 0001:0000a090       ?type_case_n@?$output_processor@_WV?$string_output_adapter@_W@__crt_stdio_output@@V?$standard_base@_WV?$string_output_adapter@_W@__crt_stdio_output@@@2@@__crt_stdio_output@@AEAA_NXZ 000000018000b090 f i libucrt:output.obj
 0001:0000a16c       ?type_case_s@?$output_processor@_WV?$string_output_adapter@_W@__crt_stdio_output@@V?$standard_base@_WV?$string_output_adapter@_W@__crt_stdio_output@@@2@@__crt_stdio_output@@AEAA_NXZ 000000018000b16c f i libucrt:output.obj
 0001:0000a16c       ?type_case_s@?$output_processor@_WV?$stream_output_adapter@_W@__crt_stdio_output@@V?$standard_base@_WV?$stream_output_adapter@_W@__crt_stdio_output@@@2@@__crt_stdio_output@@AEAA_NXZ 000000018000b16c f i libucrt:output.obj
 0001:0000a234       ?write_stored_string_tchar@?$output_processor@_WV?$stream_output_adapter@_W@__crt_stdio_output@@V?$standard_base@_WV?$stream_output_adapter@_W@__crt_stdio_output@@@2@@__crt_stdio_output@@AEAA_N_W@Z 000000018000b234 f i libucrt:output.obj
 0001:0000a33c       ?write_stored_string_tchar@?$output_processor@_WV?$string_output_adapter@_W@__crt_stdio_output@@V?$standard_base@_WV?$string_output_adapter@_W@__crt_stdio_output@@@2@@__crt_stdio_output@@AEAA_N_W@Z 000000018000b33c f i libucrt:output.obj
 0001:0000a428       ?write_string@?$string_output_adapter@_W@__crt_stdio_output@@QEBAXQEB_WHQEAHAEAV__crt_deferred_errno_cache@@@Z 000000018000b428 f i libucrt:output.obj
 0001:0000a4d0       ?write_string_impl@?$output_adapter_common@_WV?$stream_output_adapter@_W@__crt_stdio_output@@@__crt_stdio_output@@IEBAXQEB_WHQEAHAEAV__crt_deferred_errno_cache@@@Z 000000018000b4d0 f i libucrt:output.obj
 0001:0000a5d4       __stdio_common_vfwprintf   000000018000b5d4 f   libucrt:output.obj
 0001:0000a660       __stdio_common_vswprintf   000000018000b660 f   libucrt:output.obj
 0001:0000a668       ??$parse_integer@KV?$c_string_character_source@_W@__crt_strtox@@@__crt_strtox@@YAKQEAU__crt_locale_pointers@@V?$c_string_character_source@_W@0@H_N@Z 000000018000b668 f i libucrt:atox.obj
 0001:0000ad30       strncmp                    000000018000bd30 f   libucrt:strncmp.obj
 0001:0000adb0       abort                      000000018000bdb0 f   libucrt:abort.obj
 0001:0000ae08       calloc                     000000018000be08 f   libucrt:calloc.obj
 0001:0000ae10       wcsncmp                    000000018000be10 f   libucrt:wcsncmp.obj
 0001:0000ae3c       _isleadbyte_l              000000018000be3c f i libucrt:_wctype.obj
 0001:0000ae88       __acrt_errno_from_os_error 000000018000be88 f   libucrt:errno.obj
 0001:0000aed0       __acrt_errno_map_os_error  000000018000bed0 f   libucrt:errno.obj
 0001:0000af20       __doserrno                 000000018000bf20 f   libucrt:errno.obj
 0001:0000af40       _errno                     000000018000bf40 f   libucrt:errno.obj
 0001:0000af60       __acrt_MultiByteToWideChar 000000018000bf60 f   libucrt:multibytetowidechar.obj
 0001:0000b334       __acrt_freeptd             000000018000c334 f   libucrt:per_thread_data.obj
 0001:0000b378       __acrt_getptd              000000018000c378 f   libucrt:per_thread_data.obj
 0001:0000b44c       __acrt_getptd_head         000000018000c44c f   libucrt:per_thread_data.obj
 0001:0000b4f4       __acrt_getptd_noexit       000000018000c4f4 f   libucrt:per_thread_data.obj
 0001:0000b5c0       __acrt_initialize_ptd      000000018000c5c0 f   libucrt:per_thread_data.obj
 0001:0000b5fc       __acrt_uninitialize_ptd    000000018000c5fc f   libucrt:per_thread_data.obj
 0001:0000b620       __acrt_update_locale_info  000000018000c620 f   libucrt:locale_update.obj
 0001:0000b654       __acrt_update_multibyte_info 000000018000c654 f   libucrt:locale_update.obj
 0001:0000b688       ?__mbrtowc_utf8@__crt_mbstring@@YA_KPEA_WPEBD_KPEAU_Mbstatet@@@Z 000000018000c688 f   libucrt:mbrtowc.obj
 0001:0000b6c4       ?__mbsrtowcs_utf8@__crt_mbstring@@YA_KPEA_WPEAPEBD_KPEAU_Mbstatet@@@Z 000000018000c6c4 f   libucrt:mbrtowc.obj
 0001:0000b8ac       __acrt_set_locale_changed  000000018000c8ac f   libucrt:wsetlocale.obj
 0001:0000b8b8       __acrt_uninitialize_locale 000000018000c8b8 f   libucrt:wsetlocale.obj
 0001:0000b8e8       _free_base                 000000018000c8e8 f   libucrt:free_base.obj
 0001:0000b928       _query_app_type            000000018000c928 f   libucrt:report_runtime_error.obj
 0001:0000ba70       _itow_s                    000000018000ca70 f   libucrt:xtoa.obj
 0001:0000ba90       _set_error_mode            000000018000ca90 f   libucrt:set_error_mode.obj
 0001:0000bad0       wcscat_s                   000000018000cad0 f   libucrt:wcscat_s.obj
 0001:0000bb50       wcscpy_s                   000000018000cb50 f   libucrt:wcscpy_s.obj
 0001:0000bbb8       wcsncat_s                  000000018000cbb8 f   libucrt:wcsncat_s.obj
 0001:0000bcb8       ??$__acrt_wcs_to_mbs_cp@U__crt_win32_buffer_no_resizing@@@@YAHQEB_WAEAV?$__crt_win32_buffer@DU__crt_win32_buffer_no_resizing@@@@I@Z 000000018000ccb8 f i libucrt:getmodulefilenamea.obj
 0001:0000bdcc       __acrt_GetModuleFileNameA  000000018000cdcc f   libucrt:getmodulefilenamea.obj
 0001:0000beec       __acrt_show_wide_message_box 000000018000ceec f   libucrt:crtmbox.obj
 0001:0000bf90       __acrt_initialize_stdio    000000018000cf90 f   libucrt:_file.obj
 0001:0000c0b0       __acrt_iob_func            000000018000d0b0 f   libucrt:_file.obj
 0001:0000c0c4       __acrt_uninitialize_stdio  000000018000d0c4 f   libucrt:_file.obj
 0001:0000c120       _lock_file                 000000018000d120 f   libucrt:_file.obj
 0001:0000c12c       _unlock_file               000000018000d12c f   libucrt:_file.obj
 0001:0000c354       __acrt_stdio_flush_nolock  000000018000d354 f   libucrt:fflush.obj
 0001:0000c3d0       _fflush_nolock             000000018000d3d0 f   libucrt:fflush.obj
 0001:0000c41c       _flushall                  000000018000d41c f   libucrt:fflush.obj
 0001:0000c424       fflush                     000000018000d424 f   libucrt:fflush.obj
 0001:0000c5ac       setvbuf                    000000018000d5ac f   libucrt:setvbuf.obj
 0001:0000c690       __acrt_get_sigabrt_handler 000000018000d690 f   libucrt:signal.obj
 0001:0000c6c0       __acrt_initialize_signal_handlers 000000018000d6c0 f   libucrt:signal.obj
 0001:0000c6e0       raise                      000000018000d6e0 f   libucrt:signal.obj
 0001:0000c94c       _malloc_base               000000018000d94c f   libucrt:malloc_base.obj
 0001:0000ca0c       _tolower_l                 000000018000da0c f   libucrt:tolower_toupper.obj
 0001:0000cb4c       tolower                    000000018000db4c f   libucrt:tolower_toupper.obj
 0001:0000cb78       __acrt_initialize_locks    000000018000db78 f   libucrt:locks.obj
 0001:0000cbc0       __acrt_lock                000000018000dbc0 f   libucrt:locks.obj
 0001:0000cbdc       __acrt_uninitialize_locks  000000018000dbdc f   libucrt:locks.obj
 0001:0000cc14       __acrt_unlock              000000018000dc14 f   libucrt:locks.obj
 0001:0000cc30       __acrt_get_developer_information_policy 000000018000dc30 f   libucrt:win_policies.obj
 0001:0000cc84       __acrt_get_process_end_policy 000000018000dc84 f   libucrt:win_policies.obj
 0001:0000ccc0       __acrt_get_windowing_model_policy 000000018000dcc0 f   libucrt:win_policies.obj
 0001:0000cd2c       _calloc_base               000000018000dd2c f   libucrt:calloc_base.obj
 0001:0000cdb8       ??$__acrt_mbs_to_wcs_cp@U__crt_win32_buffer_internal_dynamic_resizing@@@@YAHQEBDAEAV?$__crt_win32_buffer@_WU__crt_win32_buffer_internal_dynamic_resizing@@@@I@Z 000000018000ddb8 f i libucrt:argv_wildcards.obj
 0001:0000cf30       ??$__acrt_wcs_to_mbs_cp@U__crt_win32_buffer_internal_dynamic_resizing@@@@YAHQEB_WAEAV?$__crt_win32_buffer@DU__crt_win32_buffer_internal_dynamic_resizing@@@@I@Z 000000018000df30 f i libucrt:argv_wildcards.obj
 0001:0000d760       __acrt_expand_narrow_argv_wildcards 000000018000e760 f   libucrt:argv_wildcards.obj
 0001:0000de94       __acrt_initialize_multibyte 000000018000ee94 f   libucrt:mbctype.obj
 0001:0000def4       __acrt_update_thread_multibyte_data 000000018000eef4 f   libucrt:mbctype.obj
 0001:0000df10       _setmbcp_nolock            000000018000ef10 f   libucrt:mbctype.obj
 0001:0000e244       _ismbblead                 000000018000f244 f   libucrt:ismbbyte.obj
 0001:0000e258       __acrt_initialize_command_line 000000018000f258 f   libucrt:argv_data.obj
 0001:0000e280       __acrt_WideCharToMultiByte 000000018000f280 f   libucrt:widechartomultibyte.obj
 0001:0000e318       __dcrt_get_narrow_environment_from_os 000000018000f318 f   libucrt:get_environment_from_os.obj
 0001:0000e41c       _recalloc_base             000000018000f41c f   libucrt:recalloc.obj
 0001:0000e68c       __acrt_AppPolicyGetProcessTerminationMethodInternal 000000018000f68c f   libucrt:winapi_thunks.obj
 0001:0000e6dc       __acrt_AppPolicyGetShowDeveloperDiagnosticInternal 000000018000f6dc f   libucrt:winapi_thunks.obj
 0001:0000e72c       __acrt_AppPolicyGetWindowingModelInternal 000000018000f72c f   libucrt:winapi_thunks.obj
 0001:0000e77c       __acrt_AreFileApisANSI     000000018000f77c f   libucrt:winapi_thunks.obj
 0001:0000e7b8       __acrt_FlsAlloc            000000018000f7b8 f   libucrt:winapi_thunks.obj
 0001:0000e800       __acrt_FlsFree             000000018000f800 f   libucrt:winapi_thunks.obj
 0001:0000e848       __acrt_FlsGetValue         000000018000f848 f   libucrt:winapi_thunks.obj
 0001:0000e890       __acrt_FlsSetValue         000000018000f890 f   libucrt:winapi_thunks.obj
 0001:0000e8e4       __acrt_InitializeCriticalSectionEx 000000018000f8e4 f   libucrt:winapi_thunks.obj
 0001:0000e948       __acrt_LCMapStringEx       000000018000f948 f   libucrt:winapi_thunks.obj
 0001:0000ea24       __acrt_LocaleNameToLCID    000000018000fa24 f   libucrt:winapi_thunks.obj
 0001:0000ea74       __acrt_MessageBoxW         000000018000fa74 f   libucrt:winapi_thunks.obj
 0001:0000eae8       __acrt_can_show_message_box 000000018000fae8 f   libucrt:winapi_thunks.obj
 0001:0000eb58       __acrt_get_parent_window   000000018000fb58 f   libucrt:winapi_thunks.obj
 0001:0000ebd0       __acrt_initialize_winapi_thunks 000000018000fbd0 f   libucrt:winapi_thunks.obj
 0001:0000ec04       __acrt_is_interactive      000000018000fc04 f   libucrt:winapi_thunks.obj
 0001:0000eccc       __acrt_uninitialize_winapi_thunks 000000018000fccc f   libucrt:winapi_thunks.obj
 0001:0000ed10       __acrt_initialize_heap     000000018000fd10 f   libucrt:heap_handle.obj
 0001:0000ed2c       __acrt_uninitialize_heap   000000018000fd2c f   libucrt:heap_handle.obj
 0001:0000ef34       __acrt_initialize_lowio    000000018000ff34 f   libucrt:ioinit.obj
 0001:0000ef70       __acrt_uninitialize_lowio  000000018000ff70 f   libucrt:ioinit.obj
 0001:0000efb0       __acrt_execute_initializers 000000018000ffb0 f   libucrt:shared_initialization.obj
 0001:0000f030       __acrt_execute_uninitializers 0000000180010030 f   libucrt:shared_initialization.obj
 0001:0000f06c       __acrt_has_user_matherr    000000018001006c f   libucrt:matherr.obj
 0001:0000f08c       __acrt_initialize_user_matherr 000000018001008c f   libucrt:matherr.obj
 0001:0000f094       __acrt_invoke_user_matherr 0000000180010094 f   libucrt:matherr.obj
 0001:0000f0c4       __acrt_stdio_begin_temporary_buffering_nolock 00000001800100c4 f   libucrt:_sftbuf.obj
 0001:0000f194       __acrt_stdio_end_temporary_buffering_nolock 0000000180010194 f   libucrt:_sftbuf.obj
 0001:0000f1d0       isdigit                    00000001800101d0 f i libucrt:_ctype.obj
 0001:0000f264       wcstol                     0000000180010264 f   libucrt:strtox.obj
 0001:0000f290       _mbtowc_l                  0000000180010290 f   libucrt:mbtowc.obj
 0001:0000f40c       mbtowc                     000000018001040c f   libucrt:mbtowc.obj
 0001:0000f414       _wctomb_s_l                0000000180010414 f   libucrt:wctomb.obj
 0001:0000f5b4       wctomb_s                   00000001800105b4 f   libucrt:wctomb.obj
 0001:0000f5c8       wcsnlen                    00000001800105c8 f   libucrt:strnlen.obj
 0001:00010174       __acrt_fp_format           0000000180011174 f   libucrt:cvt.obj
 0001:000103fc       _fputwc_nolock             00000001800113fc f   libucrt:fputwc.obj
 0001:00010578       _fileno                    0000000180011578 f   libucrt:fileno.obj
 0001:000105a0       _fputc_nolock              00000001800115a0 f   libucrt:fputc.obj
 0001:000105b8       _get_printf_count_output   00000001800115b8 f   libucrt:printf_count_output.obj
 0001:000105d0       __pctype_func              00000001800115d0 f   libucrt:ctype.obj
 0001:00010600       iswctype                   0000000180011600 f   libucrt:iswctype.obj
 0001:00010670       _isctype_l                 0000000180011670 f   libucrt:isctype.obj
 0001:00010780       __acrt_add_locale_ref      0000000180011780 f   libucrt:locale_refcounting.obj
 0001:0001080c       __acrt_free_locale         000000018001180c f   libucrt:locale_refcounting.obj
 0001:00010984       __acrt_locale_add_lc_time_reference 0000000180011984 f   libucrt:locale_refcounting.obj
 0001:000109ac       __acrt_locale_free_lc_time_if_unreferenced 00000001800119ac f   libucrt:locale_refcounting.obj
 0001:000109e4       __acrt_locale_release_lc_time_reference 00000001800119e4 f   libucrt:locale_refcounting.obj
 0001:00010a0c       __acrt_release_locale_ref  0000000180011a0c f   libucrt:locale_refcounting.obj
 0001:00010ab4       __acrt_update_thread_locale_data 0000000180011ab4 f   libucrt:locale_refcounting.obj
 0001:00010b24       _updatetlocinfoEx_nolock   0000000180011b24 f   libucrt:locale_refcounting.obj
 0001:00010b8c       ?__mbrtoc32_utf8@__crt_mbstring@@YA_KPEA_UPEBD_KPEAU_Mbstatet@@@Z 0000000180011b8c f   libucrt:mbrtoc32.obj
 0001:00010d68       __acrt_locale_free_monetary 0000000180011d68 f   libucrt:initmon.obj
 0001:00010e74       __acrt_locale_free_numeric 0000000180011e74 f   libucrt:initnum.obj
 0001:00010f38       __acrt_locale_free_time    0000000180011f38 f   libucrt:inittime.obj
 0001:00011040       __acrt_GetStringTypeA      0000000180012040 f   libucrt:getstringtypea.obj
 0001:000111d0       _fcloseall                 00000001800121d0 f   libucrt:closeall.obj
 0001:00011284       __acrt_stdio_free_buffer_nolock 0000000180012284 f   libucrt:_freebuf.obj
 0001:00011350       _commit                    0000000180012350 f   libucrt:commit.obj
 0001:00011c50       _write                     0000000180012c50 f   libucrt:write.obj
 0001:00011d3c       _write_nolock              0000000180012d3c f   libucrt:write.obj
 0001:00012018       _query_new_mode            0000000180013018 f   libucrt:new_mode.obj
 0001:00012338       __acrt_LCMapStringA        0000000180013338 f   libucrt:lcmapstringa.obj
 0001:000123d0       qsort                      00000001800133d0 f   libucrt:qsort.obj
 0001:00012790       strncpy_s                  0000000180013790 f   libucrt:strncpy_s.obj
 0001:00012910       strpbrk                    0000000180013910 f   libucrt:strpbrk.obj
 0001:00012cf0       _mbsdec                    0000000180013cf0 f   libucrt:mbsdec.obj
 0001:00012cf8       _mbsdec_l                  0000000180013cf8 f   libucrt:mbsdec.obj
 0001:00012da4       _msize_base                0000000180013da4 f   libucrt:msize.obj
 0001:00012de0       _realloc_base              0000000180013de0 f   libucrt:realloc_base.obj
 0001:00012f44       __acrt_DownlevelLocaleNameToLCID 0000000180013f44 f   libucrt:lcidtoname_downlevel.obj
 0001:00012f78       __acrt_lowio_create_handle_array 0000000180013f78 f   libucrt:osfinfo.obj
 0001:00013020       __acrt_lowio_destroy_handle_array 0000000180014020 f   libucrt:osfinfo.obj
 0001:00013070       __acrt_lowio_ensure_fh_exists 0000000180014070 f   libucrt:osfinfo.obj
 0001:00013118       __acrt_lowio_lock_fh       0000000180014118 f   libucrt:osfinfo.obj
 0001:00013140       __acrt_lowio_unlock_fh     0000000180014140 f   libucrt:osfinfo.obj
 0001:00013168       _free_osfhnd               0000000180014168 f   libucrt:osfinfo.obj
 0001:00013224       _get_osfhandle             0000000180014224 f   libucrt:osfinfo.obj
 0001:0001329c       _isatty                    000000018001429c f   libucrt:isatty.obj
 0001:000132fc       ?__c32rtomb_utf8@__crt_mbstring@@YA_KPEAD_UPEAU_Mbstatet@@@Z 00000001800142fc f   libucrt:c32rtomb.obj
 0001:000133b4       __acrt_fp_strflt_to_string 00000001800143b4 f   libucrt:_fptostr.obj
 0001:000134a0       ?divide@__crt_strtox@@YA_KAEAUbig_integer@1@AEBU21@@Z 00000001800144a0 f i libucrt:cfout.obj
 0001:000138cc       __acrt_fltout              00000001800148cc f   libucrt:cfout.obj
 0001:00014dcc       __acrt_stdio_flush_and_write_narrow_nolock 0000000180015dcc f   libucrt:_flsbuf.obj
 0001:00014eb8       __acrt_stdio_flush_and_write_wide_nolock 0000000180015eb8 f   libucrt:_flsbuf.obj
 0001:00014fa4       __acrt_GetStringTypeW      0000000180015fa4 f   libucrt:getstringtypew.obj
 0001:00014fac       _fclose_nolock             0000000180015fac f   libucrt:fclose.obj
 0001:00015030       fclose                     0000000180016030 f   libucrt:fclose.obj
 0001:00015220       _lseeki64                  0000000180016220 f   libucrt:lseek.obj
 0001:00015228       _lseeki64_nolock           0000000180016228 f   libucrt:lseek.obj
 0001:00015230       _putwch_nolock             0000000180016230 f   libucrt:putwch.obj
 0001:0001526c       __strncnt                  000000018001626c f   libucrt:strncnt.obj
 0001:00015284       fegetenv                   0000000180016284 f   libucrt:fegetenv.obj
 0001:000152a4       fesetenv                   00000001800162a4 f   libucrt:fesetenv.obj
 0001:000152f4       feholdexcept               00000001800162f4 f   libucrt:feholdexcept.obj
 0001:00015344       ceil                       0000000180016344 f   libucrt:ceil.obj
 0001:00015410       log10                      0000000180016410 f   libucrt:log10.obj
 0001:000159bc       __acrt_stdio_allocate_buffer_nolock 00000001800169bc f   libucrt:_getbuf.obj
 0001:00015a98       _close                     0000000180016a98 f   libucrt:close.obj
 0001:00015b3c       _close_nolock              0000000180016b3c f   libucrt:close.obj
 0001:00015bfc       ?__acrt_stdio_free_stream@@YAXV__crt_stdio_stream@@@Z 0000000180016bfc f   libucrt:stream.obj
 0001:00015c18       __dcrt_lowio_ensure_console_output_initialized 0000000180016c18 f   libucrt:initcon.obj
 0001:00015c6c       __dcrt_terminate_console_output 0000000180016c6c f   libucrt:initcon.obj
 0001:00015c88       __dcrt_write_console       0000000180016c88 f   libucrt:initcon.obj
 0001:00015d48       __acrt_fenv_get_control    0000000180016d48 f   libucrt:_fenvutils.obj
 0001:00015e3c       __acrt_fenv_get_status     0000000180016e3c f   libucrt:_fenvutils.obj
 0001:00015e90       __acrt_fenv_set_control    0000000180016e90 f   libucrt:_fenvutils.obj
 0001:00015fd8       __acrt_fenv_set_status     0000000180016fd8 f   libucrt:_fenvutils.obj
 0001:0001605c       _clearfp                   000000018001705c f   libucrt:ieee.obj
 0001:000161f0       _handle_error              00000001800171f0 f   libucrt:libm_error.obj
 0001:00016318       _handle_nan                0000000180017318 f   libucrt:libm_error.obj
 0001:00016340       __acrt_initialize_fma3     0000000180017340 f   libucrt:fma3_available.obj
 0001:000163b0       _log10_special             00000001800173b0 f   libucrt:log_special.obj
 0001:00016480       _get_fpsr                  0000000180017480 f   libucrt:fpsr.obj
 0001:00016490       _set_fpsr                  0000000180017490 f   libucrt:fpsr.obj
 0001:0001649a       _fclrf                     000000018001749a f   libucrt:fpsr.obj
 0001:000164ae       _frnd                      00000001800174ae f   libucrt:fpsr.obj
 0001:000164d0       _raise_exc                 00000001800174d0 f   libucrt:fpexcept.obj
 0001:000164f8       _raise_exc_ex              00000001800174f8 f   libucrt:fpexcept.obj
 0001:00016808       _set_errno_from_matherr    0000000180017808 f   libucrt:fpexcept.obj
 0001:00016838       _clrfp                     0000000180017838 f   libucrt:fpctrl.obj
 0001:00016858       _ctrlfp                    0000000180017858 f   libucrt:fpctrl.obj
 0001:000168d4       _set_statfp                00000001800178d4 f   libucrt:fpctrl.obj
 0001:000168f4       _statfp                    00000001800178f4 f   libucrt:fpctrl.obj
 0001:00016905       IsProcessorFeaturePresent  0000000180017905 f   kernel32:KERNEL32.dll
 0001:0001690c       ?DloadAcquireSectionWriteAccess@@YAXXZ 000000018001790c f i DelayImp:delayhlp.obj
 0001:000169b8       ?DloadGetSRWLockFunctionPointers@@YAEXZ 00000001800179b8 f i DelayImp:delayhlp.obj
 0001:00016a54       ?DloadMakePermanentImageCommit@@YAXPEAX_K@Z 0000000180017a54 f i DelayImp:delayhlp.obj
 0001:00016aec       ?DloadObtainSection@@YAPEAXPEAK0@Z 0000000180017aec f i DelayImp:delayhlp.obj
 0001:00016b88       ?DloadProtectSection@@YAXKPEAK@Z 0000000180017b88 f i DelayImp:delayhlp.obj
 0001:00016c18       ?DloadReleaseSectionWriteAccess@@YAXXZ 0000000180017c18 f i DelayImp:delayhlp.obj
 0001:00016cac       __delayLoadHelper2         0000000180017cac f   DelayImp:delayhlp.obj
 0001:00016f70       _FindPESection             0000000180017f70 f   LIBCMT:pesect.obj
 0001:00016fc0       _IsNonwritableInCurrentImage 0000000180017fc0 f   LIBCMT:pesect.obj
 0001:00017010       _ValidateImageBase         0000000180018010 f   LIBCMT:pesect.obj
 0001:00017040       __GSHandlerCheck           0000000180018040 f   LIBCMT:gshandler.obj
 0001:00017060       __GSHandlerCheckCommon     0000000180018060 f   LIBCMT:gshandler.obj
 0001:000170d0       _alloca_probe              00000001800180d0 f   LIBCMT:chkstk.obj
 0001:000170d0       __chkstk                   00000001800180d0 f   LIBCMT:chkstk.obj
 0001:00017140       memcmp                     0000000180018140 f   libvcruntime:memcmp.obj
 0001:00017208       strrchr                    0000000180018208 f   libvcruntime:strrchr.obj
 0001:00017354       __GSHandlerCheck_EH        0000000180018354 f   LIBCMT:gshandlereh.obj
 0001:000173f0       _guard_dispatch_icall_nop  00000001800183f0 f   LIBCMT:guard_dispatch.obj
 0002:00000000       __imp_GetModuleHandleA     0000000180019000     kernel32:KERNEL32.dll
 0002:00000008       __imp_LoadLibraryExA       0000000180019008     kernel32:KERNEL32.dll
 0002:00000010       __imp_VirtualQuery         0000000180019010     kernel32:KERNEL32.dll
 0002:00000018       __imp_VirtualProtect       0000000180019018     kernel32:KERNEL32.dll
 0002:00000020       __imp_GetSystemInfo        0000000180019020     kernel32:KERNEL32.dll
 0002:00000028       __imp_CreateFileW          0000000180019028     kernel32:KERNEL32.dll
 0002:00000030       __imp_CloseHandle          0000000180019030     kernel32:KERNEL32.dll
 0002:00000038       __imp_SetFilePointerEx     0000000180019038     kernel32:KERNEL32.dll
 0002:00000040       __imp_GetFileSizeEx        0000000180019040     kernel32:KERNEL32.dll
 0002:00000048       __imp_SetStdHandle         0000000180019048     kernel32:KERNEL32.dll
 0002:00000050       __imp_HeapReAlloc          0000000180019050     kernel32:KERNEL32.dll
 0002:00000058       __imp_RtlCaptureContext    0000000180019058     kernel32:KERNEL32.dll
 0002:00000060       __imp_RtlLookupFunctionEntry 0000000180019060     kernel32:KERNEL32.dll
 0002:00000068       __imp_RtlVirtualUnwind     0000000180019068     kernel32:KERNEL32.dll
 0002:00000070       __imp_UnhandledExceptionFilter 0000000180019070     kernel32:KERNEL32.dll
 0002:00000078       __imp_SetUnhandledExceptionFilter 0000000180019078     kernel32:KERNEL32.dll
 0002:00000080       __imp_GetCurrentProcess    0000000180019080     kernel32:KERNEL32.dll
 0002:00000088       __imp_TerminateProcess     0000000180019088     kernel32:KERNEL32.dll
 0002:00000090       __imp_IsProcessorFeaturePresent 0000000180019090     kernel32:KERNEL32.dll
 0002:00000098       __imp_QueryPerformanceCounter 0000000180019098     kernel32:KERNEL32.dll
 0002:000000a0       __imp_GetCurrentProcessId  00000001800190a0     kernel32:KERNEL32.dll
 0002:000000a8       __imp_GetCurrentThreadId   00000001800190a8     kernel32:KERNEL32.dll
 0002:000000b0       __imp_GetSystemTimeAsFileTime 00000001800190b0     kernel32:KERNEL32.dll
 0002:000000b8       __imp_InitializeSListHead  00000001800190b8     kernel32:KERNEL32.dll
 0002:000000c0       __imp_IsDebuggerPresent    00000001800190c0     kernel32:KERNEL32.dll
 0002:000000c8       __imp_GetStartupInfoW      00000001800190c8     kernel32:KERNEL32.dll
 0002:000000d0       __imp_GetModuleHandleW     00000001800190d0     kernel32:KERNEL32.dll
 0002:000000d8       __imp_RtlPcToFileHeader    00000001800190d8     kernel32:KERNEL32.dll
 0002:000000e0       __imp_RaiseException       00000001800190e0     kernel32:KERNEL32.dll
 0002:000000e8       __imp_RtlUnwindEx          00000001800190e8     kernel32:KERNEL32.dll
 0002:000000f0       __imp_InterlockedFlushSList 00000001800190f0     kernel32:KERNEL32.dll
 0002:000000f8       __imp_GetLastError         00000001800190f8     kernel32:KERNEL32.dll
 0002:00000100       __imp_SetLastError         0000000180019100     kernel32:KERNEL32.dll
 0002:00000108       __imp_EnterCriticalSection 0000000180019108     kernel32:KERNEL32.dll
 0002:00000110       __imp_LeaveCriticalSection 0000000180019110     kernel32:KERNEL32.dll
 0002:00000118       __imp_DeleteCriticalSection 0000000180019118     kernel32:KERNEL32.dll
 0002:00000120       __imp_InitializeCriticalSectionAndSpinCount 0000000180019120     kernel32:KERNEL32.dll
 0002:00000128       __imp_TlsAlloc             0000000180019128     kernel32:KERNEL32.dll
 0002:00000130       __imp_TlsGetValue          0000000180019130     kernel32:KERNEL32.dll
 0002:00000138       __imp_TlsSetValue          0000000180019138     kernel32:KERNEL32.dll
 0002:00000140       __imp_TlsFree              0000000180019140     kernel32:KERNEL32.dll
 0002:00000148       __imp_FreeLibrary          0000000180019148     kernel32:KERNEL32.dll
 0002:00000150       __imp_GetProcAddress       0000000180019150     kernel32:KERNEL32.dll
 0002:00000158       __imp_LoadLibraryExW       0000000180019158     kernel32:KERNEL32.dll
 0002:00000160       __imp_EncodePointer        0000000180019160     kernel32:KERNEL32.dll
 0002:00000168       __imp_GetStdHandle         0000000180019168     kernel32:KERNEL32.dll
 0002:00000170       __imp_GetFileType          0000000180019170     kernel32:KERNEL32.dll
 0002:00000178       __imp_GetModuleFileNameW   0000000180019178     kernel32:KERNEL32.dll
 0002:00000180       __imp_GetModuleHandleExW   0000000180019180     kernel32:KERNEL32.dll
 0002:00000188       __imp_WriteConsoleW        0000000180019188     kernel32:KERNEL32.dll
 0002:00000190       __imp_ExitProcess          0000000180019190     kernel32:KERNEL32.dll
 0002:00000198       __imp_MultiByteToWideChar  0000000180019198     kernel32:KERNEL32.dll
 0002:000001a0       __imp_HeapFree             00000001800191a0     kernel32:KERNEL32.dll
 0002:000001a8       __imp_WriteFile            00000001800191a8     kernel32:KERNEL32.dll
 0002:000001b0       __imp_OutputDebugStringW   00000001800191b0     kernel32:KERNEL32.dll
 0002:000001b8       __imp_HeapAlloc            00000001800191b8     kernel32:KERNEL32.dll
 0002:000001c0       __imp_FindClose            00000001800191c0     kernel32:KERNEL32.dll
 0002:000001c8       __imp_FindFirstFileExW     00000001800191c8     kernel32:KERNEL32.dll
 0002:000001d0       __imp_FindNextFileW        00000001800191d0     kernel32:KERNEL32.dll
 0002:000001d8       __imp_IsValidCodePage      00000001800191d8     kernel32:KERNEL32.dll
 0002:000001e0       __imp_GetACP               00000001800191e0     kernel32:KERNEL32.dll
 0002:000001e8       __imp_GetOEMCP             00000001800191e8     kernel32:KERNEL32.dll
 0002:000001f0       __imp_GetCPInfo            00000001800191f0     kernel32:KERNEL32.dll
 0002:000001f8       __imp_GetCommandLineA      00000001800191f8     kernel32:KERNEL32.dll
 0002:00000200       __imp_GetCommandLineW      0000000180019200     kernel32:KERNEL32.dll
 0002:00000208       __imp_WideCharToMultiByte  0000000180019208     kernel32:KERNEL32.dll
 0002:00000210       __imp_GetEnvironmentStringsW 0000000180019210     kernel32:KERNEL32.dll
 0002:00000218       __imp_FreeEnvironmentStringsW 0000000180019218     kernel32:KERNEL32.dll
 0002:00000220       __imp_LCMapStringW         0000000180019220     kernel32:KERNEL32.dll
 0002:00000228       __imp_GetProcessHeap       0000000180019228     kernel32:KERNEL32.dll
 0002:00000230       __imp_GetStringTypeW       0000000180019230     kernel32:KERNEL32.dll
 0002:00000238       __imp_FlushFileBuffers     0000000180019238     kernel32:KERNEL32.dll
 0002:00000240       __imp_GetConsoleCP         0000000180019240     kernel32:KERNEL32.dll
 0002:00000248       __imp_GetConsoleMode       0000000180019248     kernel32:KERNEL32.dll
 0002:00000250       __imp_HeapSize             0000000180019250     kernel32:KERNEL32.dll
 0002:00000258       \177KERNEL32_NULL_THUNK_DATA 0000000180019258     kernel32:KERNEL32.dll
 0002:00000260       __imp_yubikey_hex_encode   0000000180019260     libyubikey.dll:d000006.o
 0002:00000268       __imp_yk_close_key         0000000180019268     libykpers-1.dll:d000006.o
 0002:00000278       __imp_yk_init              0000000180019278     libykpers-1.dll:d000014.o
 0002:00000280       __imp_yk_open_key_vid_pid  0000000180019280     libykpers-1.dll:d000017.o
 0002:00000288       __imp_yk_read_response_from_key 0000000180019288     libykpers-1.dll:d000020.o
 0002:00000290       __imp_yk_release           0000000180019290     libykpers-1.dll:d000021.o
 0002:00000298       __imp_yk_write_to_key      0000000180019298     libykpers-1.dll:d000032.o
 0002:000002a8       __guard_check_icall_fptr   00000001800192a8     LIBCMT:guard_support.obj
 0002:000002b0       __guard_dispatch_icall_fptr 00000001800192b0     LIBCMT:guard_support.obj
 0002:000002b8       __xc_a                     00000001800192b8     LIBCMT:initializers.obj
 0002:000002c0       _register_HID_             00000001800192c0     onlykey_usb.obj
 0002:000002c8       __xc_z                     00000001800192c8     LIBCMT:initializers.obj
 0002:000002d0       __xi_a                     00000001800192d0     LIBCMT:initializers.obj
 0002:000002d8       __acrt_stdio_initializer   00000001800192d8     libucrt:stdio_initializer.obj
 0002:000002e0       __acrt_multibyte_initializer 00000001800192e0     libucrt:multibyte_initializer.obj
 0002:000002e8       __acrt_tran_fma3_initializer 00000001800192e8     libucrt:fma3_initializer.obj
 0002:000002f0       __xi_z                     00000001800192f0     LIBCMT:initializers.obj
 0002:000002f8       __xp_a                     00000001800192f8     LIBCMT:initializers.obj
 0002:00000300       __acrt_locale_terminator   0000000180019300     libucrt:locale_initializer.obj
 0002:00000308       __dcrt_console_output_terminator 0000000180019308     libucrt:console_output_initializer.obj
 0002:00000310       __acrt_stdio_terminator    0000000180019310     libucrt:stdio_initializer.obj
 0002:00000318       __xp_z                     0000000180019318     LIBCMT:initializers.obj
 0002:00000320       __xt_a                     0000000180019320     LIBCMT:initializers.obj
 0002:00000328       __xt_z                     0000000180019328     LIBCMT:initializers.obj
 0002:00000330       __sz_node_exe              0000000180019330     node:node.exe
 0002:00000348       ??_7exception@std@@6B@     0000000180019348     libcpmt:xthrow.obj
 0002:00000358       ??_C@_0BC@EOODALEL@Unknown?5exception@ 0000000180019358     libcpmt:xthrow.obj
 0002:00000378       ??_7bad_alloc@std@@6B@     0000000180019378     libcpmt:xthrow.obj
 0002:00000388       ??_C@_0P@GHFPNOJB@bad?5allocation@ 0000000180019388     libcpmt:xthrow.obj
 0002:000003a0       ??_7logic_error@std@@6B@   00000001800193a0     libcpmt:xthrow.obj
 0002:000003b8       ??_7length_error@std@@6B@  00000001800193b8     libcpmt:xthrow.obj
 0002:000003d0       ??_7type_info@@6B@         00000001800193d0     LIBCMT:std_type_info_static.obj
 0002:000003d8       _pDefaultRawDllMain        00000001800193d8     LIBCMT:dll_dllmain.obj
 0002:000003d8       _pRawDllMain               00000001800193d8     LIBCMT:dll_dllmain.obj
 0002:000003f8       ??_7bad_array_new_length@std@@6B@ 00000001800193f8     LIBCMT:throw_bad_alloc.obj
 0002:00000408       ??_C@_0BF@KINCDENJ@bad?5array?5new?5length@ 0000000180019408     LIBCMT:throw_bad_alloc.obj
 0002:00000460       _pDestructExceptionObject  0000000180019460     libvcruntime:ehhelpers.obj
 0002:000007a8       ??_C@_08EHJDFFNH@__based?$CI@ 00000001800197a8     libvcruntime:undname.obj
 0002:000007b8       ??_C@_07KOLFKCDI@__cdecl@  00000001800197b8     libvcruntime:undname.obj
 0002:000007c0       ??_C@_08GHMPAG@__pascal@   00000001800197c0     libvcruntime:undname.obj
 0002:000007d0       ??_C@_09IFJBGAPI@__stdcall@ 00000001800197d0     libvcruntime:undname.obj
 0002:000007e0       ??_C@_0L@NPHFGOKO@__thiscall@ 00000001800197e0     libvcruntime:undname.obj
 0002:000007f0       ??_C@_0L@JMKHOMEK@__fastcall@ 00000001800197f0     libvcruntime:undname.obj
 0002:00000800       ??_C@_0N@BCKKPABJ@__vectorcall@ 0000000180019800     libvcruntime:undname.obj
 0002:00000810       ??_C@_09HIJEGCPM@__clrcall@ 0000000180019810     libvcruntime:undname.obj
 0002:0000081c       ??_C@_06GHPCKEAG@__eabi@   000000018001981c     libvcruntime:undname.obj
 0002:00000828       ??_C@_09IOPIDJLG@__swift_1@ 0000000180019828     libvcruntime:undname.obj
 0002:00000838       ??_C@_09KFNFGKHF@__swift_2@ 0000000180019838     libvcruntime:undname.obj
 0002:00000848       ??_C@_07JOMMBBKO@__ptr64@  0000000180019848     libvcruntime:undname.obj
 0002:00000850       ??_C@_0L@PILCLIHE@__restrict@ 0000000180019850     libvcruntime:undname.obj
 0002:00000860       ??_C@_0M@GFIIJFMG@__unaligned@ 0000000180019860     libvcruntime:undname.obj
 0002:00000870       ??_C@_09DHDLOLLB@restrict?$CI@ 0000000180019870     libvcruntime:undname.obj
 0002:0000087a       ??_C@_00CNPNBAHC@@         000000018001987a     libvcruntime:undname.obj
 0002:0000087c       ??_C@_04NIHEBCM@?5new@     000000018001987c     libvcruntime:undname.obj
 0002:00000888       ??_C@_07FPCDHGMM@?5delete@ 0000000180019888     libvcruntime:undname.obj
 0002:00000890       ??_C@_01NEMOKFLO@?$DN@     0000000180019890     libvcruntime:undname.obj
 0002:00000894       ??_C@_02GPIOPFAK@?$DO?$DO@ 0000000180019894     libvcruntime:undname.obj
 0002:00000898       ??_C@_02FODMEDOG@?$DM?$DM@ 0000000180019898     libvcruntime:undname.obj
 0002:0000089c       ??_C@_01DCLJPIOD@?$CB@     000000018001989c     libvcruntime:undname.obj
 0002:000008a0       ??_C@_02EGOFBIJA@?$DN?$DN@ 00000001800198a0     libvcruntime:undname.obj
 0002:000008a4       ??_C@_02FDNJECIE@?$CB?$DN@ 00000001800198a4     libvcruntime:undname.obj
 0002:000008a8       ??_C@_02GPECMEKF@?$FL?$FN@ 00000001800198a8     libvcruntime:undname.obj
 0002:000008b0       ??_C@_08LHJFAFGD@operator@ 00000001800198b0     libvcruntime:undname.obj
 0002:000008bc       ??_C@_02HBOOOICD@?9?$DO@   00000001800198bc     libvcruntime:undname.obj
 0002:000008c0       ??_C@_01NBENCBCI@?$CK@     00000001800198c0     libvcruntime:undname.obj
 0002:000008c4       ??_C@_02ECNGHCIF@?$CL?$CL@ 00000001800198c4     libvcruntime:undname.obj
 0002:000008c8       ??_C@_02BAABKJLB@?9?9@     00000001800198c8     libvcruntime:undname.obj
 0002:000008cc       ??_C@_01JOAMLHOP@?9@       00000001800198cc     libvcruntime:undname.obj
 0002:000008d0       ??_C@_01MIFGBAGJ@?$CL@     00000001800198d0     libvcruntime:undname.obj
 0002:000008d4       ??_C@_01HNPIGOCE@?$CG@     00000001800198d4     libvcruntime:undname.obj
 0002:000008d8       ??_C@_03MNHNFDLC@?9?$DO?$CK@ 00000001800198d8     libvcruntime:undname.obj
 0002:000008dc       ??_C@_01KMDKNFGN@?1@       00000001800198dc     libvcruntime:undname.obj
 0002:000008e0       ??_C@_01FGNFDNOH@?$CF@     00000001800198e0     libvcruntime:undname.obj
 0002:000008e4       ??_C@_01MNNFJEPP@?$DM@     00000001800198e4     libvcruntime:undname.obj
 0002:000008e8       ??_C@_02EHCHHCKH@?$DM?$DN@ 00000001800198e8     libvcruntime:undname.obj
 0002:000008ec       ??_C@_01PPODPGHN@?$DO@     00000001800198ec     libvcruntime:undname.obj
 0002:000008f0       ??_C@_02EEKDKGMJ@?$DO?$DN@ 00000001800198f0     libvcruntime:undname.obj
 0002:000008f4       ??_C@_01IHBHIGKO@?0@       00000001800198f4     libvcruntime:undname.obj
 0002:000008f8       ??_C@_02HCKGKOFO@?$CI?$CJ@ 00000001800198f8     libvcruntime:undname.obj
 0002:000008fc       ??_C@_01PJKLJHI@?$HO@      00000001800198fc     libvcruntime:undname.obj
 0002:00000900       ??_C@_01JKBOJNNK@?$FO@     0000000180019900     libvcruntime:undname.obj
 0002:00000904       ??_C@_01DNKMNLPK@?$HM@     0000000180019904     libvcruntime:undname.obj
 0002:00000908       ??_C@_02PPKAJPJL@?$CG?$CG@ 0000000180019908     libvcruntime:undname.obj
 0002:0000090c       ??_C@_02NONPIBCD@?$HM?$HM@ 000000018001990c     libvcruntime:undname.obj
 0002:00000910       ??_C@_02FPIMKNGF@?$CK?$DN@ 0000000180019910     libvcruntime:undname.obj
 0002:00000914       ??_C@_02FOEOMHFC@?$CL?$DN@ 0000000180019914     libvcruntime:undname.obj
 0002:00000918       ??_C@_02FKMDLLOA@?9?$DN@   0000000180019918     libvcruntime:undname.obj
 0002:0000091c       ??_C@_02FJEHGPIO@?1?$DN@   000000018001991c     libvcruntime:undname.obj
 0002:00000920       ??_C@_02FENAOKFI@?$CF?$DN@ 0000000180019920     libvcruntime:undname.obj
 0002:00000924       ??_C@_03IKFCCPFF@?$DO?$DO?$DN@ 0000000180019924     libvcruntime:undname.obj
 0002:00000928       ??_C@_03CDNPDDLA@?$DM?$DM?$DN@ 0000000180019928     libvcruntime:undname.obj
[...]
 0004:0000114c       $pdata$__acrt_release_locale_ref 000000018002914c     libucrt:locale_refcounting.obj
 0004:00001158       $pdata$__acrt_update_thread_locale_data 0000000180029158     libucrt:locale_refcounting.obj
 0004:00001164       $pdata$_updatetlocinfoEx_nolock 0000000180029164     libucrt:locale_refcounting.obj
 0004:00001170       $pdata$?__mbrtoc32_utf8@__crt_mbstring@@YA_KPEA_UPEBD_KPEAU_Mbstatet@@@Z 0000000180029170     libucrt:mbrtoc32.obj
 0004:0000117c       $pdata$__acrt_locale_free_monetary 000000018002917c     libucrt:initmon.obj
 0004:00001188       $pdata$__acrt_locale_free_numeric 0000000180029188     libucrt:initnum.obj
 0004:00001194       $pdata$?free_crt_array_internal@@YAXQEAPEBX_K@Z 0000000180029194     libucrt:inittime.obj
 0004:000011a0       $pdata$__acrt_locale_free_time 00000001800291a0     libucrt:inittime.obj
 0004:000011ac       $pdata$__acrt_GetStringTypeA 00000001800291ac     libucrt:getstringtypea.obj
 0004:000011b8       $pdata$_fcloseall          00000001800291b8     libucrt:closeall.obj
 0004:000011c4       $pdata$__acrt_stdio_free_buffer_nolock 00000001800291c4     libucrt:_freebuf.obj
 0004:000011d0       $pdata$??$?RV<lambda_a37b2b86f63e897a80ea819b0eb08c01>@@AEAV<lambda_38ce7e780aa69e748d6df282ebc68efe>@@V<lambda_99fb1378e971ab6e7edea83e3a7a83a2>@@@?$__crt_seh_guarded_call@H@@QEAAH$$QEAV<lambda_a37b2b86f63e897a80ea819b0eb08c01>@@AEAV<lambda_38ce7e780aa69e748d6df282ebc68efe>@@$$QEAV<lambda_99fb1378e971ab6e7edea83e3a7a83a2>@@@Z 00000001800291d0     libucrt:commit.obj
 0004:000011dc       $pdata$_commit             00000001800291dc     libucrt:commit.obj
 0004:000011e8       $pdata$?write_double_translated_ansi_nolock@@YA?AUwrite_result@?A0x17268360@@HQEBDI@Z 00000001800291e8     libucrt:write.obj
 0004:000011f4       $pdata$?write_text_ansi_nolock@@YA?AUwrite_result@?A0x17268360@@HQEBDI@Z 00000001800291f4     libucrt:write.obj
 0004:00001200       $pdata$?write_text_utf16le_nolock@@YA?AUwrite_result@?A0x17268360@@HQEBDI@Z 0000000180029200     libucrt:write.obj
 0004:0000120c       $pdata$?write_text_utf8_nolock@@YA?AUwrite_result@?A0x17268360@@HQEBDI@Z 000000018002920c     libucrt:write.obj
 0004:00001218       $pdata$_write              0000000180029218     libucrt:write.obj
 0004:00001224       $pdata$_write_nolock       0000000180029224     libucrt:write.obj
 0004:00001230       $pdata$?__acrt_LCMapStringA_stat@@YAHPEAU__crt_locale_pointers@@PEB_WKPEBDHPEADHHH@Z 0000000180029230     libucrt:lcmapstringa.obj
 0004:0000123c       $pdata$__acrt_LCMapStringA 000000018002923c     libucrt:lcmapstringa.obj
 0004:00001248       $pdata$qsort               0000000180029248     libucrt:qsort.obj
 0004:00001254       $pdata$4$qsort             0000000180029254     libucrt:qsort.obj
 0004:00001260       $pdata$5$qsort             0000000180029260     libucrt:qsort.obj
 0004:0000126c       $pdata$strncpy_s           000000018002926c     libucrt:strncpy_s.obj
 0004:00001278       $pdata$fallbackMethod      0000000180029278     libucrt:strpbrk.obj
 0004:00001284       $pdata$strpbrk             0000000180029284     libucrt:strpbrk.obj
 0004:00001290       $pdata$_mbsdec_l           0000000180029290     libucrt:mbsdec.obj
 0004:0000129c       $pdata$?initialize_multibyte@@YAHXZ 000000018002929c     libucrt:multibyte_initializer.obj
 0004:000012a8       $pdata$_msize_base         00000001800292a8     libucrt:msize.obj
 0004:000012b4       $pdata$_realloc_base       00000001800292b4     libucrt:realloc_base.obj
 0004:000012c0       $pdata$?GetTableIndexFromLocaleName@@YAHPEB_W@Z 00000001800292c0     libucrt:lcidtoname_downlevel.obj
 0004:000012cc       $pdata$__acrt_DownlevelLocaleNameToLCID 00000001800292cc     libucrt:lcidtoname_downlevel.obj
 0004:000012d8       $pdata$__acrt_lowio_create_handle_array 00000001800292d8     libucrt:osfinfo.obj
 0004:000012e4       $pdata$__acrt_lowio_destroy_handle_array 00000001800292e4     libucrt:osfinfo.obj
 0004:000012f0       $pdata$__acrt_lowio_ensure_fh_exists 00000001800292f0     libucrt:osfinfo.obj
 0004:000012fc       $pdata$_free_osfhnd        00000001800292fc     libucrt:osfinfo.obj
 0004:00001308       $pdata$_get_osfhandle      0000000180029308     libucrt:osfinfo.obj
 0004:00001314       $pdata$_isatty             0000000180029314     libucrt:isatty.obj
 0004:00001320       $pdata$?__c32rtomb_utf8@__crt_mbstring@@YA_KPEAD_UPEAU_Mbstatet@@@Z 0000000180029320     libucrt:c32rtomb.obj
 0004:0000132c       $pdata$__acrt_fp_strflt_to_string 000000018002932c     libucrt:_fptostr.obj
 0004:00001338       $pdata$?divide@__crt_strtox@@YA_KAEAUbig_integer@1@AEBU21@@Z 0000000180029338     libucrt:cfout.obj
 0004:00001344       $pdata$0$?divide@__crt_strtox@@YA_KAEAUbig_integer@1@AEBU21@@Z 0000000180029344     libucrt:cfout.obj
 0004:00001350       $pdata$1$?divide@__crt_strtox@@YA_KAEAUbig_integer@1@AEBU21@@Z 0000000180029350     libucrt:cfout.obj
 0004:0000135c       $pdata$__acrt_fltout       000000018002935c     libucrt:cfout.obj
 0004:00001368       $pdata$memcpy_s            0000000180029368     libucrt:cfout.obj
 0004:00001374       $pdata$??$write_buffer_nolock@D@@YA_NDV__crt_stdio_stream@@@Z 0000000180029374     libucrt:_flsbuf.obj
 0004:00001380       $pdata$??$write_buffer_nolock@_W@@YA_N_WV__crt_stdio_stream@@@Z 0000000180029380     libucrt:_flsbuf.obj
 0004:0000138c       $pdata$?stream_is_at_end_of_file_nolock@@YA_NV__crt_stdio_stream@@@Z 000000018002938c     libucrt:_flsbuf.obj
 0004:00001398       $pdata$__acrt_stdio_flush_and_write_narrow_nolock 0000000180029398     libucrt:_flsbuf.obj
 0004:000013a4       $pdata$__acrt_stdio_flush_and_write_wide_nolock 00000001800293a4     libucrt:_flsbuf.obj
 0004:000013b0       $pdata$_fclose_nolock      00000001800293b0     libucrt:fclose.obj
 0004:000013bc       $pdata$fclose              00000001800293bc     libucrt:fclose.obj
 0004:000013c8       $pdata$??$common_lseek@_J@@YA_JH_JH@Z 00000001800293c8     libucrt:lseek.obj
 0004:000013d4       $pdata$??$common_lseek_nolock@_J@@YA_JH_JH@Z 00000001800293d4     libucrt:lseek.obj
 0004:000013e0       $pdata$_putwch_nolock      00000001800293e0     libucrt:putwch.obj
 0004:000013ec       $pdata$fegetenv            00000001800293ec     libucrt:fegetenv.obj
 0004:000013f8       $pdata$fesetenv            00000001800293f8     libucrt:fesetenv.obj
 0004:00001404       $pdata$feholdexcept        0000000180029404     libucrt:feholdexcept.obj
 0004:0000141c       $pdata$__acrt_stdio_allocate_buffer_nolock 000000018002941c     libucrt:_getbuf.obj
 0004:00001428       $pdata$??$?RV<lambda_751a882b2c74d4b022dec766aa51a29a>@@AEAV<lambda_628dfdc04ba53c8bfc02c9951375f3f5>@@V<lambda_f6c7be5f7998530c34de24c7437d6b54>@@@?$__crt_seh_guarded_call@H@@QEAAH$$QEAV<lambda_751a882b2c74d4b022dec766aa51a29a>@@AEAV<lambda_628dfdc04ba53c8bfc02c9951375f3f5>@@$$QEAV<lambda_f6c7be5f7998530c34de24c7437d6b54>@@@Z 0000000180029428     libucrt:close.obj
 0004:00001434       $pdata$_close              0000000180029434     libucrt:close.obj
 0004:00001440       $pdata$_close_nolock       0000000180029440     libucrt:close.obj
 0004:0000144c       $pdata$__dcrt_lowio_ensure_console_output_initialized 000000018002944c     libucrt:initcon.obj
 0004:00001458       $pdata$__dcrt_terminate_console_output 0000000180029458     libucrt:initcon.obj
 0004:00001464       $pdata$__dcrt_write_console 0000000180029464     libucrt:initcon.obj
 0004:00001470       $pdata$__acrt_fenv_set_control 0000000180029470     libucrt:_fenvutils.obj
 0004:0000147c       $pdata$_clearfp            000000018002947c     libucrt:ieee.obj
 0004:00001488       $pdata$_call_matherr       0000000180029488     libucrt:libm_error.obj
 0004:00001494       $pdata$_exception_enabled  0000000180029494     libucrt:libm_error.obj
 0004:000014a0       $pdata$_handle_error       00000001800294a0     libucrt:libm_error.obj
 0004:000014ac       $pdata$__acrt_initialize_fma3 00000001800294ac     libucrt:fma3_available.obj
 0004:000014b8       $pdata$_log10_special      00000001800294b8     libucrt:log_special.obj
 0004:000014c4       $pdata$_log_special_common 00000001800294c4     libucrt:log_special.obj
 0004:000014dc       $pdata$_raise_exc          00000001800294dc     libucrt:fpexcept.obj
 0004:000014e8       $pdata$_raise_exc_ex       00000001800294e8     libucrt:fpexcept.obj
 0004:000014f4       $pdata$_set_errno_from_matherr 00000001800294f4     libucrt:fpexcept.obj
 0004:00001500       $pdata$_clrfp              0000000180029500     libucrt:fpctrl.obj
 0004:0000150c       $pdata$_ctrlfp             000000018002950c     libucrt:fpctrl.obj
 0004:00001518       $pdata$_set_statfp         0000000180029518     libucrt:fpctrl.obj
 0004:00001524       $pdata$_statfp             0000000180029524     libucrt:fpctrl.obj
 0004:00001530       $pdata$?DloadAcquireSectionWriteAccess@@YAXXZ 0000000180029530     DelayImp:delayhlp.obj
 0004:0000153c       $pdata$?DloadGetSRWLockFunctionPointers@@YAEXZ 000000018002953c     DelayImp:delayhlp.obj
 0004:00001548       $pdata$?DloadMakePermanentImageCommit@@YAXPEAX_K@Z 0000000180029548     DelayImp:delayhlp.obj
 0004:00001554       $pdata$?DloadObtainSection@@YAPEAXPEAK0@Z 0000000180029554     DelayImp:delayhlp.obj
 0004:00001560       $pdata$?DloadProtectSection@@YAXKPEAK@Z 0000000180029560     DelayImp:delayhlp.obj
 0004:0000156c       $pdata$?DloadReleaseSectionWriteAccess@@YAXXZ 000000018002956c     DelayImp:delayhlp.obj
 0004:00001578       $pdata$__delayLoadHelper2  0000000180029578     DelayImp:delayhlp.obj
 0004:00001584       $pdata$_IsNonwritableInCurrentImage 0000000180029584     LIBCMT:pesect.obj
 0004:00001590       $pdata$__GSHandlerCheck    0000000180029590     LIBCMT:gshandler.obj
 0004:0000159c       $pdata$__GSHandlerCheckCommon 000000018002959c     LIBCMT:gshandler.obj
 0004:000015c0       $pdata$strrchr             00000001800295c0     libvcruntime:strrchr.obj
 0004:000015cc       $pdata$__GSHandlerCheck_EH 00000001800295cc     LIBCMT:gshandlereh.obj
 0004:000015e4       $pdata$?catch$0@?0??New@HID@@CAXAEBV?$FunctionCallbackInfo@VValue@v8@@@Nan@@@Z@4HA 00000001800295e4     onlykey_usb.obj
 0004:000015f0       $pdata$?catch$0@?0??close@HID@@CAXAEBV?$FunctionCallbackInfo@VValue@v8@@@Nan@@@Z@4HA 00000001800295f0     onlykey_usb.obj
 0004:000015fc       $pdata$?catch$0@?0??write@HID@@CAXAEBV?$FunctionCallbackInfo@VValue@v8@@@Nan@@@Z@4HA 00000001800295fc     onlykey_usb.obj
 0004:00001608       $pdata$?fin$0@?0??dllmain_crt_process_attach@@YAHQEAUHINSTANCE__@@QEAX@Z@4HA 0000000180029608     LIBCMT:dll_dllmain.obj
 0004:00001614       $pdata$?fin$0@?0??dllmain_crt_process_detach@@YAH_N@Z@4HA 0000000180029614     LIBCMT:dll_dllmain.obj
 0004:00001620       $pdata$?filt$0@?0??dllmain_dispatch@@YAHQEAUHINSTANCE__@@KQEAX@Z@4HA 0000000180029620     LIBCMT:dll_dllmain.obj
 0004:0000162c       $pdata$__scrt_is_nonwritable_in_current_image$filt$0 000000018002962c     LIBCMT:utility.obj
 0004:00001638       $pdata$__DestructExceptionObject$filt$0 0000000180029638     libvcruntime:ehhelpers.obj
 0004:00001644       $pdata$?filt$0@?0???$_CallSETranslator@V__FrameHandler3@@@@YAHPEAUEHExceptionRecord@@PEA_KPEAU_CONTEXT@@PEAU_xDISPATCHER_CONTEXT@@PEBU_s_FuncInfo@@K1@Z@4HA 0000000180029644     libvcruntime:risctrnsctrl.obj
 0004:00001650       $pdata$?filt$0@?0??CxxCallCatchBlock@__FrameHandler3@@SAPEAXPEAU_EXCEPTION_RECORD@@@Z@4HA 0000000180029650     libvcruntime:frame.obj
 0004:0000165c       $pdata$?fin$1@?0??CxxCallCatchBlock@__FrameHandler3@@SAPEAXPEAU_EXCEPTION_RECORD@@@Z@4HA 000000018002965c     libvcruntime:frame.obj
 0004:00001668       $pdata$?filt$0@?0??FrameUnwindToState@__FrameHandler3@@SAXPEA_KPEAU_xDISPATCHER_CONTEXT@@PEBU_s_FuncInfo@@H@Z@4HA 0000000180029668     libvcruntime:frame.obj
 0004:00001674       $pdata$?fin$1@?0??FrameUnwindToState@__FrameHandler3@@SAXPEA_KPEAU_xDISPATCHER_CONTEXT@@PEBU_s_FuncInfo@@H@Z@4HA 0000000180029674     libvcruntime:frame.obj
 0004:00001680       $pdata$_query_new_handler$fin$0 0000000180029680     libucrt:new_handler.obj
 0004:0000168c       $pdata$?fin$0@?0???$?RV<lambda_d80eeec6fff315bfe5c115232f3240e3>@@AEAV<lambda_6e4b09c48022b2350581041d5f6b0c4c>@@V<lambda_2358e3775559c9db80273638284d5e45>@@@?$__crt_seh_guarded_call@X@@QEAAX$$QEAV<lambda_d80eeec6fff315bfe5c115232f3240e3>@@AEAV<lambda_6e4b09c48022b2350581041d5f6b0c4c>@@$$QEAV<lambda_2358e3775559c9db80273638284d5e45>@@@Z@4HA 000000018002968c     libucrt:exit.obj
 0004:0000168c       $pdata$?fin$0@?0???$?RV<lambda_aa87e3671a710a21b5dc78c0bdf72e11>@@AEAV<lambda_92619d2358a28f41a33ba319515a20b9>@@V<lambda_6992ecaafeb10aed2b74cb1fae11a551>@@@?$__crt_seh_guarded_call@X@@QEAAX$$QEAV<lambda_aa87e3671a710a21b5dc78c0bdf72e11>@@AEAV<lambda_92619d2358a28f41a33ba319515a20b9>@@$$QEAV<lambda_6992ecaafeb10aed2b74cb1fae11a551>@@@Z@4HA 000000018002968c     libucrt:per_thread_data.obj
 0004:0000168c       $pdata$?fin$0@?0???$?RV<lambda_450d765d439847d4c735a33c368b5fc0>@@AEAV<lambda_44731a7d0e6d81c3e6aa82d741081786>@@V<lambda_601a2a7da3b7a96e9554ac7215c4b07c>@@@?$__crt_seh_guarded_call@P6AXH@Z@@QEAAP6AXH@Z$$QEAV<lambda_450d765d439847d4c735a33c368b5fc0>@@AEAV<lambda_44731a7d0e6d81c3e6aa82d741081786>@@$$QEAV<lambda_601a2a7da3b7a96e9554ac7215c4b07c>@@@Z@4HA 000000018002968c     libucrt:signal.obj
 0004:0000168c       $pdata$?fin$0@?0???$?RV<lambda_0ae27a3a962d80f24befdcbee591983d>@@AEAV<lambda_8d0ee55de4b1038c4002e0adecdf1839>@@V<lambda_dc504788e8f1664fe9b84e20bfb512f2>@@@?$__crt_seh_guarded_call@X@@QEAAX$$QEAV<lambda_0ae27a3a962d80f24befdcbee591983d>@@AEAV<lambda_8d0ee55de4b1038c4002e0adecdf1839>@@$$QEAV<lambda_dc504788e8f1664fe9b84e20bfb512f2>@@@Z@4HA 000000018002968c     libucrt:per_thread_data.obj
 0004:0000168c       $pdata$?fin$0@?0???$?RV<lambda_efdfa57d1f175319df784efa44bb7b81>@@AEAV<lambda_5f0a4c1567f8adc6734073e5d1e1b35c>@@V<lambda_2e8a7d3640ea6ccb4c2413664c2db6fd>@@@?$__crt_seh_guarded_call@X@@QEAAX$$QEAV<lambda_efdfa57d1f175319df784efa44bb7b81>@@AEAV<lambda_5f0a4c1567f8adc6734073e5d1e1b35c>@@$$QEAV<lambda_2e8a7d3640ea6ccb4c2413664c2db6fd>@@@Z@4HA 000000018002968c     libucrt:mbctype.obj
 0004:0000168c       $pdata$?fin$0@?0???$?RV<lambda_7777bce6b2f8c936911f934f8298dc43>@@AEAV<lambda_f03950bc5685219e0bcd2087efbe011e>@@V<lambda_3883c3dff614d5e0c5f61bb1ac94921c>@@@?$__crt_seh_guarded_call@H@@QEAAH$$QEAV<lambda_7777bce6b2f8c936911f934f8298dc43>@@AEAV<lambda_f03950bc5685219e0bcd2087efbe011e>@@$$QEAV<lambda_3883c3dff614d5e0c5f61bb1ac94921c>@@@Z@4HA 000000018002968c     libucrt:onexit.obj
 0004:0000168c       $pdata$?fin$0@?0???$?RV<lambda_f2e299630e499de9f9a165e60fcd3db5>@@AEAV<lambda_2ae9d31cdba2644fcbeaf08da7c24588>@@V<lambda_40d01ff24d0e7b3814fdbdcee8eab3c7>@@@?$__crt_seh_guarded_call@X@@QEAAX$$QEAV<lambda_f2e299630e499de9f9a165e60fcd3db5>@@AEAV<lambda_2ae9d31cdba2644fcbeaf08da7c24588>@@$$QEAV<lambda_40d01ff24d0e7b3814fdbdcee8eab3c7>@@@Z@4HA 000000018002968c     libucrt:per_thread_data.obj
 0004:0000168c       $pdata$?fin$0@?0???$?RV<lambda_2d41944a1d46af3157314b8a01080d33>@@AEAV<lambda_8f455de75cd7d7f24b4096f044d8b9e6>@@V<lambda_aa500f224e6afead328df44964fe2772>@@@?$__crt_seh_guarded_call@X@@QEAAX$$QEAV<lambda_2d41944a1d46af3157314b8a01080d33>@@AEAV<lambda_8f455de75cd7d7f24b4096f044d8b9e6>@@$$QEAV<lambda_aa500f224e6afead328df44964fe2772>@@@Z@4HA 000000018002968c     libucrt:per_thread_data.obj
 0004:00001698       $pdata$?filt$0@?0???R<lambda_6e4b09c48022b2350581041d5f6b0c4c>@@QEBA@XZ@4HA 0000000180029698     libucrt:exit.obj
 0004:000016a4       $pdata$?fin$0@?0???$?RV<lambda_c376a267cfb53b6959b3b692ec76b120>@@AEAV<lambda_9a32fed5bf61b6b509b2d3f6003082a1>@@V<lambda_572fbb9fa0ab338edf41edfd4b5fcc8d>@@@?$__crt_seh_guarded_call@H@@QEAAH$$QEAV<lambda_c376a267cfb53b6959b3b692ec76b120>@@AEAV<lambda_9a32fed5bf61b6b509b2d3f6003082a1>@@$$QEAV<lambda_572fbb9fa0ab338edf41edfd4b5fcc8d>@@@Z@4HA 00000001800296a4     libucrt:fflush.obj
 0004:000016a4       $pdata$?fin$0@?0???$?RV<lambda_842d9ff0dc9ef11c61343bbaebe7f885>@@AEAV<lambda_c5860995281e5c4ce005b3de8f5874ee>@@V<lambda_d90129c13df834fdcbf8d2b88dafcf2d>@@@?$__crt_seh_guarded_call@X@@QEAAX$$QEAV<lambda_842d9ff0dc9ef11c61343bbaebe7f885>@@AEAV<lambda_c5860995281e5c4ce005b3de8f5874ee>@@$$QEAV<lambda_d90129c13df834fdcbf8d2b88dafcf2d>@@@Z@4HA 00000001800296a4     libucrt:fflush.obj
 0004:000016a4       $pdata$?fin$0@?0???$?RV<lambda_0d412022a4b28cc8a401ea49574e8ae6>@@AEAV<lambda_a775ed57af18ba8e4d5dc780aa9068fe>@@V<lambda_975a71a6baa488a08f4e15f6b0339b9e>@@@?$__crt_seh_guarded_call@H@@QEAAH$$QEAV<lambda_0d412022a4b28cc8a401ea49574e8ae6>@@AEAV<lambda_a775ed57af18ba8e4d5dc780aa9068fe>@@$$QEAV<lambda_975a71a6baa488a08f4e15f6b0339b9e>@@@Z@4HA 00000001800296a4     libucrt:output.obj
 0004:000016a4       $pdata$?fin$0@?0???$?RV<lambda_84ec643ea9557e2f7dc01bb0e9624395>@@AEAV<lambda_ca71763b3c0644891230e4f79ea54fa6>@@V<lambda_439a761618c59b0600e24586724d733b>@@@?$__crt_seh_guarded_call@H@@QEAAH$$QEAV<lambda_84ec643ea9557e2f7dc01bb0e9624395>@@AEAV<lambda_ca71763b3c0644891230e4f79ea54fa6>@@$$QEAV<lambda_439a761618c59b0600e24586724d733b>@@@Z@4HA 00000001800296a4     libucrt:setvbuf.obj
 0004:000016b0       $pdata$?fin$0@?0???$?RV<lambda_410d79af7f07d98d83a3f525b3859a53>@@AEAV<lambda_3e16ef9562a7dcce91392c22ab16ea36>@@V<lambda_38119f0e861e05405d8a144b9b982f0a>@@@?$__crt_seh_guarded_call@X@@QEAAX$$QEAV<lambda_410d79af7f07d98d83a3f525b3859a53>@@AEAV<lambda_3e16ef9562a7dcce91392c22ab16ea36>@@$$QEAV<lambda_38119f0e861e05405d8a144b9b982f0a>@@@Z@4HA 00000001800296b0     libucrt:wsetlocale.obj
 0004:000016bc       $pdata$?fin$0@?0???$?RV<lambda_886d6c58226a84441f68b9f2b8217b83>@@AEAV<lambda_ab61a845afdef5b7c387490eaf3616ee>@@V<lambda_f7f22ab5edc0698d5f6905b0d3f44752>@@@?$__crt_seh_guarded_call@X@@QEAAX$$QEAV<lambda_886d6c58226a84441f68b9f2b8217b83>@@AEAV<lambda_ab61a845afdef5b7c387490eaf3616ee>@@$$QEAV<lambda_f7f22ab5edc0698d5f6905b0d3f44752>@@@Z@4HA 00000001800296bc     libucrt:fflush.obj
 0004:000016c8       $pdata$raise$fin$0         00000001800296c8     libucrt:signal.obj
 0004:000016d4       $pdata$?fin$0@?0??update_thread_multibyte_data_internal@@YAPEAU__crt_multibyte_data@@QEAU__acrt_ptd@@QEAPEAU1@@Z@4HA 00000001800296d4     libucrt:mbctype.obj
 0004:000016e0       $pdata$__acrt_lowio_ensure_fh_exists$fin$0 00000001800296e0     libucrt:osfinfo.obj
 0004:000016e0       $pdata$__acrt_initialize_lowio$fin$0 00000001800296e0     libucrt:ioinit.obj
 0004:000016ec       $pdata$__acrt_update_thread_locale_data$fin$0 00000001800296ec     libucrt:locale_refcounting.obj
 0004:000016f8       $pdata$_fcloseall$fin$0    00000001800296f8     libucrt:closeall.obj
 0004:00001704       $pdata$?fin$0@?0???$?RV<lambda_a37b2b86f63e897a80ea819b0eb08c01>@@AEAV<lambda_38ce7e780aa69e748d6df282ebc68efe>@@V<lambda_99fb1378e971ab6e7edea83e3a7a83a2>@@@?$__crt_seh_guarded_call@H@@QEAAH$$QEAV<lambda_a37b2b86f63e897a80ea819b0eb08c01>@@AEAV<lambda_38ce7e780aa69e748d6df282ebc68efe>@@$$QEAV<lambda_99fb1378e971ab6e7edea83e3a7a83a2>@@@Z@4HA 0000000180029704     libucrt:commit.obj
 0004:00001704       $pdata$?fin$0@?0???$?RV<lambda_751a882b2c74d4b022dec766aa51a29a>@@AEAV<lambda_628dfdc04ba53c8bfc02c9951375f3f5>@@V<lambda_f6c7be5f7998530c34de24c7437d6b54>@@@?$__crt_seh_guarded_call@H@@QEAAH$$QEAV<lambda_751a882b2c74d4b022dec766aa51a29a>@@AEAV<lambda_628dfdc04ba53c8bfc02c9951375f3f5>@@$$QEAV<lambda_f6c7be5f7998530c34de24c7437d6b54>@@@Z@4HA 0000000180029704     libucrt:close.obj
 0004:00001710       $pdata$_write$fin$0        0000000180029710     libucrt:write.obj
 0004:00001710       $pdata$?fin$0@?0???$common_lseek@_J@@YA_JH_JH@Z@4HA 0000000180029710     libucrt:lseek.obj
 0004:0000171c       $pdata$fclose$fin$0        000000018002971c     libucrt:fclose.obj
 0004:00001728       $pdata$_ctrlfp$filt$0      0000000180029728     libucrt:fpctrl.obj
 0004:00001734       $pdata$_IsNonwritableInCurrentImage$filt$0 0000000180029734     LIBCMT:pesect.obj
 0005:00000060       $R000000                   000000018002a060     * linker generated manifest res *

 Exports

  ordinal    name

        1    _register_HID_
